Archive member included to satisfy reference by file (symbol)

d:/programs/mcuxpressoide_11.6.1_8255/ide/plugins/com.nxp.mcuxpresso.tools.win32_11.6.1.202207200623/tools/bin/../lib/gcc/arm-none-eabi/10.3.1/../../../../arm-none-eabi/lib/thumb/v7e-m+fp/hard\libcr_nohost_nf.a(_cr__main.o)
                              ./startup/startup_mk22f51212.o (__main)
d:/programs/mcuxpressoide_11.6.1_8255/ide/plugins/com.nxp.mcuxpresso.tools.win32_11.6.1.202207200623/tools/bin/../lib/gcc/arm-none-eabi/10.3.1/../../../../arm-none-eabi/lib/thumb/v7e-m+fp/hard\libcr_c.a(memcpy.o)
                              ./utilities/fsl_debug_console.o (memcpy)
d:/programs/mcuxpressoide_11.6.1_8255/ide/plugins/com.nxp.mcuxpresso.tools.win32_11.6.1.202207200623/tools/bin/../lib/gcc/arm-none-eabi/10.3.1/../../../../arm-none-eabi/lib/thumb/v7e-m+fp/hard\libcr_c.a(memset.o)
                              ./drivers/fsl_adc16.o (memset)
d:/programs/mcuxpressoide_11.6.1_8255/ide/plugins/com.nxp.mcuxpresso.tools.win32_11.6.1.202207200623/tools/bin/../lib/gcc/arm-none-eabi/10.3.1/../../../../arm-none-eabi/lib/thumb/v7e-m+fp/hard\libcr_c.a(alloc.o)
                              ./drivers/fsl_common.o (malloc)
d:/programs/mcuxpressoide_11.6.1_8255/ide/plugins/com.nxp.mcuxpresso.tools.win32_11.6.1.202207200623/tools/bin/../lib/gcc/arm-none-eabi/10.3.1/../../../../arm-none-eabi/lib/thumb/v7e-m+fp/hard\libcr_c.a(initio.o)
                              d:/programs/mcuxpressoide_11.6.1_8255/ide/plugins/com.nxp.mcuxpresso.tools.win32_11.6.1.202207200623/tools/bin/../lib/gcc/arm-none-eabi/10.3.1/../../../../arm-none-eabi/lib/thumb/v7e-m+fp/hard\libcr_nohost_nf.a(_cr__main.o) (_initio)
d:/programs/mcuxpressoide_11.6.1_8255/ide/plugins/com.nxp.mcuxpresso.tools.win32_11.6.1.202207200623/tools/bin/../lib/gcc/arm-none-eabi/10.3.1/../../../../arm-none-eabi/lib/thumb/v7e-m+fp/hard\libcr_c.a(setvbuf.o)
                              d:/programs/mcuxpressoide_11.6.1_8255/ide/plugins/com.nxp.mcuxpresso.tools.win32_11.6.1.202207200623/tools/bin/../lib/gcc/arm-none-eabi/10.3.1/../../../../arm-none-eabi/lib/thumb/v7e-m+fp/hard\libcr_c.a(initio.o) (setvbuf)
d:/programs/mcuxpressoide_11.6.1_8255/ide/plugins/com.nxp.mcuxpresso.tools.win32_11.6.1.202207200623/tools/bin/../lib/gcc/arm-none-eabi/10.3.1/../../../../arm-none-eabi/lib/thumb/v7e-m+fp/hard\libcr_c.a(strlen.o)
                              ./utilities/fsl_debug_console.o (strlen)
d:/programs/mcuxpressoide_11.6.1_8255/ide/plugins/com.nxp.mcuxpresso.tools.win32_11.6.1.202207200623/tools/bin/../lib/gcc/arm-none-eabi/10.3.1/../../../../arm-none-eabi/lib/thumb/v7e-m+fp/hard\libcr_c.a(__init_alloc.o)
                              d:/programs/mcuxpressoide_11.6.1_8255/ide/plugins/com.nxp.mcuxpresso.tools.win32_11.6.1.202207200623/tools/bin/../lib/gcc/arm-none-eabi/10.3.1/../../../../arm-none-eabi/lib/thumb/v7e-m+fp/hard\libcr_c.a(alloc.o) (__heaps)
d:/programs/mcuxpressoide_11.6.1_8255/ide/plugins/com.nxp.mcuxpresso.tools.win32_11.6.1.202207200623/tools/bin/../lib/gcc/arm-none-eabi/10.3.1/../../../../arm-none-eabi/lib/thumb/v7e-m+fp/hard\libcr_c.a(_cr_sbrk.o)
                              d:/programs/mcuxpressoide_11.6.1_8255/ide/plugins/com.nxp.mcuxpresso.tools.win32_11.6.1.202207200623/tools/bin/../lib/gcc/arm-none-eabi/10.3.1/../../../../arm-none-eabi/lib/thumb/v7e-m+fp/hard\libcr_c.a(alloc.o) (_sbrk)
d:/programs/mcuxpressoide_11.6.1_8255/ide/plugins/com.nxp.mcuxpresso.tools.win32_11.6.1.202207200623/tools/bin/../lib/gcc/arm-none-eabi/10.3.1/../../../../arm-none-eabi/lib/thumb/v7e-m+fp/hard\libcr_c.a(_fdopen.o)
                              d:/programs/mcuxpressoide_11.6.1_8255/ide/plugins/com.nxp.mcuxpresso.tools.win32_11.6.1.202207200623/tools/bin/../lib/gcc/arm-none-eabi/10.3.1/../../../../arm-none-eabi/lib/thumb/v7e-m+fp/hard\libcr_c.a(initio.o) (_fdopen)
d:/programs/mcuxpressoide_11.6.1_8255/ide/plugins/com.nxp.mcuxpresso.tools.win32_11.6.1.202207200623/tools/bin/../lib/gcc/arm-none-eabi/10.3.1/../../../../arm-none-eabi/lib/thumb/v7e-m+fp/hard\libcr_c.a(errno.o)
                              d:/programs/mcuxpressoide_11.6.1_8255/ide/plugins/com.nxp.mcuxpresso.tools.win32_11.6.1.202207200623/tools/bin/../lib/gcc/arm-none-eabi/10.3.1/../../../../arm-none-eabi/lib/thumb/v7e-m+fp/hard\libcr_c.a(_cr_sbrk.o) (errno)
d:/programs/mcuxpressoide_11.6.1_8255/ide/plugins/com.nxp.mcuxpresso.tools.win32_11.6.1.202207200623/tools/bin/../lib/gcc/arm-none-eabi/10.3.1/../../../../arm-none-eabi/lib/thumb/v7e-m+fp/hard\libcr_c.a(fclose.o)
                              d:/programs/mcuxpressoide_11.6.1_8255/ide/plugins/com.nxp.mcuxpresso.tools.win32_11.6.1.202207200623/tools/bin/../lib/gcc/arm-none-eabi/10.3.1/../../../../arm-none-eabi/lib/thumb/v7e-m+fp/hard\libcr_c.a(initio.o) (fclose)
d:/programs/mcuxpressoide_11.6.1_8255/ide/plugins/com.nxp.mcuxpresso.tools.win32_11.6.1.202207200623/tools/bin/../lib/gcc/arm-none-eabi/10.3.1/../../../../arm-none-eabi/lib/thumb/v7e-m+fp/hard\libcr_c.a(fflush.o)
[...]
Memory Configuration

Name             Origin             Length             Attributes
PROGRAM_FLASH    0x00000000         0x00080000         xr
SRAM_UPPER       0x20000000         0x00010000         xrw
SRAM_LOWER       0x1fff0000         0x00010000         xrw
*default*        0x00000000         0xffffffff

Linker script and memory map

LOAD ./utilities/fsl_assert.o
LOAD ./utilities/fsl_debug_console.o
LOAD ./startup/startup_mk22f51212.o
LOAD ./source/hello_world.o
LOAD ./source/semihost_hardfault.o
LOAD ./drivers/fsl_adc16.o
LOAD ./drivers/fsl_clock.o
LOAD ./drivers/fsl_common.o
LOAD ./drivers/fsl_common_arm.o
LOAD ./drivers/fsl_dmamux.o
LOAD ./drivers/fsl_edma.o
LOAD ./drivers/fsl_gpio.o
LOAD ./drivers/fsl_lpuart.o
LOAD ./drivers/fsl_smc.o
LOAD ./drivers/fsl_uart.o
LOAD ./device/system_MK22F51212.o
LOAD ./component/uart/fsl_adapter_uart.o
LOAD ./component/lists/fsl_component_generic_list.o
LOAD ./board/board.o
LOAD ./board/clock_config.o
LOAD ./board/pin_mux.o
START GROUP
LOAD d:/programs/mcuxpressoide_11.6.1_8255/ide/plugins/com.nxp.mcuxpresso.tools.win32_11.6.1.202207200623/tools/bin/../lib/gcc/arm-none-eabi/10.3.1/../../../../arm-none-eabi/lib/thumb/v7e-m+fp/hard\libcr_nohost_nf.a
LOAD d:/programs/mcuxpressoide_11.6.1_8255/ide/plugins/com.nxp.mcuxpresso.tools.win32_11.6.1.202207200623/tools/bin/../lib/gcc/arm-none-eabi/10.3.1/../../../../arm-none-eabi/lib/thumb/v7e-m+fp/hard\libcr_c.a
LOAD d:/programs/mcuxpressoide_11.6.1_8255/ide/plugins/com.nxp.mcuxpresso.tools.win32_11.6.1.202207200623/tools/bin/../lib/gcc/arm-none-eabi/10.3.1/thumb/v7e-m+fp/hard\libcr_eabihelpers.a
LOAD d:/programs/mcuxpressoide_11.6.1_8255/ide/plugins/com.nxp.mcuxpresso.tools.win32_11.6.1.202207200623/tools/bin/../lib/gcc/arm-none-eabi/10.3.1/thumb/v7e-m+fp/hard\libgcc.a
END GROUP
                0x00000000                __base_PROGRAM_FLASH = 0x0
                0x00000000                __base_Flash = 0x0
                0x00080000                __top_PROGRAM_FLASH = 0x80000
                0x00080000                __top_Flash = 0x80000
                0x20000000                __base_SRAM_UPPER = 0x20000000
                0x20000000                __base_RAM = 0x20000000
                0x20010000                __top_SRAM_UPPER = 0x20010000
                0x20010000                __top_RAM = 0x20010000
                0x1fff0000                __base_SRAM_LOWER = 0x1fff0000
                0x1fff0000                __base_RAM2 = 0x1fff0000
                0x20000000                __top_SRAM_LOWER = 0x20000000
                0x20000000                __top_RAM2 = 0x20000000

.text           0x00000000     0x2ffc
 FILL mask 0xff
                0x00000000                __vectors_start__ = ABSOLUTE (.)
 *(SORT_BY_ALIGNMENT(.isr_vector))
 .isr_vector    0x00000000      0x168 ./startup/startup_mk22f51212.o
                0x00000000                g_pfnVectors
                0x00000000                __Vectors
                0x00000168                . = ALIGN (0x4)
                0x00000168                __section_table_start = .
                0x00000168                __data_section_table = .
                0x00000168        0x4 LONG 0x2ffc LOADADDR (.data)
                0x0000016c        0x4 LONG 0x20000000 ADDR (.data)
                0x00000170        0x4 LONG 0xc SIZEOF (.data)
                0x00000174        0x4 LONG 0x2ffc LOADADDR (.data_RAM2)
                0x00000178        0x4 LONG 0x1fff0000 ADDR (.data_RAM2)
                0x0000017c        0x4 LONG 0x0 SIZEOF (.data_RAM2)
                0x00000180                __data_section_table_end = .
                0x00000180                __bss_section_table = .
                0x00000180        0x4 LONG 0x2000000c ADDR (.bss)
                0x00000184        0x4 LONG 0x32c SIZEOF (.bss)
                0x00000188        0x4 LONG 0x1fff0000 ADDR (.bss_RAM2)
                0x0000018c        0x4 LONG 0x0 SIZEOF (.bss_RAM2)
                0x00000190                __bss_section_table_end = .
                0x00000190                __section_table_end = .
 *(SORT_BY_ALIGNMENT(.after_vectors*))
 .after_vectors.reset
                0x00000190       0x4c ./startup/startup_mk22f51212.o
                0x00000190                ResetISR
 .after_vectors.init_data
                0x000001dc       0x1e ./startup/startup_mk22f51212.o
                0x000001dc                data_init
 .after_vectors.init_bss
                0x000001fa       0x12 ./startup/startup_mk22f51212.o
                0x000001fa                bss_init
 .after_vectors
                0x0000020c       0x14 ./startup/startup_mk22f51212.o
                0x0000020c                NMI_Handler
                0x00000210                MemManage_Handler
                0x00000212                BusFault_Handler
                0x00000214                UsageFault_Handler
                0x00000216                SVC_Handler
                0x00000218                DebugMon_Handler
                0x0000021a                PendSV_Handler
                0x0000021c                SysTick_Handler
                0x0000021e                FTM1_DriverIRQHandler
                0x0000021e                FTM2_DriverIRQHandler
                0x0000021e                PIT2_DriverIRQHandler
                0x0000021e                Reserved82_DriverIRQHandler
                0x0000021e                I2S0_Tx_DriverIRQHandler
                0x0000021e                RTC_Seconds_DriverIRQHandler
                0x0000021e                FTF_DriverIRQHandler
                0x0000021e                LLWU_DriverIRQHandler
                0x0000021e                MCM_DriverIRQHandler
                0x0000021e                MCG_DriverIRQHandler
                0x0000021e                DAC1_DriverIRQHandler
                0x0000021e                DMA_Error_DriverIRQHandler
                0x0000021e                CMP1_DriverIRQHandler
                0x0000021e                FTM0_DriverIRQHandler
                0x0000021e                IntDefaultHandler
                0x0000021e                USB0_DriverIRQHandler
                0x0000021e                PORTC_DriverIRQHandler
                0x0000021e                DAC0_DriverIRQHandler
                0x0000021e                UART2_ERR_DriverIRQHandler
                0x0000021e                LVD_LVW_DriverIRQHandler
                0x0000021e                LPTMR0_DriverIRQHandler
                0x0000021e                PIT0_DriverIRQHandler
                0x0000021e                RNG_DriverIRQHandler
                0x0000021e                Reserved53_DriverIRQHandler
                0x0000021e                UART0_ERR_DriverIRQHandler
                0x0000021e                Reserved71_DriverIRQHandler
                0x0000021e                ADC1_DriverIRQHandler
                0x0000021e                PORTA_DriverIRQHandler
                0x0000021e                PIT3_DriverIRQHandler
                0x0000021e                PIT1_DriverIRQHandler
                0x0000021e                WDOG_EWM_DriverIRQHandler
                0x0000021e                PDB0_DriverIRQHandler
                0x0000021e                Reserved83_DriverIRQHandler
                0x0000021e                Reserved61_DriverIRQHandler
                0x0000021e                RTC_DriverIRQHandler
                0x0000021e                I2S0_Rx_DriverIRQHandler
                0x0000021e                Read_Collision_DriverIRQHandler
                0x0000021e                Reserved54_DriverIRQHandler
                0x0000021e                SWI_DriverIRQHandler
                0x0000021e                SPI1_DriverIRQHandler
                0x0000021e                PORTB_DriverIRQHandler
                0x0000021e                I2C1_DriverIRQHandler
                0x0000021e                Reserved85_DriverIRQHandler
                0x0000021e                Reserved81_DriverIRQHandler
                0x0000021e                SPI0_DriverIRQHandler
                0x0000021e                ADC0_DriverIRQHandler
                0x0000021e                CMP0_DriverIRQHandler
                0x0000021e                FTM3_DriverIRQHandler
                0x0000021e                Reserved84_DriverIRQHandler
                0x0000021e                UART1_ERR_DriverIRQHandler
                0x0000021e                PORTD_DriverIRQHandler
                0x0000021e                Reserved70_DriverIRQHandler
                0x0000021e                Reserved86_DriverIRQHandler
                0x0000021e                PORTE_DriverIRQHandler
                0x0000021e                I2C0_DriverIRQHandler
                0x00000400                . = 0x400
 *fill*         0x00000220      0x1e0 ff
                0x00000400                PROVIDE (__FLASH_CONFIG_START__ = .)
 *(SORT_BY_ALIGNMENT(.FlashConfig))
 .FlashConfig   0x00000400       0x10 ./startup/startup_mk22f51212.o
                0x00000400                Flash_Config
                0x00000410                PROVIDE (__FLASH_CONFIG_END__ = .)
                0x00000001                ASSERT (! ((__FLASH_CONFIG_START__ == __FLASH_CONFIG_END__)), Linker Flash Config Support Enabled, but no .FlashConfig section provided within application)
 *(SORT_BY_ALIGNMENT(.text*))
 .text.__assertion_failed
                0x00000410       0x18 ./utilities/fsl_assert.o
                0x00000410                __assertion_failed
 .text.DbgConsole_Init
                0x00000428       0x74 ./utilities/fsl_debug_console.o
                0x00000428                DbgConsole_Init
 .text.DbgConsole_Vprintf
                0x0000049c       0x3c ./utilities/fsl_debug_console.o
                0x0000049c                DbgConsole_Vprintf
 .text.DbgConsole_Putchar
                0x000004d8       0x30 ./utilities/fsl_debug_console.o
                0x000004d8                DbgConsole_Putchar
 .text.DbgConsole_PrintfFormattedData
                0x00000508      0x3e0 ./utilities/fsl_debug_console.o
 .text.setCamCLK
                0x000008e8       0x30 ./source/hello_world.o
                0x000008e8                setCamCLK
 .text.setCamSI
                0x00000918       0x30 ./source/hello_world.o
                0x00000918                setCamSI
 .text.main     0x00000948       0x7c ./source/hello_world.o
                0x00000948                main
 .text.CLOCK_SetEr32kClock
                0x000009c4       0x30 ./drivers/fsl_clock.o
 .text.CLOCK_SetPllFllSelClock
                0x000009f4       0x38 ./drivers/fsl_clock.o
 .text.CLOCK_GetMcgExtClkFreq
                0x00000a2c       0x7c ./drivers/fsl_clock.o
 .text.CLOCK_GetFllExtRefClkFreq
                0x00000aa8       0xb0 ./drivers/fsl_clock.o
 .text.CLOCK_GetInternalRefClkSelectFreq
                0x00000b58       0x4c ./drivers/fsl_clock.o
 .text.CLOCK_GetFllRefClkFreq
                0x00000ba4       0x34 ./drivers/fsl_clock.o
 .text.CLOCK_GetOscRangeFromFreq
                0x00000bd8       0x3c ./drivers/fsl_clock.o
 .text.CLOCK_GetCoreSysClkFreq
                0x00000c14       0x28 ./drivers/fsl_clock.o
                0x00000c14                CLOCK_GetCoreSysClkFreq
 .text.CLOCK_SetSimConfig
                0x00000c3c       0x34 ./drivers/fsl_clock.o
                0x00000c3c                CLOCK_SetSimConfig
 .text.CLOCK_GetOutClkFreq
                0x00000c70       0x64 ./drivers/fsl_clock.o
                0x00000c70                CLOCK_GetOutClkFreq
 .text.CLOCK_GetFllFreq
                0x00000cd4       0x84 ./drivers/fsl_clock.o
                0x00000cd4                CLOCK_GetFllFreq
 .text.CLOCK_GetPll0Freq
                0x00000d58       0x78 ./drivers/fsl_clock.o
                0x00000d58                CLOCK_GetPll0Freq
 .text.CLOCK_SetExternalRefClkConfig
                0x00000dd0       0x6c ./drivers/fsl_clock.o
                0x00000dd0                CLOCK_SetExternalRefClkConfig
 .text.CLOCK_SetInternalRefClkConfig
                0x00000e3c      0x104 ./drivers/fsl_clock.o
                0x00000e3c                CLOCK_SetInternalRefClkConfig
 .text.CLOCK_EnablePll0
                0x00000f40       0x88 ./drivers/fsl_clock.o
                0x00000f40                CLOCK_EnablePll0
 .text.CLOCK_InitOsc0
                0x00000fc8       0x8c ./drivers/fsl_clock.o
                0x00000fc8                CLOCK_InitOsc0
 .text.CLOCK_SetPbeMode
                0x00001054       0xa8 ./drivers/fsl_clock.o
                0x00001054                CLOCK_SetPbeMode
 .text.CLOCK_BootToPeeMode
                0x000010fc       0x64 ./drivers/fsl_clock.o
                0x000010fc                CLOCK_BootToPeeMode
 .text.EDMA_HandleIRQ
                0x00001160      0x1c0 ./drivers/fsl_edma.o
                0x00001160                EDMA_HandleIRQ
 .text.DMA0_DriverIRQHandler
                0x00001320       0x1c ./drivers/fsl_edma.o
                0x00001320                DMA0_DriverIRQHandler
 .text.DMA1_DriverIRQHandler
                0x0000133c       0x1c ./drivers/fsl_edma.o
                0x0000133c                DMA1_DriverIRQHandler
 .text.DMA2_DriverIRQHandler
                0x00001358       0x1c ./drivers/fsl_edma.o
                0x00001358                DMA2_DriverIRQHandler
 .text.DMA3_DriverIRQHandler
                0x00001374       0x1c ./drivers/fsl_edma.o
                0x00001374                DMA3_DriverIRQHandler
 .text.DMA4_DriverIRQHandler
                0x00001390       0x1c ./drivers/fsl_edma.o
                0x00001390                DMA4_DriverIRQHandler
 .text.DMA5_DriverIRQHandler
                0x000013ac       0x1c ./drivers/fsl_edma.o
                0x000013ac                DMA5_DriverIRQHandler
 .text.DMA6_DriverIRQHandler
                0x000013c8       0x1c ./drivers/fsl_edma.o
                0x000013c8                DMA6_DriverIRQHandler
 .text.DMA7_DriverIRQHandler
                0x000013e4       0x1c ./drivers/fsl_edma.o
                0x000013e4                DMA7_DriverIRQHandler
 .text.DMA8_DriverIRQHandler
                0x00001400       0x1c ./drivers/fsl_edma.o
                0x00001400                DMA8_DriverIRQHandler
 .text.DMA9_DriverIRQHandler
                0x0000141c       0x1c ./drivers/fsl_edma.o
                0x0000141c                DMA9_DriverIRQHandler
 .text.DMA10_DriverIRQHandler
                0x00001438       0x1c ./drivers/fsl_edma.o
                0x00001438                DMA10_DriverIRQHandler
 .text.DMA11_DriverIRQHandler
                0x00001454       0x1c ./drivers/fsl_edma.o
                0x00001454                DMA11_DriverIRQHandler
 .text.DMA12_DriverIRQHandler
                0x00001470       0x1c ./drivers/fsl_edma.o
                0x00001470                DMA12_DriverIRQHandler
 .text.DMA13_DriverIRQHandler
                0x0000148c       0x1c ./drivers/fsl_edma.o
                0x0000148c                DMA13_DriverIRQHandler
 .text.DMA14_DriverIRQHandler
                0x000014a8       0x1c ./drivers/fsl_edma.o
                0x000014a8                DMA14_DriverIRQHandler
 .text.DMA15_DriverIRQHandler
                0x000014c4       0x1c ./drivers/fsl_edma.o
                0x000014c4                DMA15_DriverIRQHandler
 .text.GPIO_PinInit
                0x000014e0       0x64 ./drivers/fsl_gpio.o
                0x000014e0                GPIO_PinInit
 .text.LPUART0_DriverIRQHandler
                0x00001544       0x28 ./drivers/fsl_lpuart.o
                0x00001544                LPUART0_DriverIRQHandler
 .text.UART_GetInstance
                0x0000156c       0x54 ./drivers/fsl_uart.o
                0x0000156c                UART_GetInstance
 .text.UART_Init
                0x000015c0      0x294 ./drivers/fsl_uart.o
                0x000015c0                UART_Init
 .text.UART_GetDefaultConfig
                0x00001854       0x64 ./drivers/fsl_uart.o
                0x00001854                UART_GetDefaultConfig
 .text.UART_ReadBlocking
                0x000018b8       0xfc ./drivers/fsl_uart.o
                0x000018b8                UART_ReadBlocking
 .text.UART0_DriverIRQHandler
                0x000019b4       0x28 ./drivers/fsl_uart.o
                0x000019b4                UART0_DriverIRQHandler
 .text.UART1_DriverIRQHandler
                0x000019dc       0x28 ./drivers/fsl_uart.o
                0x000019dc                UART1_DriverIRQHandler
 .text.UART2_DriverIRQHandler
                0x00001a04       0x28 ./drivers/fsl_uart.o
                0x00001a04                UART2_DriverIRQHandler
 .text.SystemInit
                0x00001a2c       0x3c ./device/system_MK22F51212.o
                0x00001a2c                SystemInit
 .text.HAL_UartInit
                0x00001a68      0x114 ./component/uart/fsl_adapter_uart.o
                0x00001a68                HAL_UartInit
 .text.HAL_UartReceiveBlocking
                0x00001b7c       0x6c ./component/uart/fsl_adapter_uart.o
                0x00001b7c                HAL_UartReceiveBlocking
 .text.HAL_UartSendBlocking
                0x00001be8       0x64 ./component/uart/fsl_adapter_uart.o
                0x00001be8                HAL_UartSendBlocking
 .text.CLOCK_SetSimSafeDivs
                0x00001c4c       0x24 ./board/clock_config.o
 .text.CLOCK_SetXtal0Freq
                0x00001c70       0x20 ./board/clock_config.o
 .text.CLOCK_CONFIG_SetFllExtRefDiv
                0x00001c90       0x3c ./board/clock_config.o
 .text.BOARD_BootClockRUN
                0x00001ccc       0x60 ./board/clock_config.o
                0x00001ccc                BOARD_BootClockRUN
 .text.PORT_SetPinConfig
                0x00001d2c       0x38 ./board/pin_mux.o
 .text.BOARD_InitPins
                0x00001d64       0x6c ./board/pin_mux.o
                0x00001d64                BOARD_InitPins
 .text.LSCAN_CAM
                0x00001dd0       0xb4 ./board/pin_mux.o
                0x00001dd0                LSCAN_CAM
 .text._initio  0x00001e84       0x78 d:/programs/mcuxpressoide_11.6.1_8255/ide/plugins/com.nxp.mcuxpresso.tools.win32_11.6.1.202207200623/tools/bin/../lib/gcc/arm-none-eabi/10.3.1/../../../../arm-none-eabi/lib/thumb/v7e-m+fp/hard\libcr_c.a(initio.o)
                0x00001e84                _initio
 .text.fflush   0x00001efc       0x3c d:/programs/mcuxpressoide_11.6.1_8255/ide/plugins/com.nxp.mcuxpresso.tools.win32_11.6.1.202207200623/tools/bin/../lib/gcc/arm-none-eabi/10.3.1/../../../../arm-none-eabi/lib/thumb/v7e-m+fp/hard\libcr_c.a(fflush.o)
                0x00001efc                fflush
 .text.fseek    0x00001f38       0xfc d:/programs/mcuxpressoide_11.6.1_8255/ide/plugins/com.nxp.mcuxpresso.tools.win32_11.6.1.202207200623/tools/bin/../lib/gcc/arm-none-eabi/10.3.1/../../../../arm-none-eabi/lib/thumb/v7e-m+fp/hard\libcr_c.a(fseek.o)
                0x00001f38                fseek
 .text.ftell    0x00002034       0x44 d:/programs/mcuxpressoide_11.6.1_8255/ide/plugins/com.nxp.mcuxpresso.tools.win32_11.6.1.202207200623/tools/bin/../lib/gcc/arm-none-eabi/10.3.1/../../../../arm-none-eabi/lib/thumb/v7e-m+fp/hard\libcr_c.a(ftell.o)
                0x00002034                ftell
 .text._Cwritebuf
                0x00002078       0x6c d:/programs/mcuxpressoide_11.6.1_8255/ide/plugins/com.nxp.mcuxpresso.tools.win32_11.6.1.202207200623/tools/bin/../lib/gcc/arm-none-eabi/10.3.1/../../../../arm-none-eabi/lib/thumb/v7e-m+fp/hard\libcr_c.a(_writebuf.o)
                0x00002078                _Cwritebuf
 .text.DbgConsole_Printf
                0x000020e4       0x2c ./utilities/fsl_debug_console.o
                0x000020e4                DbgConsole_Printf
 .text.DbgConsole_PrintfPaddingCharacter
                0x00002110       0x40 ./utilities/fsl_debug_console.o
 .text.DbgConsole_ConvertRadixNumToString
                0x00002150       0xc2 ./utilities/fsl_debug_console.o
 .text.DMA0_IRQHandler
                0x00002212        0x8 ./startup/startup_mk22f51212.o
                0x00002212                DMA0_IRQHandler
 .text.DMA1_IRQHandler
                0x0000221a        0x8 ./startup/startup_mk22f51212.o
                0x0000221a                DMA1_IRQHandler
 .text.DMA2_IRQHandler
                0x00002222        0x8 ./startup/startup_mk22f51212.o
                0x00002222                DMA2_IRQHandler
 .text.DMA3_IRQHandler
                0x0000222a        0x8 ./startup/startup_mk22f51212.o
                0x0000222a                DMA3_IRQHandler
 .text.DMA4_IRQHandler
                0x00002232        0x8 ./startup/startup_mk22f51212.o
                0x00002232                DMA4_IRQHandler
 .text.DMA5_IRQHandler
                0x0000223a        0x8 ./startup/startup_mk22f51212.o
                0x0000223a                DMA5_IRQHandler
 .text.DMA6_IRQHandler
                0x00002242        0x8 ./startup/startup_mk22f51212.o
                0x00002242                DMA6_IRQHandler
 .text.DMA7_IRQHandler
                0x0000224a        0x8 ./startup/startup_mk22f51212.o
                0x0000224a                DMA7_IRQHandler
 .text.DMA8_IRQHandler
                0x00002252        0x8 ./startup/startup_mk22f51212.o
                0x00002252                DMA8_IRQHandler
 .text.DMA9_IRQHandler
                0x0000225a        0x8 ./startup/startup_mk22f51212.o
                0x0000225a                DMA9_IRQHandler
 .text.DMA10_IRQHandler
                0x00002262        0x8 ./startup/startup_mk22f51212.o
                0x00002262                DMA10_IRQHandler
 .text.DMA11_IRQHandler
                0x0000226a        0x8 ./startup/startup_mk22f51212.o
                0x0000226a                DMA11_IRQHandler
 .text.DMA12_IRQHandler
                0x00002272        0x8 ./startup/startup_mk22f51212.o
                0x00002272                DMA12_IRQHandler
 .text.DMA13_IRQHandler
                0x0000227a        0x8 ./startup/startup_mk22f51212.o
                0x0000227a                DMA13_IRQHandler
 .text.DMA14_IRQHandler
                0x00002282        0x8 ./startup/startup_mk22f51212.o
                0x00002282                DMA14_IRQHandler
 .text.DMA15_IRQHandler
                0x0000228a        0x8 ./startup/startup_mk22f51212.o
                0x0000228a                DMA15_IRQHandler
 .text.DMA_Error_IRQHandler
                0x00002292        0x8 ./startup/startup_mk22f51212.o
                0x00002292                DMA_Error_IRQHandler
 .text.MCM_IRQHandler
                0x0000229a        0x8 ./startup/startup_mk22f51212.o
                0x0000229a                MCM_IRQHandler
 .text.FTF_IRQHandler
                0x000022a2        0x8 ./startup/startup_mk22f51212.o
                0x000022a2                FTF_IRQHandler
 .text.Read_Collision_IRQHandler
                0x000022aa        0x8 ./startup/startup_mk22f51212.o
                0x000022aa                Read_Collision_IRQHandler
 .text.LVD_LVW_IRQHandler
                0x000022b2        0x8 ./startup/startup_mk22f51212.o
                0x000022b2                LVD_LVW_IRQHandler
 .text.LLWU_IRQHandler
                0x000022ba        0x8 ./startup/startup_mk22f51212.o
                0x000022ba                LLWU_IRQHandler
 .text.WDOG_EWM_IRQHandler
                0x000022c2        0x8 ./startup/startup_mk22f51212.o
                0x000022c2                WDOG_EWM_IRQHandler
 .text.RNG_IRQHandler
                0x000022ca        0x8 ./startup/startup_mk22f51212.o
                0x000022ca                RNG_IRQHandler
 .text.I2C0_IRQHandler
                0x000022d2        0x8 ./startup/startup_mk22f51212.o
                0x000022d2                I2C0_IRQHandler
 .text.I2C1_IRQHandler
                0x000022da        0x8 ./startup/startup_mk22f51212.o
                0x000022da                I2C1_IRQHandler
 .text.SPI0_IRQHandler
                0x000022e2        0x8 ./startup/startup_mk22f51212.o
                0x000022e2                SPI0_IRQHandler
 .text.SPI1_IRQHandler
                0x000022ea        0x8 ./startup/startup_mk22f51212.o
                0x000022ea                SPI1_IRQHandler
 .text.I2S0_Tx_IRQHandler
                0x000022f2        0x8 ./startup/startup_mk22f51212.o
                0x000022f2                I2S0_Tx_IRQHandler
 .text.I2S0_Rx_IRQHandler
                0x000022fa        0x8 ./startup/startup_mk22f51212.o
                0x000022fa                I2S0_Rx_IRQHandler
 .text.LPUART0_IRQHandler
                0x00002302        0x8 ./startup/startup_mk22f51212.o
                0x00002302                LPUART0_IRQHandler
 .text.UART0_RX_TX_IRQHandler
                0x0000230a        0x8 ./startup/startup_mk22f51212.o
                0x0000230a                UART0_RX_TX_IRQHandler
 .text.UART0_ERR_IRQHandler
                0x00002312        0x8 ./startup/startup_mk22f51212.o
                0x00002312                UART0_ERR_IRQHandler
 .text.UART1_RX_TX_IRQHandler
                0x0000231a        0x8 ./startup/startup_mk22f51212.o
                0x0000231a                UART1_RX_TX_IRQHandler
 .text.UART1_ERR_IRQHandler
                0x00002322        0x8 ./startup/startup_mk22f51212.o
                0x00002322                UART1_ERR_IRQHandler
 .text.UART2_RX_TX_IRQHandler
                0x0000232a        0x8 ./startup/startup_mk22f51212.o
                0x0000232a                UART2_RX_TX_IRQHandler
 .text.UART2_ERR_IRQHandler
                0x00002332        0x8 ./startup/startup_mk22f51212.o
                0x00002332                UART2_ERR_IRQHandler
 .text.Reserved53_IRQHandler
                0x0000233a        0x8 ./startup/startup_mk22f51212.o
                0x0000233a                Reserved53_IRQHandler
 .text.Reserved54_IRQHandler
                0x00002342        0x8 ./startup/startup_mk22f51212.o
                0x00002342                Reserved54_IRQHandler
 .text.ADC0_IRQHandler
                0x0000234a        0x8 ./startup/startup_mk22f51212.o
                0x0000234a                ADC0_IRQHandler
 .text.CMP0_IRQHandler
                0x00002352        0x8 ./startup/startup_mk22f51212.o
                0x00002352                CMP0_IRQHandler
 .text.CMP1_IRQHandler
                0x0000235a        0x8 ./startup/startup_mk22f51212.o
                0x0000235a                CMP1_IRQHandler
 .text.FTM0_IRQHandler
                0x00002362        0x8 ./startup/startup_mk22f51212.o
                0x00002362                FTM0_IRQHandler
 .text.FTM1_IRQHandler
                0x0000236a        0x8 ./startup/startup_mk22f51212.o
                0x0000236a                FTM1_IRQHandler
 .text.FTM2_IRQHandler
                0x00002372        0x8 ./startup/startup_mk22f51212.o
                0x00002372                FTM2_IRQHandler
 .text.Reserved61_IRQHandler
                0x0000237a        0x8 ./startup/startup_mk22f51212.o
                0x0000237a                Reserved61_IRQHandler
 .text.RTC_IRQHandler
                0x00002382        0x8 ./startup/startup_mk22f51212.o
                0x00002382                RTC_IRQHandler
 .text.RTC_Seconds_IRQHandler
                0x0000238a        0x8 ./startup/startup_mk22f51212.o
                0x0000238a                RTC_Seconds_IRQHandler
 .text.PIT0_IRQHandler
                0x00002392        0x8 ./startup/startup_mk22f51212.o
                0x00002392                PIT0_IRQHandler
 .text.PIT1_IRQHandler
                0x0000239a        0x8 ./startup/startup_mk22f51212.o
                0x0000239a                PIT1_IRQHandler
 .text.PIT2_IRQHandler
                0x000023a2        0x8 ./startup/startup_mk22f51212.o
                0x000023a2                PIT2_IRQHandler
 .text.PIT3_IRQHandler
                0x000023aa        0x8 ./startup/startup_mk22f51212.o
                0x000023aa                PIT3_IRQHandler
 .text.PDB0_IRQHandler
                0x000023b2        0x8 ./startup/startup_mk22f51212.o
                0x000023b2                PDB0_IRQHandler
 .text.USB0_IRQHandler
                0x000023ba        0x8 ./startup/startup_mk22f51212.o
                0x000023ba                USB0_IRQHandler
 .text.Reserved70_IRQHandler
                0x000023c2        0x8 ./startup/startup_mk22f51212.o
                0x000023c2                Reserved70_IRQHandler
 .text.Reserved71_IRQHandler
                0x000023ca        0x8 ./startup/startup_mk22f51212.o
                0x000023ca                Reserved71_IRQHandler
 .text.DAC0_IRQHandler
                0x000023d2        0x8 ./startup/startup_mk22f51212.o
                0x000023d2                DAC0_IRQHandler
 .text.MCG_IRQHandler
                0x000023da        0x8 ./startup/startup_mk22f51212.o
                0x000023da                MCG_IRQHandler
 .text.LPTMR0_IRQHandler
                0x000023e2        0x8 ./startup/startup_mk22f51212.o
                0x000023e2                LPTMR0_IRQHandler
 .text.PORTA_IRQHandler
                0x000023ea        0x8 ./startup/startup_mk22f51212.o
                0x000023ea                PORTA_IRQHandler
 .text.PORTB_IRQHandler
                0x000023f2        0x8 ./startup/startup_mk22f51212.o
                0x000023f2                PORTB_IRQHandler
 .text.PORTC_IRQHandler
                0x000023fa        0x8 ./startup/startup_mk22f51212.o
                0x000023fa                PORTC_IRQHandler
 .text.PORTD_IRQHandler
                0x00002402        0x8 ./startup/startup_mk22f51212.o
                0x00002402                PORTD_IRQHandler
 .text.PORTE_IRQHandler
                0x0000240a        0x8 ./startup/startup_mk22f51212.o
                0x0000240a                PORTE_IRQHandler
 .text.SWI_IRQHandler
                0x00002412        0x8 ./startup/startup_mk22f51212.o
                0x00002412                SWI_IRQHandler
 .text.Reserved81_IRQHandler
                0x0000241a        0x8 ./startup/startup_mk22f51212.o
                0x0000241a                Reserved81_IRQHandler
 .text.Reserved82_IRQHandler
                0x00002422        0x8 ./startup/startup_mk22f51212.o
                0x00002422                Reserved82_IRQHandler
 .text.Reserved83_IRQHandler
                0x0000242a        0x8 ./startup/startup_mk22f51212.o
                0x0000242a                Reserved83_IRQHandler
 .text.Reserved84_IRQHandler
                0x00002432        0x8 ./startup/startup_mk22f51212.o
                0x00002432                Reserved84_IRQHandler
 .text.Reserved85_IRQHandler
                0x0000243a        0x8 ./startup/startup_mk22f51212.o
                0x0000243a                Reserved85_IRQHandler
 .text.Reserved86_IRQHandler
                0x00002442        0x8 ./startup/startup_mk22f51212.o
                0x00002442                Reserved86_IRQHandler
 .text.FTM3_IRQHandler
                0x0000244a        0x8 ./startup/startup_mk22f51212.o
                0x0000244a                FTM3_IRQHandler
 .text.DAC1_IRQHandler
                0x00002452        0x8 ./startup/startup_mk22f51212.o
                0x00002452                DAC1_IRQHandler
 .text.ADC1_IRQHandler
                0x0000245a        0x8 ./startup/startup_mk22f51212.o
                0x0000245a                ADC1_IRQHandler
 .text.GPIO_PinWrite
                0x00002462       0x36 ./source/hello_world.o
 .text.getCamAO
                0x00002498       0x10 ./source/hello_world.o
                0x00002498                getCamAO
 .text.HardFault_Handler
                0x000024a8       0x2c ./source/semihost_hardfault.o
                0x000024a8                HardFault_Handler
 .text.OSC_SetExtRefClkConfig
                0x000024d4       0x40 ./drivers/fsl_clock.o
 .text.OSC_SetCapLoad
                0x00002514       0x34 ./drivers/fsl_clock.o
 .text.CLOCK_GetPll0RefFreq
                0x00002548        0xe ./drivers/fsl_clock.o
 .text.GPIO_PinWrite
                0x00002556       0x36 ./drivers/fsl_gpio.o
 .text.CLOCK_EnableClock
                0x0000258c       0x34 ./drivers/fsl_uart.o
 .text.UART_GetStatusFlags
                0x000025c0       0x48 ./drivers/fsl_uart.o
                0x000025c0                UART_GetStatusFlags
 .text.UART_ClearStatusFlags
                0x00002608       0x80 ./drivers/fsl_uart.o
                0x00002608                UART_ClearStatusFlags
 .text.UART_WriteBlocking
                0x00002688       0x50 ./drivers/fsl_uart.o
                0x00002688                UART_WriteBlocking
 .text.UART0_RX_TX_DriverIRQHandler
                0x000026d8       0x12 ./drivers/fsl_uart.o
                0x000026d8                UART0_RX_TX_DriverIRQHandler
 .text.UART1_RX_TX_DriverIRQHandler
                0x000026ea       0x12 ./drivers/fsl_uart.o
                0x000026ea                UART1_RX_TX_DriverIRQHandler
 .text.UART2_RX_TX_DriverIRQHandler
                0x000026fc       0x12 ./drivers/fsl_uart.o
                0x000026fc                UART2_RX_TX_DriverIRQHandler
 .text.SystemInitHook
                0x0000270e        0xe ./device/system_MK22F51212.o
                0x0000270e                SystemInitHook
 .text.HAL_UartGetStatus
                0x0000271c       0x22 ./component/uart/fsl_adapter_uart.o
 .text.BOARD_InitDebugConsole
                0x0000273e       0x22 ./board/board.o
                0x0000273e                BOARD_InitDebugConsole
 .text.BOARD_InitBootClocks
                0x00002760        0xc ./board/clock_config.o
                0x00002760                BOARD_InitBootClocks
 .text.CLOCK_EnableClock
                0x0000276c       0x34 ./board/pin_mux.o
 .text.PORT_SetPinMux
                0x000027a0       0x3a ./board/pin_mux.o
 .text.BOARD_InitBootPins
                0x000027da       0x10 ./board/pin_mux.o
                0x000027da                BOARD_InitBootPins
 .text.__main   0x000027ea        0xe d:/programs/mcuxpressoide_11.6.1_8255/ide/plugins/com.nxp.mcuxpresso.tools.win32_11.6.1.202207200623/tools/bin/../lib/gcc/arm-none-eabi/10.3.1/../../../../arm-none-eabi/lib/thumb/v7e-m+fp/hard\libcr_nohost_nf.a(_cr__main.o)
                0x000027ea                __main
 .text.memcpy   0x000027f8        0x4 d:/programs/mcuxpressoide_11.6.1_8255/ide/plugins/com.nxp.mcuxpresso.tools.win32_11.6.1.202207200623/tools/bin/../lib/gcc/arm-none-eabi/10.3.1/../../../../arm-none-eabi/lib/thumb/v7e-m+fp/hard\libcr_c.a(memcpy.o)
                0x000027f8                memcpy
 .text.memset   0x000027fc        0x4 d:/programs/mcuxpressoide_11.6.1_8255/ide/plugins/com.nxp.mcuxpresso.tools.win32_11.6.1.202207200623/tools/bin/../lib/gcc/arm-none-eabi/10.3.1/../../../../arm-none-eabi/lib/thumb/v7e-m+fp/hard\libcr_c.a(memset.o)
                0x000027fc                memset
 .text.free     0x00002800       0x30 d:/programs/mcuxpressoide_11.6.1_8255/ide/plugins/com.nxp.mcuxpresso.tools.win32_11.6.1.202207200623/tools/bin/../lib/gcc/arm-none-eabi/10.3.1/../../../../arm-none-eabi/lib/thumb/v7e-m+fp/hard\libcr_c.a(alloc.o)
                0x00002800                free
 .text.setvbuf  0x00002830       0x3e d:/programs/mcuxpressoide_11.6.1_8255/ide/plugins/com.nxp.mcuxpresso.tools.win32_11.6.1.202207200623/tools/bin/../lib/gcc/arm-none-eabi/10.3.1/../../../../arm-none-eabi/lib/thumb/v7e-m+fp/hard\libcr_c.a(setvbuf.o)
                0x00002830                setvbuf
 .text.strlen   0x0000286e       0x48 d:/programs/mcuxpressoide_11.6.1_8255/ide/plugins/com.nxp.mcuxpresso.tools.win32_11.6.1.202207200623/tools/bin/../lib/gcc/arm-none-eabi/10.3.1/../../../../arm-none-eabi/lib/thumb/v7e-m+fp/hard\libcr_c.a(strlen.o)
                0x0000286e                strlen
 .text._fdopen  0x000028b6       0x68 d:/programs/mcuxpressoide_11.6.1_8255/ide/plugins/com.nxp.mcuxpresso.tools.win32_11.6.1.202207200623/tools/bin/../lib/gcc/arm-none-eabi/10.3.1/../../../../arm-none-eabi/lib/thumb/v7e-m+fp/hard\libcr_c.a(_fdopen.o)
                0x000028b6                _fdopen
 .text.fclose   0x0000291e       0x58 d:/programs/mcuxpressoide_11.6.1_8255/ide/plugins/com.nxp.mcuxpresso.tools.win32_11.6.1.202207200623/tools/bin/../lib/gcc/arm-none-eabi/10.3.1/../../../../arm-none-eabi/lib/thumb/v7e-m+fp/hard\libcr_c.a(fclose.o)
                0x0000291e                fclose
 .text.remove   0x00002976       0x14 d:/programs/mcuxpressoide_11.6.1_8255/ide/plugins/com.nxp.mcuxpresso.tools.win32_11.6.1.202207200623/tools/bin/../lib/gcc/arm-none-eabi/10.3.1/../../../../arm-none-eabi/lib/thumb/v7e-m+fp/hard\libcr_c.a(remove.o)
                0x00002976                remove
 .text._do_fflush
                0x0000298a       0x40 d:/programs/mcuxpressoide_11.6.1_8255/ide/plugins/com.nxp.mcuxpresso.tools.win32_11.6.1.202207200623/tools/bin/../lib/gcc/arm-none-eabi/10.3.1/../../../../arm-none-eabi/lib/thumb/v7e-m+fp/hard\libcr_c.a(_do_fflush.o)
                0x0000298a                _do_fflush
 .text._fflush  0x000029ca       0x52 d:/programs/mcuxpressoide_11.6.1_8255/ide/plugins/com.nxp.mcuxpresso.tools.win32_11.6.1.202207200623/tools/bin/../lib/gcc/arm-none-eabi/10.3.1/../../../../arm-none-eabi/lib/thumb/v7e-m+fp/hard\libcr_c.a(_fflush.o)
                0x000029ca                _fflush
 .text._deferredlazyseek
                0x00002a1c       0x40 d:/programs/mcuxpressoide_11.6.1_8255/ide/plugins/com.nxp.mcuxpresso.tools.win32_11.6.1.202207200623/tools/bin/../lib/gcc/arm-none-eabi/10.3.1/../../../../arm-none-eabi/lib/thumb/v7e-m+fp/hard\libcr_c.a(_deferredlazyseek.o)
                0x00002a1c                _deferredlazyseek
 .text.__aeabi_memcpy
                0x00002a5c       0x34 d:/programs/mcuxpressoide_11.6.1_8255/ide/plugins/com.nxp.mcuxpresso.tools.win32_11.6.1.202207200623/tools/bin/../lib/gcc/arm-none-eabi/10.3.1/thumb/v7e-m+fp/hard\libcr_eabihelpers.a(memcpy.o)
                0x00002a5c                __aeabi_memcpy
                0x00002a66                __aeabi_memcpy8
                0x00002a66                __aeabi_memcpy4
 .text.__aeabi_memset_lowlevel
                0x00002a90       0x32 d:/programs/mcuxpressoide_11.6.1_8255/ide/plugins/com.nxp.mcuxpresso.tools.win32_11.6.1.202207200623/tools/bin/../lib/gcc/arm-none-eabi/10.3.1/thumb/v7e-m+fp/hard\libcr_eabihelpers.a(memcpy.o)
                0x00002a90                __aeabi_lowlevel_memset
 .text.__sys_close
                0x00002ac2        0x6 d:/programs/mcuxpressoide_11.6.1_8255/ide/plugins/com.nxp.mcuxpresso.tools.win32_11.6.1.202207200623/tools/bin/../lib/gcc/arm-none-eabi/10.3.1/../../../../arm-none-eabi/lib/thumb/v7e-m+fp/hard\libcr_nohost_nf.a(__sys_close.o)
                0x00002ac2                __sys_close
 .text.__sys_flen
                0x00002ac8        0x6 d:/programs/mcuxpressoide_11.6.1_8255/ide/plugins/com.nxp.mcuxpresso.tools.win32_11.6.1.202207200623/tools/bin/../lib/gcc/arm-none-eabi/10.3.1/../../../../arm-none-eabi/lib/thumb/v7e-m+fp/hard\libcr_nohost_nf.a(__sys_flen.o)
                0x00002ac8                __sys_flen
 .text.__sys_istty
                0x00002ace        0x6 d:/programs/mcuxpressoide_11.6.1_8255/ide/plugins/com.nxp.mcuxpresso.tools.win32_11.6.1.202207200623/tools/bin/../lib/gcc/arm-none-eabi/10.3.1/../../../../arm-none-eabi/lib/thumb/v7e-m+fp/hard\libcr_nohost_nf.a(__sys_istty.o)
                0x00002ace                __sys_istty
 .text.__sys_remove
                0x00002ad4        0x6 d:/programs/mcuxpressoide_11.6.1_8255/ide/plugins/com.nxp.mcuxpresso.tools.win32_11.6.1.202207200623/tools/bin/../lib/gcc/arm-none-eabi/10.3.1/../../../../arm-none-eabi/lib/thumb/v7e-m+fp/hard\libcr_nohost_nf.a(__sys_remove.o)
                0x00002ad4                __sys_remove
 .text.__sys_seek
                0x00002ada        0x6 d:/programs/mcuxpressoide_11.6.1_8255/ide/plugins/com.nxp.mcuxpresso.tools.win32_11.6.1.202207200623/tools/bin/../lib/gcc/arm-none-eabi/10.3.1/../../../../arm-none-eabi/lib/thumb/v7e-m+fp/hard\libcr_nohost_nf.a(__sys_seek.o)
                0x00002ada                __sys_seek
 .text.__sys_tmpnam
                0x00002ae0        0x6 d:/programs/mcuxpressoide_11.6.1_8255/ide/plugins/com.nxp.mcuxpresso.tools.win32_11.6.1.202207200623/tools/bin/../lib/gcc/arm-none-eabi/10.3.1/../../../../arm-none-eabi/lib/thumb/v7e-m+fp/hard\libcr_nohost_nf.a(__sys_tmpnam.o)
                0x00002ae0                __sys_tmpnam
 .text.__sys_write
                0x00002ae6        0x4 d:/programs/mcuxpressoide_11.6.1_8255/ide/plugins/com.nxp.mcuxpresso.tools.win32_11.6.1.202207200623/tools/bin/../lib/gcc/arm-none-eabi/10.3.1/../../../../arm-none-eabi/lib/thumb/v7e-m+fp/hard\libcr_nohost_nf.a(__sys_write.o)
                0x00002ae6                __sys_write
 *(SORT_BY_ALIGNMENT(.rodata) SORT_BY_ALIGNMENT(.rodata.*) SORT_BY_ALIGNMENT(.constdata) SORT_BY_ALIGNMENT(.constdata.*))
 *fill*         0x00002aea        0x2 ff
 .rodata.__assertion_failed.str1.4
                0x00002aec       0x14 ./utilities/fsl_assert.o
 .rodata.main.str1.4
                0x00002b00       0x1f ./source/hello_world.o
 *fill*         0x00002b1f        0x1 ff
 .rodata.CLOCK_GetMcgExtClkFreq.str1.4
                0x00002b20       0x49 ./drivers/fsl_clock.o
 *fill*         0x00002b69        0x3 ff
 .rodata.CLOCK_GetPll0Freq.str1.4
                0x00002b6c       0x1d ./drivers/fsl_clock.o
 *fill*         0x00002b89        0x3 ff
 .rodata.CLOCK_EnablePll0.str1.4
                0x00002b8c       0x1a ./drivers/fsl_clock.o
 *fill*         0x00002ba6        0x2 ff
 .rodata.CLOCK_SetPbeMode.str1.4
                0x00002ba8       0x1a ./drivers/fsl_clock.o
 *fill*         0x00002bc2        0x2 ff
 .rodata.CLOCK_BootToPeeMode.str1.4
                0x00002bc4       0x1a ./drivers/fsl_clock.o
 *fill*         0x00002bde        0x2 ff
 .rodata.fllFactorTable.1
                0x00002be0       0x10 ./drivers/fsl_clock.o
 .rodata.EDMA_HandleIRQ.str1.4
                0x00002bf0       0x21 ./drivers/fsl_edma.o
 *fill*         0x00002c11        0x3 ff
 .rodata.GPIO_PinInit.str1.4
                0x00002c14       0x20 ./drivers/fsl_gpio.o
 .rodata.s_uartBases
                0x00002c34        0xc ./drivers/fsl_uart.o
 .rodata.s_uartClock
                0x00002c40        0xc ./drivers/fsl_uart.o
 .rodata.UART_GetInstance.str1.4
                0x00002c4c       0x2b ./drivers/fsl_uart.o
 *fill*         0x00002c77        0x1 ff
 .rodata.UART_Init.str1.4
                0x00002c78       0xfb ./drivers/fsl_uart.o
 *fill*         0x00002d73        0x1 ff
 .rodata.UART_GetDefaultConfig.str1.4
                0x00002d74       0x20 ./drivers/fsl_uart.o
 .rodata.UART_ReadBlocking.str1.4
                0x00002d94       0x1e ./drivers/fsl_uart.o
 *fill*         0x00002db2        0x2 ff
 .rodata.s_UartAdapterBase
                0x00002db4        0xc ./component/uart/fsl_adapter_uart.o
 .rodata.HAL_UartInit.str1.4
                0x00002dc0       0xdd ./component/uart/fsl_adapter_uart.o
 *fill*         0x00002e9d        0x3 ff
 .rodata.HAL_UartReceiveBlocking.str1.4
                0x00002ea0       0x60 ./component/uart/fsl_adapter_uart.o
 .rodata.HAL_UartSendBlocking.str1.4
                0x00002f00       0x60 ./component/uart/fsl_adapter_uart.o
 .rodata.mcgConfig_BOARD_BootClockRUN
                0x00002f60        0xb ./board/clock_config.o
                0x00002f60                mcgConfig_BOARD_BootClockRUN
 *fill*         0x00002f6b        0x1 ff
 .rodata.simConfig_BOARD_BootClockRUN
                0x00002f6c        0x8 ./board/clock_config.o
                0x00002f6c                simConfig_BOARD_BootClockRUN
 .rodata.oscConfig_BOARD_BootClockRUN
                0x00002f74        0x8 ./board/clock_config.o
                0x00002f74                oscConfig_BOARD_BootClockRUN
 .rodata.PORT_SetPinConfig.str1.4
                0x00002f7c       0x75 ./board/pin_mux.o
 *fill*         0x00002ff1        0x3 ff
 .rodata.__num_Ciob_streams
                0x00002ff4        0x4 d:/programs/mcuxpressoide_11.6.1_8255/ide/plugins/com.nxp.mcuxpresso.tools.win32_11.6.1.202207200623/tools/bin/../lib/gcc/arm-none-eabi/10.3.1/../../../../arm-none-eabi/lib/thumb/v7e-m+fp/hard\libcr_nohost_nf.a(__ciob.o)
                0x00002ff4                __num_Ciob_streams
 .rodata._initio.str1.1
                0x00002ff8        0x4 d:/programs/mcuxpressoide_11.6.1_8255/ide/plugins/com.nxp.mcuxpresso.tools.win32_11.6.1.202207200623/tools/bin/../lib/gcc/arm-none-eabi/10.3.1/../../../../arm-none-eabi/lib/thumb/v7e-m+fp/hard\libcr_c.a(initio.o)
                0x00002ffc                . = ALIGN (0x4)
                0x00002ffc                _etext = .

.glue_7         0x00002ffc        0x0
 .glue_7        0x00002ffc        0x0 linker stubs

.glue_7t        0x00002ffc        0x0
 .glue_7t       0x00002ffc        0x0 linker stubs

.vfp11_veneer   0x00002ffc        0x0
 .vfp11_veneer  0x00002ffc        0x0 linker stubs

.v4_bx          0x00002ffc        0x0
 .v4_bx         0x00002ffc        0x0 linker stubs

.iplt           0x00002ffc        0x0
 .iplt          0x00002ffc        0x0 ./utilities/fsl_assert.o

.rel.dyn        0x00002ffc        0x0
 .rel.iplt      0x00002ffc        0x0 ./utilities/fsl_assert.o

.m_usb_data
 *(SORT_BY_ALIGNMENT(m_usb_bdt))

.data_RAM2      0x1fff0000        0x0 load address 0x00002ffc
 FILL mask 0xff
                [!provide]                PROVIDE (__start_data_RAM2 = .)
                [!provide]                PROVIDE (__start_data_SRAM_LOWER = .)
 *(SORT_BY_ALIGNMENT(.ramfunc.$RAM2))
 *(SORT_BY_ALIGNMENT(.ramfunc.$SRAM_LOWER))
 *(SORT_BY_ALIGNMENT(.data.$RAM2))
 *(SORT_BY_ALIGNMENT(.data.$SRAM_LOWER))
 *(SORT_BY_ALIGNMENT(.data.$RAM2.*))
 *(SORT_BY_ALIGNMENT(.data.$SRAM_LOWER.*))
                0x1fff0000                . = ALIGN (0x4)
                [!provide]                PROVIDE (__end_data_RAM2 = .)
                [!provide]                PROVIDE (__end_data_SRAM_LOWER = .)

.uninit_RESERVED
                0x20000000        0x0
                0x20000000                _start_uninit_RESERVED = .
 *(SORT_BY_ALIGNMENT(.bss.$RESERVED*))
                0x20000000                . = ALIGN (0x4)
                0x20000000                _end_uninit_RESERVED = .

.data           0x20000000        0xc load address 0x00002ffc
 FILL mask 0xff
                0x20000000                _data = .
                [!provide]                PROVIDE (__start_data_RAM = .)
                [!provide]                PROVIDE (__start_data_SRAM_UPPER = .)
 *(SORT_BY_ALIGNMENT(vtable))
 *(SORT_BY_ALIGNMENT(.ramfunc*))
 *(SORT_BY_ALIGNMENT(CodeQuickAccess))
 *(SORT_BY_ALIGNMENT(DataQuickAccess))
 *(SORT_BY_ALIGNMENT(RamFunction))
 *(SORT_BY_ALIGNMENT(.data*))
 .data.s_slowIrcFreq
                0x20000000        0x4 ./drivers/fsl_clock.o
 .data.s_fastIrcFreq
                0x20000004        0x4 ./drivers/fsl_clock.o
 .data.SystemCoreClock
                0x20000008        0x4 ./device/system_MK22F51212.o
                0x20000008                SystemCoreClock
                0x2000000c                . = ALIGN (0x4)
                0x2000000c                _edata = .
                [!provide]                PROVIDE (__end_data_RAM = .)
                [!provide]                PROVIDE (__end_data_SRAM_UPPER = .)

.igot.plt       0x2000000c        0x0 load address 0x00003008
 .igot.plt      0x2000000c        0x0 ./utilities/fsl_assert.o

.bss_RAM2       0x1fff0000        0x0
                [!provide]                PROVIDE (__start_bss_RAM2 = .)
                [!provide]                PROVIDE (__start_bss_SRAM_LOWER = .)
 *(SORT_BY_ALIGNMENT(.bss.$RAM2))
 *(SORT_BY_ALIGNMENT(.bss.$SRAM_LOWER))
 *(SORT_BY_ALIGNMENT(.bss.$RAM2.*))
 *(SORT_BY_ALIGNMENT(.bss.$SRAM_LOWER.*))
                0x1fff0000                . = ALIGN ((. != 0x0)?0x4:0x1)
                [!provide]                PROVIDE (__end_bss_RAM2 = .)
                [!provide]                PROVIDE (__end_bss_SRAM_LOWER = .)

.bss            0x2000000c      0x32c
                0x2000000c                _bss = .
                [!provide]                PROVIDE (__start_bss_RAM = .)
                [!provide]                PROVIDE (__start_bss_SRAM_UPPER = .)
 *(SORT_BY_ALIGNMENT(.bss*))
 .bss.s_debugConsole
                0x2000000c       0x14 ./utilities/fsl_debug_console.o
 .bss.Pixel     0x20000020      0x200 ./source/hello_world.o
                0x20000020                Pixel
 .bss.g_xtal0Freq
                0x20000220        0x4 ./drivers/fsl_clock.o
                0x20000220                g_xtal0Freq
 .bss.g_xtal32Freq
                0x20000224        0x4 ./drivers/fsl_clock.o
                0x20000224                g_xtal32Freq
 .bss.s_EDMAHandle
                0x20000228       0x40 ./drivers/fsl_edma.o
 .bss.s_lpuartHandle
                0x20000268        0x4 ./drivers/fsl_lpuart.o
                0x20000268                s_lpuartHandle
 .bss.s_lpuartIsr
                0x2000026c        0x4 ./drivers/fsl_lpuart.o
                0x2000026c                s_lpuartIsr
 .bss.s_uartHandle
                0x20000270        0xc ./drivers/fsl_uart.o
                0x20000270                s_uartHandle
 .bss.s_uartIsr
                0x2000027c        0x4 ./drivers/fsl_uart.o
                0x2000027c                s_uartIsr
 .bss.errno     0x20000280        0x4 d:/programs/mcuxpressoide_11.6.1_8255/ide/plugins/com.nxp.mcuxpresso.tools.win32_11.6.1.202207200623/tools/bin/../lib/gcc/arm-none-eabi/10.3.1/../../../../arm-none-eabi/lib/thumb/v7e-m+fp/hard\libcr_c.a(errno.o)
                0x20000280                errno
 .bss.__Ciob    0x20000284       0xb4 d:/programs/mcuxpressoide_11.6.1_8255/ide/plugins/com.nxp.mcuxpresso.tools.win32_11.6.1.202207200623/tools/bin/../lib/gcc/arm-none-eabi/10.3.1/../../../../arm-none-eabi/lib/thumb/v7e-m+fp/hard\libcr_nohost_nf.a(__ciob.o)
                0x20000284                __Ciob
 *(SORT_BY_ALIGNMENT(COMMON))
                0x20000338                . = ALIGN (0x4)
                0x20000338                _ebss = .
                [!provide]                PROVIDE (__end_bss_RAM = .)
                [!provide]                PROVIDE (__end_bss_SRAM_UPPER = .)
                [!provide]                PROVIDE (end = .)

.noinit_RAM2    0x1fff0000        0x0
                [!provide]                PROVIDE (__start_noinit_RAM2 = .)
                [!provide]                PROVIDE (__start_noinit_SRAM_LOWER = .)
 *(SORT_BY_ALIGNMENT(.noinit.$RAM2))
 *(SORT_BY_ALIGNMENT(.noinit.$SRAM_LOWER))
 *(SORT_BY_ALIGNMENT(.noinit.$RAM2.*))
 *(SORT_BY_ALIGNMENT(.noinit.$SRAM_LOWER.*))
                0x1fff0000                . = ALIGN (0x4)
                [!provide]                PROVIDE (__end_noinit_RAM2 = .)
                [!provide]                PROVIDE (__end_noinit_SRAM_LOWER = .)

.noinit         0x20000338        0x0
                0x20000338                _noinit = .
                [!provide]                PROVIDE (__start_noinit_RAM = .)
                [!provide]                PROVIDE (__start_noinit_SRAM_UPPER = .)
 *(SORT_BY_ALIGNMENT(.noinit*))
                0x20000338                . = ALIGN (0x4)
                0x20000338                _end_noinit = .
                [!provide]                PROVIDE (__end_noinit_RAM = .)
                [!provide]                PROVIDE (__end_noinit_SRAM_UPPER = .)

.ARM.extab
 *(SORT_BY_ALIGNMENT(.ARM.extab*) SORT_BY_ALIGNMENT(.gnu.linkonce.armextab.*))

.ARM.exidx      0x00003008        0x0
                0x00003008                __exidx_start = .
 *(SORT_BY_ALIGNMENT(.ARM.exidx*) SORT_BY_ALIGNMENT(.gnu.linkonce.armexidx.*))
                0x00003008                __exidx_end = .
                0x00001000                _HeapSize = 0x1000

.heap           0x20000338     0x1000
                0x20000338                _pvHeapStart = .
                0x20001338                . = (. + _HeapSize)
 *fill*         0x20000338     0x1000 
                0x20001338                . = ALIGN (0x4)
                0x20001338                _pvHeapLimit = .
                0x00001000                _StackSize = 0x1000

.heap2stackfill
                0x20001338     0x1000
                0x20002338                . = (. + _StackSize)
 *fill*         0x20001338     0x1000 

.stack          0x2000f000        0x0
                0x2000f000                _vStackBase = .
                0x2000f000                . = ALIGN (0x4)
                0x20010000                _vStackTop = (. + _StackSize)
                0x00000000                _image_start = LOADADDR (.text)
                0x00003008                _image_end = (LOADADDR (.data) + SIZEOF (.data))
                0x00003008                _image_size = (_image_end - _image_start)
OUTPUT(frdmk22f_lscan_cam.axf elf32-littlearm)
LOAD linker stubs

.debug_info     0x00000000     0xcae9
 .debug_info    0x00000000       0xa3 ./utilities/fsl_assert.o
 .debug_info    0x000000a3      0xceb ./utilities/fsl_debug_console.o
 .debug_info    0x00000d8e      0x856 ./startup/startup_mk22f51212.o
 .debug_info    0x000015e4      0x4fe ./source/hello_world.o
 .debug_info    0x00001ae2       0x3c ./source/semihost_hardfault.o
 .debug_info    0x00001b1e     0x21d7 ./drivers/fsl_clock.o
 .debug_info    0x00003cf5     0x2397 ./drivers/fsl_edma.o
 .debug_info    0x0000608c      0x6be ./drivers/fsl_gpio.o
 .debug_info    0x0000674a     0x1d55 ./drivers/fsl_lpuart.o
 .debug_info    0x0000849f     0x1ed0 ./drivers/fsl_uart.o
 .debug_info    0x0000a36f      0x63a ./device/system_MK22F51212.o
 .debug_info    0x0000a9a9      0xb16 ./component/uart/fsl_adapter_uart.o
 .debug_info    0x0000b4bf       0xe7 ./board/board.o
 .debug_info    0x0000b5a6      0xc65 ./board/clock_config.o
 .debug_info    0x0000c20b      0x8de ./board/pin_mux.o

.debug_abbrev   0x00000000     0x1ea6
 .debug_abbrev  0x00000000       0x66 ./utilities/fsl_assert.o
 .debug_abbrev  0x00000066      0x24b ./utilities/fsl_debug_console.o
 .debug_abbrev  0x000002b1      0x185 ./startup/startup_mk22f51212.o
 .debug_abbrev  0x00000436      0x19e ./source/hello_world.o
 .debug_abbrev  0x000005d4       0x31 ./source/semihost_hardfault.o
 .debug_abbrev  0x00000605      0x359 ./drivers/fsl_clock.o
 .debug_abbrev  0x0000095e      0x3ba ./drivers/fsl_edma.o
 .debug_abbrev  0x00000d18      0x1a8 ./drivers/fsl_gpio.o
 .debug_abbrev  0x00000ec0      0x3ff ./drivers/fsl_lpuart.o
 .debug_abbrev  0x000012bf      0x41d ./drivers/fsl_uart.o
 .debug_abbrev  0x000016dc      0x148 ./device/system_MK22F51212.o
 .debug_abbrev  0x00001824      0x1c9 ./component/uart/fsl_adapter_uart.o
 .debug_abbrev  0x000019ed       0x85 ./board/board.o
 .debug_abbrev  0x00001a72      0x214 ./board/clock_config.o
 .debug_abbrev  0x00001c86      0x220 ./board/pin_mux.o

.debug_aranges  0x00000000      0xc18
 .debug_aranges
                0x00000000       0x20 ./utilities/fsl_assert.o
 .debug_aranges
                0x00000020       0x78 ./utilities/fsl_debug_console.o
 .debug_aranges
                0x00000098      0x2d0 ./startup/startup_mk22f51212.o
 .debug_aranges
                0x00000368       0x40 ./source/hello_world.o
 .debug_aranges
                0x000003a8       0x20 ./source/semihost_hardfault.o
 .debug_aranges
                0x000003c8      0x208 ./drivers/fsl_clock.o
 .debug_aranges
                0x000005d0      0x1f8 ./drivers/fsl_edma.o
 .debug_aranges
                0x000007c8       0x40 ./drivers/fsl_gpio.o
 .debug_aranges
                0x00000808      0x138 ./drivers/fsl_lpuart.o
 .debug_aranges
                0x00000940      0x188 ./drivers/fsl_uart.o
 .debug_aranges
                0x00000ac8       0x30 ./device/system_MK22F51212.o
 .debug_aranges
                0x00000af8       0x50 ./component/uart/fsl_adapter_uart.o
 .debug_aranges
                0x00000b48       0x20 ./board/board.o
 .debug_aranges
                0x00000b68       0x60 ./board/clock_config.o
 .debug_aranges
                0x00000bc8       0x50 ./board/pin_mux.o

.debug_ranges   0x00000000      0xb28
 .debug_ranges  0x00000000       0x10 ./utilities/fsl_assert.o
 .debug_ranges  0x00000010       0x68 ./utilities/fsl_debug_console.o
 .debug_ranges  0x00000078      0x2c0 ./startup/startup_mk22f51212.o
 .debug_ranges  0x00000338       0x30 ./source/hello_world.o
 .debug_ranges  0x00000368       0x10 ./source/semihost_hardfault.o
 .debug_ranges  0x00000378      0x1f8 ./drivers/fsl_clock.o
 .debug_ranges  0x00000570      0x1e8 ./drivers/fsl_edma.o
 .debug_ranges  0x00000758       0x30 ./drivers/fsl_gpio.o
 .debug_ranges  0x00000788      0x128 ./drivers/fsl_lpuart.o
 .debug_ranges  0x000008b0      0x178 ./drivers/fsl_uart.o
 .debug_ranges  0x00000a28       0x20 ./device/system_MK22F51212.o
 .debug_ranges  0x00000a48       0x40 ./component/uart/fsl_adapter_uart.o
 .debug_ranges  0x00000a88       0x10 ./board/board.o
 .debug_ranges  0x00000a98       0x50 ./board/clock_config.o
 .debug_ranges  0x00000ae8       0x40 ./board/pin_mux.o

.debug_macro    0x00000000     0xdd3b
 .debug_macro   0x00000000      0x123 ./utilities/fsl_assert.o
 .debug_macro   0x00000123      0xac6 ./utilities/fsl_assert.o
 .debug_macro   0x00000be9       0x10 ./utilities/fsl_assert.o
 .debug_macro   0x00000bf9       0x1c ./utilities/fsl_assert.o
 .debug_macro   0x00000c15       0x22 ./utilities/fsl_assert.o
 .debug_macro   0x00000c37      0x12e ./utilities/fsl_assert.o
 .debug_macro   0x00000d65      0x5b3 ./utilities/fsl_assert.o
 .debug_macro   0x00001318       0x22 ./utilities/fsl_assert.o
 .debug_macro   0x0000133a       0x10 ./utilities/fsl_assert.o
 .debug_macro   0x0000134a       0x57 ./utilities/fsl_assert.o
 .debug_macro   0x000013a1       0x1c ./utilities/fsl_assert.o
 .debug_macro   0x000013bd       0x22 ./utilities/fsl_assert.o
 .debug_macro   0x000013df       0xfb ./utilities/fsl_assert.o
 .debug_macro   0x000014da      0xeeb ./utilities/fsl_assert.o
 .debug_macro   0x000023c5       0x40 ./utilities/fsl_assert.o
 .debug_macro   0x00002405     0x8fa0 ./utilities/fsl_assert.o
 .debug_macro   0x0000b3a5     0x1287 ./utilities/fsl_assert.o
 .debug_macro   0x0000c62c       0x7a ./utilities/fsl_assert.o
 .debug_macro   0x0000c6a6       0xa8 ./utilities/fsl_assert.o
 .debug_macro   0x0000c74e      0x13c ./utilities/fsl_assert.o
 .debug_macro   0x0000c88a       0x1c ./utilities/fsl_assert.o
 .debug_macro   0x0000c8a6       0x1c ./utilities/fsl_assert.o
 .debug_macro   0x0000c8c2       0x22 ./utilities/fsl_assert.o
 .debug_macro   0x0000c8e4      0x149 ./utilities/fsl_debug_console.o
 .debug_macro   0x0000ca2d       0x16 ./utilities/fsl_debug_console.o
 .debug_macro   0x0000ca43       0x10 ./utilities/fsl_debug_console.o
 .debug_macro   0x0000ca53       0x28 ./utilities/fsl_debug_console.o
 .debug_macro   0x0000ca7b       0xc4 ./utilities/fsl_debug_console.o
 .debug_macro   0x0000cb3f       0x16 ./utilities/fsl_debug_console.o
 .debug_macro   0x0000cb55       0x16 ./utilities/fsl_debug_console.o
 .debug_macro   0x0000cb6b       0x46 ./utilities/fsl_debug_console.o
 .debug_macro   0x0000cbb1       0x29 ./startup/startup_mk22f51212.o
 .debug_macro   0x0000cbda      0x1de ./source/hello_world.o
 .debug_macro   0x0000cdb8       0x10 ./source/hello_world.o
 .debug_macro   0x0000cdc8       0x10 ./source/hello_world.o
 .debug_macro   0x0000cdd8       0x16 ./source/hello_world.o
 .debug_macro   0x0000cdee       0xa6 ./source/hello_world.o
 .debug_macro   0x0000ce94       0x22 ./source/hello_world.o
 .debug_macro   0x0000ceb6       0x16 ./source/hello_world.o
 .debug_macro   0x0000cecc      0x1f4 ./source/hello_world.o
 .debug_macro   0x0000d0c0       0x11 ./source/semihost_hardfault.o
 .debug_macro   0x0000d0d1      0x1d8 ./drivers/fsl_clock.o
 .debug_macro   0x0000d2a9      0x127 ./drivers/fsl_edma.o
 .debug_macro   0x0000d3d0       0x10 ./drivers/fsl_edma.o
 .debug_macro   0x0000d3e0      0x121 ./drivers/fsl_gpio.o
 .debug_macro   0x0000d501       0x10 ./drivers/fsl_gpio.o
 .debug_macro   0x0000d511      0x121 ./drivers/fsl_lpuart.o
 .debug_macro   0x0000d632       0x10 ./drivers/fsl_lpuart.o
 .debug_macro   0x0000d642      0x127 ./drivers/fsl_uart.o
 .debug_macro   0x0000d769       0x10 ./drivers/fsl_uart.o
 .debug_macro   0x0000d779       0x98 ./device/system_MK22F51212.o
 .debug_macro   0x0000d811      0x11e ./component/uart/fsl_adapter_uart.o
 .debug_macro   0x0000d92f       0x16 ./component/uart/fsl_adapter_uart.o
 .debug_macro   0x0000d945      0x14a ./board/board.o
 .debug_macro   0x0000da8f      0x153 ./board/clock_config.o
 .debug_macro   0x0000dbe2       0x1c ./board/clock_config.o
 .debug_macro   0x0000dbfe      0x127 ./board/pin_mux.o
 .debug_macro   0x0000dd25       0x16 ./board/pin_mux.o

.debug_line     0x00000000     0x878c
 .debug_line    0x00000000      0x3d4 ./utilities/fsl_assert.o
 .debug_line    0x000003d4      0xc8c ./utilities/fsl_debug_console.o
 .debug_line    0x00001060      0x7f4 ./startup/startup_mk22f51212.o
 .debug_line    0x00001854      0x5c6 ./source/hello_world.o
 .debug_line    0x00001e1a       0x59 ./source/semihost_hardfault.o
 .debug_line    0x00001e73     0x157f ./drivers/fsl_clock.o
 .debug_line    0x000033f2     0x13fa ./drivers/fsl_edma.o
 .debug_line    0x000047ec      0x439 ./drivers/fsl_gpio.o
 .debug_line    0x00004c25     0x100c ./drivers/fsl_lpuart.o
 .debug_line    0x00005c31     0x13a9 ./drivers/fsl_uart.o
 .debug_line    0x00006fda      0x40f ./device/system_MK22F51212.o
 .debug_line    0x000073e9      0x565 ./component/uart/fsl_adapter_uart.o
 .debug_line    0x0000794e      0x454 ./board/board.o
 .debug_line    0x00007da2      0x4e9 ./board/clock_config.o
 .debug_line    0x0000828b      0x501 ./board/pin_mux.o

.debug_str      0x00000000    0x5c220
 .debug_str     0x00000000    0x53705 ./utilities/fsl_assert.o
                              0x53793 (size before relaxing)
 .debug_str     0x00053705     0x1717 ./utilities/fsl_debug_console.o
                              0x54f20 (size before relaxing)
 .debug_str     0x00054e1c      0x6d6 ./startup/startup_mk22f51212.o
                               0x3581 (size before relaxing)
 .debug_str     0x000554f2     0x157f ./source/hello_world.o
                              0x55634 (size before relaxing)
 .debug_str     0x00056a71       0x1f ./source/semihost_hardfault.o
                               0x2e31 (size before relaxing)
 .debug_str     0x00056a90     0x1dc2 ./drivers/fsl_clock.o
                              0x55e4f (size before relaxing)
 .debug_str     0x00058852     0x157c ./drivers/fsl_edma.o
                              0x55973 (size before relaxing)
 .debug_str     0x00059dce      0x16c ./drivers/fsl_gpio.o
                              0x54184 (size before relaxing)
 .debug_str     0x00059f3a      0xf0a ./drivers/fsl_lpuart.o
                              0x5580c (size before relaxing)
 .debug_str     0x0005ae44      0x919 ./drivers/fsl_uart.o
                              0x556bb (size before relaxing)
 .debug_str     0x0005b75d      0x12a ./device/system_MK22F51212.o
                              0x51e4c (size before relaxing)
 .debug_str     0x0005b887       0xe9 ./component/uart/fsl_adapter_uart.o
                              0x54779 (size before relaxing)
 .debug_str     0x0005b970       0x37 ./board/board.o
                              0x545f5 (size before relaxing)
 .debug_str     0x0005b9a7      0x442 ./board/clock_config.o
                              0x548d0 (size before relaxing)
 .debug_str     0x0005bde9      0x437 ./board/pin_mux.o
                              0x54255 (size before relaxing)

.comment        0x00000000       0x49
 .comment       0x00000000       0x49 ./utilities/fsl_assert.o
                                 0x4a (size before relaxing)
 .comment       0x00000049       0x4a ./utilities/fsl_debug_console.o
 .comment       0x00000049       0x4a ./startup/startup_mk22f51212.o
 .comment       0x00000049       0x4a ./source/hello_world.o
 .comment       0x00000049       0x4a ./source/semihost_hardfault.o
 .comment       0x00000049       0x4a ./drivers/fsl_clock.o
 .comment       0x00000049       0x4a ./drivers/fsl_edma.o
 .comment       0x00000049       0x4a ./drivers/fsl_gpio.o
 .comment       0x00000049       0x4a ./drivers/fsl_lpuart.o
 .comment       0x00000049       0x4a ./drivers/fsl_uart.o
 .comment       0x00000049       0x4a ./device/system_MK22F51212.o
 .comment       0x00000049       0x4a ./component/uart/fsl_adapter_uart.o
 .comment       0x00000049       0x4a ./board/board.o
 .comment       0x00000049       0x4a ./board/clock_config.o
 .comment       0x00000049       0x4a ./board/pin_mux.o
 .comment       0x00000049       0x4a d:/programs/mcuxpressoide_11.6.1_8255/ide/plugins/com.nxp.mcuxpresso.tools.win32_11.6.1.202207200623/tools/bin/../lib/gcc/arm-none-eabi/10.3.1/../../../../arm-none-eabi/lib/thumb/v7e-m+fp/hard\libcr_nohost_nf.a(_cr__main.o)
 .comment       0x00000049       0x4a d:/programs/mcuxpressoide_11.6.1_8255/ide/plugins/com.nxp.mcuxpresso.tools.win32_11.6.1.202207200623/tools/bin/../lib/gcc/arm-none-eabi/10.3.1/../../../../arm-none-eabi/lib/thumb/v7e-m+fp/hard\libcr_c.a(memcpy.o)
 .comment       0x00000049       0x4a d:/programs/mcuxpressoide_11.6.1_8255/ide/plugins/com.nxp.mcuxpresso.tools.win32_11.6.1.202207200623/tools/bin/../lib/gcc/arm-none-eabi/10.3.1/../../../../arm-none-eabi/lib/thumb/v7e-m+fp/hard\libcr_c.a(memset.o)
 .comment       0x00000049       0x4a d:/programs/mcuxpressoide_11.6.1_8255/ide/plugins/com.nxp.mcuxpresso.tools.win32_11.6.1.202207200623/tools/bin/../lib/gcc/arm-none-eabi/10.3.1/../../../../arm-none-eabi/lib/thumb/v7e-m+fp/hard\libcr_c.a(alloc.o)
 .comment       0x00000049       0x4a d:/programs/mcuxpressoide_11.6.1_8255/ide/plugins/com.nxp.mcuxpresso.tools.win32_11.6.1.202207200623/tools/bin/../lib/gcc/arm-none-eabi/10.3.1/../../../../arm-none-eabi/lib/thumb/v7e-m+fp/hard\libcr_c.a(initio.o)
 .comment       0x00000049       0x4a d:/programs/mcuxpressoide_11.6.1_8255/ide/plugins/com.nxp.mcuxpresso.tools.win32_11.6.1.202207200623/tools/bin/../lib/gcc/arm-none-eabi/10.3.1/../../../../arm-none-eabi/lib/thumb/v7e-m+fp/hard\libcr_c.a(setvbuf.o)
 .comment       0x00000049       0x4a d:/programs/mcuxpressoide_11.6.1_8255/ide/plugins/com.nxp.mcuxpresso.tools.win32_11.6.1.202207200623/tools/bin/../lib/gcc/arm-none-eabi/10.3.1/../../../../arm-none-eabi/lib/thumb/v7e-m+fp/hard\libcr_c.a(strlen.o)
 .comment       0x00000049       0x4a d:/programs/mcuxpressoide_11.6.1_8255/ide/plugins/com.nxp.mcuxpresso.tools.win32_11.6.1.202207200623/tools/bin/../lib/gcc/arm-none-eabi/10.3.1/../../../../arm-none-eabi/lib/thumb/v7e-m+fp/hard\libcr_c.a(_fdopen.o)
 .comment       0x00000049       0x4a d:/programs/mcuxpressoide_11.6.1_8255/ide/plugins/com.nxp.mcuxpresso.tools.win32_11.6.1.202207200623/tools/bin/../lib/gcc/arm-none-eabi/10.3.1/../../../../arm-none-eabi/lib/thumb/v7e-m+fp/hard\libcr_c.a(errno.o)
 .comment       0x00000049       0x4a d:/programs/mcuxpressoide_11.6.1_8255/ide/plugins/com.nxp.mcuxpresso.tools.win32_11.6.1.202207200623/tools/bin/../lib/gcc/arm-none-eabi/10.3.1/../../../../arm-none-eabi/lib/thumb/v7e-m+fp/hard\libcr_c.a(fclose.o)
 .comment       0x00000049       0x4a d:/programs/mcuxpressoide_11.6.1_8255/ide/plugins/com.nxp.mcuxpresso.tools.win32_11.6.1.202207200623/tools/bin/../lib/gcc/arm-none-eabi/10.3.1/../../../../arm-none-eabi/lib/thumb/v7e-m+fp/hard\libcr_c.a(fflush.o)
 .comment       0x00000049       0x4a d:/programs/mcuxpressoide_11.6.1_8255/ide/plugins/com.nxp.mcuxpresso.tools.win32_11.6.1.202207200623/tools/bin/../lib/gcc/arm-none-eabi/10.3.1/../../../../arm-none-eabi/lib/thumb/v7e-m+fp/hard\libcr_c.a(fseek.o)
 .comment       0x00000049       0x4a d:/programs/mcuxpressoide_11.6.1_8255/ide/plugins/com.nxp.mcuxpresso.tools.win32_11.6.1.202207200623/tools/bin/../lib/gcc/arm-none-eabi/10.3.1/../../../../arm-none-eabi/lib/thumb/v7e-m+fp/hard\libcr_c.a(ftell.o)
 .comment       0x00000049       0x4a d:/programs/mcuxpressoide_11.6.1_8255/ide/plugins/com.nxp.mcuxpresso.tools.win32_11.6.1.202207200623/tools/bin/../lib/gcc/arm-none-eabi/10.3.1/../../../../arm-none-eabi/lib/thumb/v7e-m+fp/hard\libcr_c.a(remove.o)
 .comment       0x00000049       0x4a d:/programs/mcuxpressoide_11.6.1_8255/ide/plugins/com.nxp.mcuxpresso.tools.win32_11.6.1.202207200623/tools/bin/../lib/gcc/arm-none-eabi/10.3.1/../../../../arm-none-eabi/lib/thumb/v7e-m+fp/hard\libcr_c.a(_do_fflush.o)
 .comment       0x00000049       0x4a d:/programs/mcuxpressoide_11.6.1_8255/ide/plugins/com.nxp.mcuxpresso.tools.win32_11.6.1.202207200623/tools/bin/../lib/gcc/arm-none-eabi/10.3.1/../../../../arm-none-eabi/lib/thumb/v7e-m+fp/hard\libcr_c.a(_fflush.o)
 .comment       0x00000049       0x4a d:/programs/mcuxpressoide_11.6.1_8255/ide/plugins/com.nxp.mcuxpresso.tools.win32_11.6.1.202207200623/tools/bin/../lib/gcc/arm-none-eabi/10.3.1/../../../../arm-none-eabi/lib/thumb/v7e-m+fp/hard\libcr_c.a(_writebuf.o)
 .comment       0x00000049       0x4a d:/programs/mcuxpressoide_11.6.1_8255/ide/plugins/com.nxp.mcuxpresso.tools.win32_11.6.1.202207200623/tools/bin/../lib/gcc/arm-none-eabi/10.3.1/../../../../arm-none-eabi/lib/thumb/v7e-m+fp/hard\libcr_c.a(_deferredlazyseek.o)
 .comment       0x00000049       0x4a d:/programs/mcuxpressoide_11.6.1_8255/ide/plugins/com.nxp.mcuxpresso.tools.win32_11.6.1.202207200623/tools/bin/../lib/gcc/arm-none-eabi/10.3.1/../../../../arm-none-eabi/lib/thumb/v7e-m+fp/hard\libcr_nohost_nf.a(__ciob.o)
 .comment       0x00000049       0x4a d:/programs/mcuxpressoide_11.6.1_8255/ide/plugins/com.nxp.mcuxpresso.tools.win32_11.6.1.202207200623/tools/bin/../lib/gcc/arm-none-eabi/10.3.1/../../../../arm-none-eabi/lib/thumb/v7e-m+fp/hard\libcr_nohost_nf.a(__sys_close.o)
 .comment       0x00000049       0x4a d:/programs/mcuxpressoide_11.6.1_8255/ide/plugins/com.nxp.mcuxpresso.tools.win32_11.6.1.202207200623/tools/bin/../lib/gcc/arm-none-eabi/10.3.1/../../../../arm-none-eabi/lib/thumb/v7e-m+fp/hard\libcr_nohost_nf.a(__sys_flen.o)
 .comment       0x00000049       0x4a d:/programs/mcuxpressoide_11.6.1_8255/ide/plugins/com.nxp.mcuxpresso.tools.win32_11.6.1.202207200623/tools/bin/../lib/gcc/arm-none-eabi/10.3.1/../../../../arm-none-eabi/lib/thumb/v7e-m+fp/hard\libcr_nohost_nf.a(__sys_istty.o)
 .comment       0x00000049       0x4a d:/programs/mcuxpressoide_11.6.1_8255/ide/plugins/com.nxp.mcuxpresso.tools.win32_11.6.1.202207200623/tools/bin/../lib/gcc/arm-none-eabi/10.3.1/../../../../arm-none-eabi/lib/thumb/v7e-m+fp/hard\libcr_nohost_nf.a(__sys_remove.o)
 .comment       0x00000049       0x4a d:/programs/mcuxpressoide_11.6.1_8255/ide/plugins/com.nxp.mcuxpresso.tools.win32_11.6.1.202207200623/tools/bin/../lib/gcc/arm-none-eabi/10.3.1/../../../../arm-none-eabi/lib/thumb/v7e-m+fp/hard\libcr_nohost_nf.a(__sys_seek.o)
 .comment       0x00000049       0x4a d:/programs/mcuxpressoide_11.6.1_8255/ide/plugins/com.nxp.mcuxpresso.tools.win32_11.6.1.202207200623/tools/bin/../lib/gcc/arm-none-eabi/10.3.1/../../../../arm-none-eabi/lib/thumb/v7e-m+fp/hard\libcr_nohost_nf.a(__sys_tmpnam.o)
 .comment       0x00000049       0x4a d:/programs/mcuxpressoide_11.6.1_8255/ide/plugins/com.nxp.mcuxpresso.tools.win32_11.6.1.202207200623/tools/bin/../lib/gcc/arm-none-eabi/10.3.1/../../../../arm-none-eabi/lib/thumb/v7e-m+fp/hard\libcr_nohost_nf.a(__sys_write.o)

.ARM.attributes
                0x00000000       0x32
 .ARM.attributes
                0x00000000       0x34 ./utilities/fsl_assert.o
 .ARM.attributes
                0x00000034       0x34 ./utilities/fsl_debug_console.o
 .ARM.attributes
                0x00000068       0x34 ./startup/startup_mk22f51212.o
 .ARM.attributes
                0x0000009c       0x34 ./source/hello_world.o
 .ARM.attributes
                0x000000d0       0x34 ./source/semihost_hardfault.o
 .ARM.attributes
                0x00000104       0x34 ./drivers/fsl_clock.o
 .ARM.attributes
                0x00000138       0x34 ./drivers/fsl_edma.o
 .ARM.attributes
                0x0000016c       0x34 ./drivers/fsl_gpio.o
 .ARM.attributes
                0x000001a0       0x34 ./drivers/fsl_lpuart.o
 .ARM.attributes
                0x000001d4       0x34 ./drivers/fsl_uart.o
 .ARM.attributes
                0x00000208       0x34 ./device/system_MK22F51212.o
 .ARM.attributes
                0x0000023c       0x34 ./component/uart/fsl_adapter_uart.o
 .ARM.attributes
                0x00000270       0x34 ./board/board.o
 .ARM.attributes
                0x000002a4       0x34 ./board/clock_config.o
 .ARM.attributes
                0x000002d8       0x34 ./board/pin_mux.o
 .ARM.attributes
                0x0000030c       0x34 d:/programs/mcuxpressoide_11.6.1_8255/ide/plugins/com.nxp.mcuxpresso.tools.win32_11.6.1.202207200623/tools/bin/../lib/gcc/arm-none-eabi/10.3.1/../../../../arm-none-eabi/lib/thumb/v7e-m+fp/hard\libcr_nohost_nf.a(_cr__main.o)
 .ARM.attributes
                0x00000340       0x34 d:/programs/mcuxpressoide_11.6.1_8255/ide/plugins/com.nxp.mcuxpresso.tools.win32_11.6.1.202207200623/tools/bin/../lib/gcc/arm-none-eabi/10.3.1/../../../../arm-none-eabi/lib/thumb/v7e-m+fp/hard\libcr_c.a(memcpy.o)
 .ARM.attributes
                0x00000374       0x34 d:/programs/mcuxpressoide_11.6.1_8255/ide/plugins/com.nxp.mcuxpresso.tools.win32_11.6.1.202207200623/tools/bin/../lib/gcc/arm-none-eabi/10.3.1/../../../../arm-none-eabi/lib/thumb/v7e-m+fp/hard\libcr_c.a(memset.o)
 .ARM.attributes
                0x000003a8       0x34 d:/programs/mcuxpressoide_11.6.1_8255/ide/plugins/com.nxp.mcuxpresso.tools.win32_11.6.1.202207200623/tools/bin/../lib/gcc/arm-none-eabi/10.3.1/../../../../arm-none-eabi/lib/thumb/v7e-m+fp/hard\libcr_c.a(alloc.o)
 .ARM.attributes
                0x000003dc       0x34 d:/programs/mcuxpressoide_11.6.1_8255/ide/plugins/com.nxp.mcuxpresso.tools.win32_11.6.1.202207200623/tools/bin/../lib/gcc/arm-none-eabi/10.3.1/../../../../arm-none-eabi/lib/thumb/v7e-m+fp/hard\libcr_c.a(initio.o)
 .ARM.attributes
                0x00000410       0x34 d:/programs/mcuxpressoide_11.6.1_8255/ide/plugins/com.nxp.mcuxpresso.tools.win32_11.6.1.202207200623/tools/bin/../lib/gcc/arm-none-eabi/10.3.1/../../../../arm-none-eabi/lib/thumb/v7e-m+fp/hard\libcr_c.a(setvbuf.o)
 .ARM.attributes
                0x00000444       0x34 d:/programs/mcuxpressoide_11.6.1_8255/ide/plugins/com.nxp.mcuxpresso.tools.win32_11.6.1.202207200623/tools/bin/../lib/gcc/arm-none-eabi/10.3.1/../../../../arm-none-eabi/lib/thumb/v7e-m+fp/hard\libcr_c.a(strlen.o)
 .ARM.attributes
                0x00000478       0x34 d:/programs/mcuxpressoide_11.6.1_8255/ide/plugins/com.nxp.mcuxpresso.tools.win32_11.6.1.202207200623/tools/bin/../lib/gcc/arm-none-eabi/10.3.1/../../../../arm-none-eabi/lib/thumb/v7e-m+fp/hard\libcr_c.a(_fdopen.o)
 .ARM.attributes
                0x000004ac       0x34 d:/programs/mcuxpressoide_11.6.1_8255/ide/plugins/com.nxp.mcuxpresso.tools.win32_11.6.1.202207200623/tools/bin/../lib/gcc/arm-none-eabi/10.3.1/../../../../arm-none-eabi/lib/thumb/v7e-m+fp/hard\libcr_c.a(errno.o)
 .ARM.attributes
                0x000004e0       0x34 d:/programs/mcuxpressoide_11.6.1_8255/ide/plugins/com.nxp.mcuxpresso.tools.win32_11.6.1.202207200623/tools/bin/../lib/gcc/arm-none-eabi/10.3.1/../../../../arm-none-eabi/lib/thumb/v7e-m+fp/hard\libcr_c.a(fclose.o)
 .ARM.attributes
                0x00000514       0x34 d:/programs/mcuxpressoide_11.6.1_8255/ide/plugins/com.nxp.mcuxpresso.tools.win32_11.6.1.202207200623/tools/bin/../lib/gcc/arm-none-eabi/10.3.1/../../../../arm-none-eabi/lib/thumb/v7e-m+fp/hard\libcr_c.a(fflush.o)
 .ARM.attributes
                0x00000548       0x34 d:/programs/mcuxpressoide_11.6.1_8255/ide/plugins/com.nxp.mcuxpresso.tools.win32_11.6.1.202207200623/tools/bin/../lib/gcc/arm-none-eabi/10.3.1/../../../../arm-none-eabi/lib/thumb/v7e-m+fp/hard\libcr_c.a(fseek.o)
 .ARM.attributes
                0x0000057c       0x34 d:/programs/mcuxpressoide_11.6.1_8255/ide/plugins/com.nxp.mcuxpresso.tools.win32_11.6.1.202207200623/tools/bin/../lib/gcc/arm-none-eabi/10.3.1/../../../../arm-none-eabi/lib/thumb/v7e-m+fp/hard\libcr_c.a(ftell.o)
 .ARM.attributes
                0x000005b0       0x34 d:/programs/mcuxpressoide_11.6.1_8255/ide/plugins/com.nxp.mcuxpresso.tools.win32_11.6.1.202207200623/tools/bin/../lib/gcc/arm-none-eabi/10.3.1/../../../../arm-none-eabi/lib/thumb/v7e-m+fp/hard\libcr_c.a(remove.o)
 .ARM.attributes
                0x000005e4       0x34 d:/programs/mcuxpressoide_11.6.1_8255/ide/plugins/com.nxp.mcuxpresso.tools.win32_11.6.1.202207200623/tools/bin/../lib/gcc/arm-none-eabi/10.3.1/../../../../arm-none-eabi/lib/thumb/v7e-m+fp/hard\libcr_c.a(_do_fflush.o)
 .ARM.attributes
                0x00000618       0x34 d:/programs/mcuxpressoide_11.6.1_8255/ide/plugins/com.nxp.mcuxpresso.tools.win32_11.6.1.202207200623/tools/bin/../lib/gcc/arm-none-eabi/10.3.1/../../../../arm-none-eabi/lib/thumb/v7e-m+fp/hard\libcr_c.a(_fflush.o)
 .ARM.attributes
                0x0000064c       0x34 d:/programs/mcuxpressoide_11.6.1_8255/ide/plugins/com.nxp.mcuxpresso.tools.win32_11.6.1.202207200623/tools/bin/../lib/gcc/arm-none-eabi/10.3.1/../../../../arm-none-eabi/lib/thumb/v7e-m+fp/hard\libcr_c.a(_writebuf.o)
 .ARM.attributes
                0x00000680       0x34 d:/programs/mcuxpressoide_11.6.1_8255/ide/plugins/com.nxp.mcuxpresso.tools.win32_11.6.1.202207200623/tools/bin/../lib/gcc/arm-none-eabi/10.3.1/../../../../arm-none-eabi/lib/thumb/v7e-m+fp/hard\libcr_c.a(_deferredlazyseek.o)
 .ARM.attributes
                0x000006b4       0x20 d:/programs/mcuxpressoide_11.6.1_8255/ide/plugins/com.nxp.mcuxpresso.tools.win32_11.6.1.202207200623/tools/bin/../lib/gcc/arm-none-eabi/10.3.1/thumb/v7e-m+fp/hard\libcr_eabihelpers.a(memcpy.o)
 .ARM.attributes
                0x000006d4       0x34 d:/programs/mcuxpressoide_11.6.1_8255/ide/plugins/com.nxp.mcuxpresso.tools.win32_11.6.1.202207200623/tools/bin/../lib/gcc/arm-none-eabi/10.3.1/../../../../arm-none-eabi/lib/thumb/v7e-m+fp/hard\libcr_nohost_nf.a(__ciob.o)
 .ARM.attributes
                0x00000708       0x34 d:/programs/mcuxpressoide_11.6.1_8255/ide/plugins/com.nxp.mcuxpresso.tools.win32_11.6.1.202207200623/tools/bin/../lib/gcc/arm-none-eabi/10.3.1/../../../../arm-none-eabi/lib/thumb/v7e-m+fp/hard\libcr_nohost_nf.a(__sys_close.o)
 .ARM.attributes
                0x0000073c       0x34 d:/programs/mcuxpressoide_11.6.1_8255/ide/plugins/com.nxp.mcuxpresso.tools.win32_11.6.1.202207200623/tools/bin/../lib/gcc/arm-none-eabi/10.3.1/../../../../arm-none-eabi/lib/thumb/v7e-m+fp/hard\libcr_nohost_nf.a(__sys_flen.o)
 .ARM.attributes
                0x00000770       0x34 d:/programs/mcuxpressoide_11.6.1_8255/ide/plugins/com.nxp.mcuxpresso.tools.win32_11.6.1.202207200623/tools/bin/../lib/gcc/arm-none-eabi/10.3.1/../../../../arm-none-eabi/lib/thumb/v7e-m+fp/hard\libcr_nohost_nf.a(__sys_istty.o)
 .ARM.attributes
                0x000007a4       0x34 d:/programs/mcuxpressoide_11.6.1_8255/ide/plugins/com.nxp.mcuxpresso.tools.win32_11.6.1.202207200623/tools/bin/../lib/gcc/arm-none-eabi/10.3.1/../../../../arm-none-eabi/lib/thumb/v7e-m+fp/hard\libcr_nohost_nf.a(__sys_remove.o)
 .ARM.attributes
                0x000007d8       0x34 d:/programs/mcuxpressoide_11.6.1_8255/ide/plugins/com.nxp.mcuxpresso.tools.win32_11.6.1.202207200623/tools/bin/../lib/gcc/arm-none-eabi/10.3.1/../../../../arm-none-eabi/lib/thumb/v7e-m+fp/hard\libcr_nohost_nf.a(__sys_seek.o)
 .ARM.attributes
                0x0000080c       0x34 d:/programs/mcuxpressoide_11.6.1_8255/ide/plugins/com.nxp.mcuxpresso.tools.win32_11.6.1.202207200623/tools/bin/../lib/gcc/arm-none-eabi/10.3.1/../../../../arm-none-eabi/lib/thumb/v7e-m+fp/hard\libcr_nohost_nf.a(__sys_tmpnam.o)
 .ARM.attributes
                0x00000840       0x34 d:/programs/mcuxpressoide_11.6.1_8255/ide/plugins/com.nxp.mcuxpresso.tools.win32_11.6.1.202207200623/tools/bin/../lib/gcc/arm-none-eabi/10.3.1/../../../../arm-none-eabi/lib/thumb/v7e-m+fp/hard\libcr_nohost_nf.a(__sys_write.o)

.debug_frame    0x00000000     0x2c84
 .debug_frame   0x00000000       0x30 ./utilities/fsl_assert.o
 .debug_frame   0x00000030      0x1f8 ./utilities/fsl_debug_console.o
 .debug_frame   0x00000228      0x7dc ./startup/startup_mk22f51212.o
 .debug_frame   0x00000a04       0xc0 ./source/hello_world.o
 .debug_frame   0x00000ac4       0x20 ./source/semihost_hardfault.o
 .debug_frame   0x00000ae4      0x8c8 ./drivers/fsl_clock.o
 .debug_frame   0x000013ac      0x824 ./drivers/fsl_edma.o
 .debug_frame   0x00001bd0       0xc8 ./drivers/fsl_gpio.o
 .debug_frame   0x00001c98      0x54c ./drivers/fsl_lpuart.o
 .debug_frame   0x000021e4      0x6a4 ./drivers/fsl_uart.o
 .debug_frame   0x00002888       0x74 ./device/system_MK22F51212.o
 .debug_frame   0x000028fc      0x110 ./component/uart/fsl_adapter_uart.o
 .debug_frame   0x00002a0c       0x34 ./board/board.o
 .debug_frame   0x00002a40      0x140 ./board/clock_config.o
 .debug_frame   0x00002b80      0x104 ./board/pin_mux.o

Cross Reference Table

Symbol                                            File
ADC0_DriverIRQHandler                             ./startup/startup_mk22f51212.o
ADC0_IRQHandler                                   ./startup/startup_mk22f51212.o
ADC16_ClearStatusFlags                            ./drivers/fsl_adc16.o
ADC16_Deinit                                      ./drivers/fsl_adc16.o
ADC16_DoAutoCalibration                           ./drivers/fsl_adc16.o
ADC16_GetChannelStatusFlags                       ./drivers/fsl_adc16.o
ADC16_GetDefaultConfig                            ./drivers/fsl_adc16.o
ADC16_GetStatusFlags                              ./drivers/fsl_adc16.o
ADC16_Init                                        ./drivers/fsl_adc16.o
ADC16_SetChannelConfig                            ./drivers/fsl_adc16.o
ADC16_SetChannelMuxMode                           ./drivers/fsl_adc16.o
ADC16_SetHardwareAverage                          ./drivers/fsl_adc16.o
ADC16_SetHardwareCompareConfig                    ./drivers/fsl_adc16.o
ADC1_DriverIRQHandler                             ./startup/startup_mk22f51212.o
ADC1_IRQHandler                                   ./startup/startup_mk22f51212.o
BOARD_BootClockHSRUN                              ./board/clock_config.o
BOARD_BootClockRUN                                ./board/clock_config.o
BOARD_BootClockVLPR                               ./board/clock_config.o
BOARD_InitBootClocks                              ./board/clock_config.o
                                                  ./source/hello_world.o
BOARD_InitBootPins                                ./board/pin_mux.o
                                                  ./source/hello_world.o
BOARD_InitDebugConsole                            ./board/board.o
                                                  ./source/hello_world.o
BOARD_InitPins                                    ./board/pin_mux.o
BusFault_Handler                                  ./startup/startup_mk22f51212.o
CLOCK_BootToBlpeMode                              ./drivers/fsl_clock.o
CLOCK_BootToBlpiMode                              ./drivers/fsl_clock.o
                                                  ./board/clock_config.o
CLOCK_BootToFeeMode                               ./drivers/fsl_clock.o
CLOCK_BootToFeiMode                               ./drivers/fsl_clock.o
CLOCK_BootToPeeMode                               ./drivers/fsl_clock.o
                                                  ./board/clock_config.o
CLOCK_CalcPllDiv                                  ./drivers/fsl_clock.o
CLOCK_ClearStatusFlags                            ./drivers/fsl_clock.o
CLOCK_DeinitOsc0                                  ./drivers/fsl_clock.o
CLOCK_EnablePll0                                  ./drivers/fsl_clock.o
CLOCK_EnableUsbfs0Clock                           ./drivers/fsl_clock.o
CLOCK_ExternalModeToFbeModeQuick                  ./drivers/fsl_clock.o
CLOCK_GetBusClkFreq                               ./drivers/fsl_clock.o
CLOCK_GetCoreSysClkFreq                           ./drivers/fsl_clock.o
                                                  ./board/board.o
CLOCK_GetEr32kClkFreq                             ./drivers/fsl_clock.o
CLOCK_GetFixedFreqClkFreq                         ./drivers/fsl_clock.o
CLOCK_GetFlashClkFreq                             ./drivers/fsl_clock.o
CLOCK_GetFlexBusClkFreq                           ./drivers/fsl_clock.o
CLOCK_GetFllFreq                                  ./drivers/fsl_clock.o
CLOCK_GetFreq                                     ./drivers/fsl_clock.o
CLOCK_GetInternalRefClkFreq                       ./drivers/fsl_clock.o
CLOCK_GetMode                                     ./drivers/fsl_clock.o
CLOCK_GetOsc0ErClkDivFreq                         ./drivers/fsl_clock.o
CLOCK_GetOsc0ErClkFreq                            ./drivers/fsl_clock.o
CLOCK_GetOsc0ErClkUndivFreq                       ./drivers/fsl_clock.o
CLOCK_GetOutClkFreq                               ./drivers/fsl_clock.o
CLOCK_GetPlatClkFreq                              ./drivers/fsl_clock.o
CLOCK_GetPll0Freq                                 ./drivers/fsl_clock.o
CLOCK_GetPllFllSelClkFreq                         ./drivers/fsl_clock.o
CLOCK_GetStatusFlags                              ./drivers/fsl_clock.o
CLOCK_InitOsc0                                    ./drivers/fsl_clock.o
                                                  ./board/clock_config.o
CLOCK_InternalModeToFbiModeQuick                  ./drivers/fsl_clock.o
CLOCK_SetBlpeMode                                 ./drivers/fsl_clock.o
CLOCK_SetBlpiMode                                 ./drivers/fsl_clock.o
CLOCK_SetExternalRefClkConfig                     ./drivers/fsl_clock.o
CLOCK_SetFastIrcFreq                              ./drivers/fsl_clock.o
CLOCK_SetFbeMode                                  ./drivers/fsl_clock.o
CLOCK_SetFbiMode                                  ./drivers/fsl_clock.o
CLOCK_SetFeeMode                                  ./drivers/fsl_clock.o
CLOCK_SetFeiMode                                  ./drivers/fsl_clock.o
CLOCK_SetInternalRefClkConfig                     ./drivers/fsl_clock.o
                                                  ./board/clock_config.o
CLOCK_SetMcgConfig                                ./drivers/fsl_clock.o
CLOCK_SetOsc0MonitorMode                          ./drivers/fsl_clock.o
CLOCK_SetPbeMode                                  ./drivers/fsl_clock.o
CLOCK_SetPeeMode                                  ./drivers/fsl_clock.o
CLOCK_SetPll0MonitorMode                          ./drivers/fsl_clock.o
CLOCK_SetRtcOscMonitorMode                        ./drivers/fsl_clock.o
CLOCK_SetSimConfig                                ./drivers/fsl_clock.o
                                                  ./board/clock_config.o
CLOCK_SetSlowIrcFreq                              ./drivers/fsl_clock.o
CLOCK_TrimInternalRefClk                          ./drivers/fsl_clock.o
CMP0_DriverIRQHandler                             ./startup/startup_mk22f51212.o
CMP0_IRQHandler                                   ./startup/startup_mk22f51212.o
CMP1_DriverIRQHandler                             ./startup/startup_mk22f51212.o
CMP1_IRQHandler                                   ./startup/startup_mk22f51212.o
DAC0_DriverIRQHandler                             ./startup/startup_mk22f51212.o
DAC0_IRQHandler                                   ./startup/startup_mk22f51212.o
DAC1_DriverIRQHandler                             ./startup/startup_mk22f51212.o
DAC1_IRQHandler                                   ./startup/startup_mk22f51212.o
DMA0_DriverIRQHandler                             ./drivers/fsl_edma.o
                                                  ./startup/startup_mk22f51212.o
DMA0_IRQHandler                                   ./startup/startup_mk22f51212.o
DMA10_DriverIRQHandler                            ./drivers/fsl_edma.o
                                                  ./startup/startup_mk22f51212.o
DMA10_IRQHandler                                  ./startup/startup_mk22f51212.o
DMA11_DriverIRQHandler                            ./drivers/fsl_edma.o
                                                  ./startup/startup_mk22f51212.o
DMA11_IRQHandler                                  ./startup/startup_mk22f51212.o
DMA12_DriverIRQHandler                            ./drivers/fsl_edma.o
                                                  ./startup/startup_mk22f51212.o
DMA12_IRQHandler                                  ./startup/startup_mk22f51212.o
DMA13_DriverIRQHandler                            ./drivers/fsl_edma.o
                                                  ./startup/startup_mk22f51212.o
DMA13_IRQHandler                                  ./startup/startup_mk22f51212.o
DMA14_DriverIRQHandler                            ./drivers/fsl_edma.o
                                                  ./startup/startup_mk22f51212.o
DMA14_IRQHandler                                  ./startup/startup_mk22f51212.o
DMA15_DriverIRQHandler                            ./drivers/fsl_edma.o
                                                  ./startup/startup_mk22f51212.o
DMA15_IRQHandler                                  ./startup/startup_mk22f51212.o
DMA1_DriverIRQHandler                             ./drivers/fsl_edma.o
                                                  ./startup/startup_mk22f51212.o
DMA1_IRQHandler                                   ./startup/startup_mk22f51212.o
DMA2_DriverIRQHandler                             ./drivers/fsl_edma.o
                                                  ./startup/startup_mk22f51212.o
DMA2_IRQHandler                                   ./startup/startup_mk22f51212.o
DMA3_DriverIRQHandler                             ./drivers/fsl_edma.o
                                                  ./startup/startup_mk22f51212.o
DMA3_IRQHandler                                   ./startup/startup_mk22f51212.o
DMA4_DriverIRQHandler                             ./drivers/fsl_edma.o
                                                  ./startup/startup_mk22f51212.o
DMA4_IRQHandler                                   ./startup/startup_mk22f51212.o
DMA5_DriverIRQHandler                             ./drivers/fsl_edma.o
                                                  ./startup/startup_mk22f51212.o
DMA5_IRQHandler                                   ./startup/startup_mk22f51212.o
DMA6_DriverIRQHandler                             ./drivers/fsl_edma.o
                                                  ./startup/startup_mk22f51212.o
DMA6_IRQHandler                                   ./startup/startup_mk22f51212.o
DMA7_DriverIRQHandler                             ./drivers/fsl_edma.o
                                                  ./startup/startup_mk22f51212.o
DMA7_IRQHandler                                   ./startup/startup_mk22f51212.o
DMA8_DriverIRQHandler                             ./drivers/fsl_edma.o
                                                  ./startup/startup_mk22f51212.o
DMA8_IRQHandler                                   ./startup/startup_mk22f51212.o
DMA9_DriverIRQHandler                             ./drivers/fsl_edma.o
                                                  ./startup/startup_mk22f51212.o
DMA9_IRQHandler                                   ./startup/startup_mk22f51212.o
DMAMUX_Deinit                                     ./drivers/fsl_dmamux.o
DMAMUX_Init                                       ./drivers/fsl_dmamux.o
DMA_Error_DriverIRQHandler                        ./startup/startup_mk22f51212.o
DMA_Error_IRQHandler                              ./startup/startup_mk22f51212.o
DbgConsole_Deinit                                 ./utilities/fsl_debug_console.o
DbgConsole_Getchar                                ./utilities/fsl_debug_console.o
DbgConsole_Init                                   ./utilities/fsl_debug_console.o
                                                  ./board/board.o
DbgConsole_Printf                                 ./utilities/fsl_debug_console.o
                                                  ./source/hello_world.o
                                                  ./utilities/fsl_assert.o
DbgConsole_Putchar                                ./utilities/fsl_debug_console.o
DbgConsole_Scanf                                  ./utilities/fsl_debug_console.o
DbgConsole_Vprintf                                ./utilities/fsl_debug_console.o
DebugMon_Handler                                  ./startup/startup_mk22f51212.o
EDMA_AbortTransfer                                ./drivers/fsl_edma.o
EDMA_ClearChannelStatusFlags                      ./drivers/fsl_edma.o
EDMA_CreateHandle                                 ./drivers/fsl_edma.o
EDMA_Deinit                                       ./drivers/fsl_edma.o
EDMA_DisableChannelInterrupts                     ./drivers/fsl_edma.o
EDMA_EnableChannelInterrupts                      ./drivers/fsl_edma.o
EDMA_GetChannelStatusFlags                        ./drivers/fsl_edma.o
EDMA_GetDefaultConfig                             ./drivers/fsl_edma.o
EDMA_GetRemainingMajorLoopCount                   ./drivers/fsl_edma.o
EDMA_HandleIRQ                                    ./drivers/fsl_edma.o
EDMA_Init                                         ./drivers/fsl_edma.o
EDMA_InstallTCD                                   ./drivers/fsl_edma.o
EDMA_InstallTCDMemory                             ./drivers/fsl_edma.o
EDMA_PrepareTransfer                              ./drivers/fsl_edma.o
EDMA_PrepareTransferConfig                        ./drivers/fsl_edma.o
EDMA_ResetChannel                                 ./drivers/fsl_edma.o
EDMA_SetBandWidth                                 ./drivers/fsl_edma.o
EDMA_SetCallback                                  ./drivers/fsl_edma.o
EDMA_SetChannelLink                               ./drivers/fsl_edma.o
EDMA_SetChannelPreemptionConfig                   ./drivers/fsl_edma.o
EDMA_SetMajorOffsetConfig                         ./drivers/fsl_edma.o
EDMA_SetMinorOffsetConfig                         ./drivers/fsl_edma.o
EDMA_SetModulo                                    ./drivers/fsl_edma.o
EDMA_SetTransferConfig                            ./drivers/fsl_edma.o
EDMA_StartTransfer                                ./drivers/fsl_edma.o
EDMA_StopTransfer                                 ./drivers/fsl_edma.o
EDMA_SubmitTransfer                               ./drivers/fsl_edma.o
EDMA_TcdDisableInterrupts                         ./drivers/fsl_edma.o
EDMA_TcdEnableInterrupts                          ./drivers/fsl_edma.o
EDMA_TcdReset                                     ./drivers/fsl_edma.o
EDMA_TcdSetChannelLink                            ./drivers/fsl_edma.o
EDMA_TcdSetMajorOffsetConfig                      ./drivers/fsl_edma.o
EDMA_TcdSetMinorOffsetConfig                      ./drivers/fsl_edma.o
EDMA_TcdSetModulo                                 ./drivers/fsl_edma.o
EDMA_TcdSetTransferConfig                         ./drivers/fsl_edma.o
FTF_DriverIRQHandler                              ./startup/startup_mk22f51212.o