Archive member included to satisfy reference by file (symbol)

d:/programs/mcuxpressoide_11.6.1_8255/ide/plugins/com.nxp.mcuxpresso.tools.win32_11.6.1.202207200623/tools/bin/../lib/gcc/arm-none-eabi/10.3.1/../../../../arm-none-eabi/lib/thumb/v7e-m+fp/hard\libcr_nohost_nf.a(_cr__main.o)
                              ./startup/startup_mk22f51212.o (__main)
d:/programs/mcuxpressoide_11.6.1_8255/ide/plugins/com.nxp.mcuxpresso.tools.win32_11.6.1.202207200623/tools/bin/../lib/gcc/arm-none-eabi/10.3.1/../../../../arm-none-eabi/lib/thumb/v7e-m+fp/hard\libcr_c.a(memcpy.o)
                              ./utilities/fsl_debug_console.o (memcpy)
d:/programs/mcuxpressoide_11.6.1_8255/ide/plugins/com.nxp.mcuxpresso.tools.win32_11.6.1.202207200623/tools/bin/../lib/gcc/arm-none-eabi/10.3.1/../../../../arm-none-eabi/lib/thumb/v7e-m+fp/hard\libcr_c.a(memset.o)
                              ./drivers/fsl_lpuart.o (memset)
d:/programs/mcuxpressoide_11.6.1_8255/ide/plugins/com.nxp.mcuxpresso.tools.win32_11.6.1.202207200623/tools/bin/../lib/gcc/arm-none-eabi/10.3.1/../../../../arm-none-eabi/lib/thumb/v7e-m+fp/hard\libcr_c.a(alloc.o)
                              ./drivers/fsl_common.o (malloc)
d:/programs/mcuxpressoide_11.6.1_8255/ide/plugins/com.nxp.mcuxpresso.tools.win32_11.6.1.202207200623/tools/bin/../lib/gcc/arm-none-eabi/10.3.1/../../../../arm-none-eabi/lib/thumb/v7e-m+fp/hard\libcr_c.a(initio.o)
                              d:/programs/mcuxpressoide_11.6.1_8255/ide/plugins/com.nxp.mcuxpresso.tools.win32_11.6.1.202207200623/tools/bin/../lib/gcc/arm-none-eabi/10.3.1/../../../../arm-none-eabi/lib/thumb/v7e-m+fp/hard\libcr_nohost_nf.a(_cr__main.o) (_initio)
d:/programs/mcuxpressoide_11.6.1_8255/ide/plugins/com.nxp.mcuxpresso.tools.win32_11.6.1.202207200623/tools/bin/../lib/gcc/arm-none-eabi/10.3.1/../../../../arm-none-eabi/lib/thumb/v7e-m+fp/hard\libcr_c.a(setvbuf.o)
                              d:/programs/mcuxpressoide_11.6.1_8255/ide/plugins/com.nxp.mcuxpresso.tools.win32_11.6.1.202207200623/tools/bin/../lib/gcc/arm-none-eabi/10.3.1/../../../../arm-none-eabi/lib/thumb/v7e-m+fp/hard\libcr_c.a(initio.o) (setvbuf)
d:/programs/mcuxpressoide_11.6.1_8255/ide/plugins/com.nxp.mcuxpresso.tools.win32_11.6.1.202207200623/tools/bin/../lib/gcc/arm-none-eabi/10.3.1/../../../../arm-none-eabi/lib/thumb/v7e-m+fp/hard\libcr_c.a(strlen.o)
                              ./utilities/fsl_debug_console.o (strlen)
d:/programs/mcuxpressoide_11.6.1_8255/ide/plugins/com.nxp.mcuxpresso.tools.win32_11.6.1.202207200623/tools/bin/../lib/gcc/arm-none-eabi/10.3.1/../../../../arm-none-eabi/lib/thumb/v7e-m+fp/hard\libcr_c.a(__init_alloc.o)
                              d:/programs/mcuxpressoide_11.6.1_8255/ide/plugins/com.nxp.mcuxpresso.tools.win32_11.6.1.202207200623/tools/bin/../lib/gcc/arm-none-eabi/10.3.1/../../../../arm-none-eabi/lib/thumb/v7e-m+fp/hard\libcr_c.a(alloc.o) (__heaps)
d:/programs/mcuxpressoide_11.6.1_8255/ide/plugins/com.nxp.mcuxpresso.tools.win32_11.6.1.202207200623/tools/bin/../lib/gcc/arm-none-eabi/10.3.1/../../../../arm-none-eabi/lib/thumb/v7e-m+fp/hard\libcr_c.a(_cr_sbrk.o)
                              d:/programs/mcuxpressoide_11.6.1_8255/ide/plugins/com.nxp.mcuxpresso.tools.win32_11.6.1.202207200623/tools/bin/../lib/gcc/arm-none-eabi/10.3.1/../../../../arm-none-eabi/lib/thumb/v7e-m+fp/hard\libcr_c.a(alloc.o) (_sbrk)
d:/programs/mcuxpressoide_11.6.1_8255/ide/plugins/com.nxp.mcuxpresso.tools.win32_11.6.1.202207200623/tools/bin/../lib/gcc/arm-none-eabi/10.3.1/../../../../arm-none-eabi/lib/thumb/v7e-m+fp/hard\libcr_c.a(_fdopen.o)
                              d:/programs/mcuxpressoide_11.6.1_8255/ide/plugins/com.nxp.mcuxpresso.tools.win32_11.6.1.202207200623/tools/bin/../lib/gcc/arm-none-eabi/10.3.1/../../../../arm-none-eabi/lib/thumb/v7e-m+fp/hard\libcr_c.a(initio.o) (_fdopen)
d:/programs/mcuxpressoide_11.6.1_8255/ide/plugins/com.nxp.mcuxpresso.tools.win32_11.6.1.202207200623/tools/bin/../lib/gcc/arm-none-eabi/10.3.1/../../../../arm-none-eabi/lib/thumb/v7e-m+fp/hard\libcr_c.a(errno.o)
                              d:/programs/mcuxpressoide_11.6.1_8255/ide/plugins/com.nxp.mcuxpresso.tools.win32_11.6.1.202207200623/tools/bin/../lib/gcc/arm-none-eabi/10.3.1/../../../../arm-none-eabi/lib/thumb/v7e-m+fp/hard\libcr_c.a(_cr_sbrk.o) (errno)
d:/programs/mcuxpressoide_11.6.1_8255/ide/plugins/com.nxp.mcuxpresso.tools.win32_11.6.1.202207200623/tools/bin/../lib/gcc/arm-none-eabi/10.3.1/../../../../arm-none-eabi/lib/thumb/v7e-m+fp/hard\libcr_c.a(fclose.o)
                              d:/programs/mcuxpressoide_11.6.1_8255/ide/plugins/com.nxp.mcuxpresso.tools.win32_11.6.1.202207200623/tools/bin/../lib/gcc/arm-none-eabi/10.3.1/../../../../arm-none-eabi/lib/thumb/v7e-m+fp/hard\libcr_c.a(initio.o) (fclose)
d:/programs/mcuxpressoide_11.6.1_8255/ide/plugins/com.nxp.mcuxpresso.tools.win32_11.6.1.202207200623/tools/bin/../lib/gcc/arm-none-eabi/10.3.1/../../../../arm-none-eabi/lib/thumb/v7e-m+fp/hard\libcr_c.a(fflush.o)
[...]
Memory Configuration

Name             Origin             Length             Attributes
PROGRAM_FLASH    0x00000000         0x00080000         xr
SRAM_UPPER       0x20000000         0x00010000         xrw
SRAM_LOWER       0x1fff0000         0x00010000         xrw
*default*        0x00000000         0xffffffff

Linker script and memory map

LOAD ./utilities/fsl_assert.o
LOAD ./utilities/fsl_debug_console.o
LOAD ./startup/startup_mk22f51212.o
LOAD ./source/hello_world.o
LOAD ./source/semihost_hardfault.o
LOAD ./drivers/fsl_clock.o
LOAD ./drivers/fsl_common.o
LOAD ./drivers/fsl_common_arm.o
LOAD ./drivers/fsl_gpio.o
LOAD ./drivers/fsl_lpuart.o
LOAD ./drivers/fsl_smc.o
LOAD ./drivers/fsl_uart.o
LOAD ./device/system_MK22F51212.o
LOAD ./component/uart/fsl_adapter_uart.o
LOAD ./component/lists/fsl_component_generic_list.o
LOAD ./board/board.o
LOAD ./board/clock_config.o
LOAD ./board/pin_mux.o
START GROUP
LOAD d:/programs/mcuxpressoide_11.6.1_8255/ide/plugins/com.nxp.mcuxpresso.tools.win32_11.6.1.202207200623/tools/bin/../lib/gcc/arm-none-eabi/10.3.1/../../../../arm-none-eabi/lib/thumb/v7e-m+fp/hard\libcr_nohost_nf.a
LOAD d:/programs/mcuxpressoide_11.6.1_8255/ide/plugins/com.nxp.mcuxpresso.tools.win32_11.6.1.202207200623/tools/bin/../lib/gcc/arm-none-eabi/10.3.1/../../../../arm-none-eabi/lib/thumb/v7e-m+fp/hard\libcr_c.a
LOAD d:/programs/mcuxpressoide_11.6.1_8255/ide/plugins/com.nxp.mcuxpresso.tools.win32_11.6.1.202207200623/tools/bin/../lib/gcc/arm-none-eabi/10.3.1/thumb/v7e-m+fp/hard\libcr_eabihelpers.a
LOAD d:/programs/mcuxpressoide_11.6.1_8255/ide/plugins/com.nxp.mcuxpresso.tools.win32_11.6.1.202207200623/tools/bin/../lib/gcc/arm-none-eabi/10.3.1/thumb/v7e-m+fp/hard\libgcc.a
END GROUP
                0x00000000                __base_PROGRAM_FLASH = 0x0
                0x00000000                __base_Flash = 0x0
                0x00080000                __top_PROGRAM_FLASH = 0x80000
                0x00080000                __top_Flash = 0x80000
                0x20000000                __base_SRAM_UPPER = 0x20000000
                0x20000000                __base_RAM = 0x20000000
                0x20010000                __top_SRAM_UPPER = 0x20010000
                0x20010000                __top_RAM = 0x20010000
                0x1fff0000                __base_SRAM_LOWER = 0x1fff0000
                0x1fff0000                __base_RAM2 = 0x1fff0000
                0x20000000                __top_SRAM_LOWER = 0x20000000
                0x20000000                __top_RAM2 = 0x20000000

.text           0x00000000     0x2c80
 FILL mask 0xff
                0x00000000                __vectors_start__ = ABSOLUTE (.)
 *(SORT_BY_ALIGNMENT(.isr_vector))
 .isr_vector    0x00000000      0x168 ./startup/startup_mk22f51212.o
                0x00000000                g_pfnVectors
                0x00000000                __Vectors
                0x00000168                . = ALIGN (0x4)
                0x00000168                __section_table_start = .
                0x00000168                __data_section_table = .
                0x00000168        0x4 LONG 0x2c80 LOADADDR (.data)
                0x0000016c        0x4 LONG 0x20000000 ADDR (.data)
                0x00000170        0x4 LONG 0xc SIZEOF (.data)
                0x00000174        0x4 LONG 0x2c80 LOADADDR (.data_RAM2)
                0x00000178        0x4 LONG 0x1fff0000 ADDR (.data_RAM2)
                0x0000017c        0x4 LONG 0x0 SIZEOF (.data_RAM2)
                0x00000180                __data_section_table_end = .
                0x00000180                __bss_section_table = .
                0x00000180        0x4 LONG 0x2000000c ADDR (.bss)
                0x00000184        0x4 LONG 0x2ec SIZEOF (.bss)
                0x00000188        0x4 LONG 0x1fff0000 ADDR (.bss_RAM2)
                0x0000018c        0x4 LONG 0x0 SIZEOF (.bss_RAM2)
                0x00000190                __bss_section_table_end = .
                0x00000190                __section_table_end = .
 *(SORT_BY_ALIGNMENT(.after_vectors*))
 .after_vectors.reset
                0x00000190       0x4c ./startup/startup_mk22f51212.o
                0x00000190                ResetISR
 .after_vectors.init_data
                0x000001dc       0x1e ./startup/startup_mk22f51212.o
                0x000001dc                data_init
 .after_vectors.init_bss
                0x000001fa       0x12 ./startup/startup_mk22f51212.o
                0x000001fa                bss_init
 .after_vectors
                0x0000020c       0x14 ./startup/startup_mk22f51212.o
                0x0000020c                NMI_Handler
                0x00000210                MemManage_Handler
                0x00000212                BusFault_Handler
                0x00000214                UsageFault_Handler
                0x00000216                SVC_Handler
                0x00000218                DebugMon_Handler
                0x0000021a                PendSV_Handler
                0x0000021c                SysTick_Handler
                0x0000021e                DMA_Error_DriverIRQHandler
                0x0000021e                LPTMR0_DriverIRQHandler
                0x0000021e                FTM1_DriverIRQHandler
                0x0000021e                FTM2_DriverIRQHandler
                0x0000021e                PIT2_DriverIRQHandler
                0x0000021e                Reserved82_DriverIRQHandler
                0x0000021e                I2S0_Tx_DriverIRQHandler
                0x0000021e                RTC_Seconds_DriverIRQHandler
                0x0000021e                FTF_DriverIRQHandler
                0x0000021e                DMA6_DriverIRQHandler
                0x0000021e                LLWU_DriverIRQHandler
                0x0000021e                MCM_DriverIRQHandler
                0x0000021e                MCG_DriverIRQHandler
                0x0000021e                DAC1_DriverIRQHandler
                0x0000021e                SPI1_DriverIRQHandler
                0x0000021e                CMP1_DriverIRQHandler
                0x0000021e                FTM0_DriverIRQHandler
                0x0000021e                IntDefaultHandler
                0x0000021e                USB0_DriverIRQHandler
                0x0000021e                PORTC_DriverIRQHandler
                0x0000021e                DMA11_DriverIRQHandler
                0x0000021e                DAC0_DriverIRQHandler
                0x0000021e                DMA10_DriverIRQHandler
                0x0000021e                UART2_ERR_DriverIRQHandler
                0x0000021e                LVD_LVW_DriverIRQHandler
                0x0000021e                Reserved84_DriverIRQHandler
                0x0000021e                PIT0_DriverIRQHandler
                0x0000021e                DMA12_DriverIRQHandler
                0x0000021e                DMA5_DriverIRQHandler
                0x0000021e                DMA4_DriverIRQHandler
                0x0000021e                DMA3_DriverIRQHandler
                0x0000021e                Reserved53_DriverIRQHandler
                0x0000021e                DMA8_DriverIRQHandler
                0x0000021e                DMA9_DriverIRQHandler
                0x0000021e                UART0_ERR_DriverIRQHandler
                0x0000021e                Reserved71_DriverIRQHandler
                0x0000021e                ADC1_DriverIRQHandler
                0x0000021e                PORTA_DriverIRQHandler
                0x0000021e                DMA14_DriverIRQHandler
                0x0000021e                PIT3_DriverIRQHandler
                0x0000021e                PIT1_DriverIRQHandler
                0x0000021e                WDOG_EWM_DriverIRQHandler
                0x0000021e                PDB0_DriverIRQHandler
                0x0000021e                Reserved83_DriverIRQHandler
                0x0000021e                Reserved61_DriverIRQHandler
                0x0000021e                RTC_DriverIRQHandler
                0x0000021e                I2S0_Rx_DriverIRQHandler
                0x0000021e                Read_Collision_DriverIRQHandler
                0x0000021e                Reserved54_DriverIRQHandler
                0x0000021e                SWI_DriverIRQHandler
                0x0000021e                PORTB_DriverIRQHandler
                0x0000021e                DMA0_DriverIRQHandler
                0x0000021e                DMA1_DriverIRQHandler
                0x0000021e                I2C1_DriverIRQHandler
                0x0000021e                DMA13_DriverIRQHandler
                0x0000021e                DMA15_DriverIRQHandler
                0x0000021e                Reserved85_DriverIRQHandler
                0x0000021e                Reserved81_DriverIRQHandler
                0x0000021e                SPI0_DriverIRQHandler
                0x0000021e                ADC0_DriverIRQHandler
                0x0000021e                CMP0_DriverIRQHandler
                0x0000021e                FTM3_DriverIRQHandler
                0x0000021e                RNG_DriverIRQHandler
                0x0000021e                UART1_ERR_DriverIRQHandler
                0x0000021e                DMA2_DriverIRQHandler
                0x0000021e                PORTD_DriverIRQHandler
                0x0000021e                Reserved70_DriverIRQHandler
                0x0000021e                Reserved86_DriverIRQHandler
                0x0000021e                PORTE_DriverIRQHandler
                0x0000021e                I2C0_DriverIRQHandler
                0x0000021e                DMA7_DriverIRQHandler
                0x00000400                . = 0x400
 *fill*         0x00000220      0x1e0 ff
                0x00000400                PROVIDE (__FLASH_CONFIG_START__ = .)
 *(SORT_BY_ALIGNMENT(.FlashConfig))
 .FlashConfig   0x00000400       0x10 ./startup/startup_mk22f51212.o
                0x00000400                Flash_Config
                0x00000410                PROVIDE (__FLASH_CONFIG_END__ = .)
                0x00000001                ASSERT (! ((__FLASH_CONFIG_START__ == __FLASH_CONFIG_END__)), Linker Flash Config Support Enabled, but no .FlashConfig section provided within application)
 *(SORT_BY_ALIGNMENT(.text*))
 .text.__assertion_failed
                0x00000410       0x18 ./utilities/fsl_assert.o
                0x00000410                __assertion_failed
 .text.DbgConsole_Init
                0x00000428       0x74 ./utilities/fsl_debug_console.o
                0x00000428                DbgConsole_Init
 .text.DbgConsole_Vprintf
                0x0000049c       0x3c ./utilities/fsl_debug_console.o
                0x0000049c                DbgConsole_Vprintf
 .text.DbgConsole_Putchar
                0x000004d8       0x30 ./utilities/fsl_debug_console.o
                0x000004d8                DbgConsole_Putchar
 .text.DbgConsole_PrintfFormattedData
                0x00000508      0x3e0 ./utilities/fsl_debug_console.o
 .text.setCamCLK
                0x000008e8       0x30 ./source/hello_world.o
                0x000008e8                setCamCLK
 .text.setCamSI
                0x00000918       0x30 ./source/hello_world.o
                0x00000918                setCamSI
 .text.getCamAO
                0x00000948       0x18 ./source/hello_world.o
                0x00000948                getCamAO
 .text.main     0x00000960       0x7c ./source/hello_world.o
                0x00000960                main
 .text.CLOCK_SetEr32kClock
                0x000009dc       0x30 ./drivers/fsl_clock.o
 .text.CLOCK_SetPllFllSelClock
                0x00000a0c       0x38 ./drivers/fsl_clock.o
 .text.CLOCK_GetMcgExtClkFreq
                0x00000a44       0x7c ./drivers/fsl_clock.o
 .text.CLOCK_GetFllExtRefClkFreq
                0x00000ac0       0xb0 ./drivers/fsl_clock.o
 .text.CLOCK_GetInternalRefClkSelectFreq
                0x00000b70       0x4c ./drivers/fsl_clock.o
 .text.CLOCK_GetFllRefClkFreq
                0x00000bbc       0x34 ./drivers/fsl_clock.o
 .text.CLOCK_GetOscRangeFromFreq
                0x00000bf0       0x3c ./drivers/fsl_clock.o
 .text.CLOCK_GetCoreSysClkFreq
                0x00000c2c       0x28 ./drivers/fsl_clock.o
                0x00000c2c                CLOCK_GetCoreSysClkFreq
 .text.CLOCK_SetSimConfig
                0x00000c54       0x34 ./drivers/fsl_clock.o
                0x00000c54                CLOCK_SetSimConfig
 .text.CLOCK_GetOutClkFreq
                0x00000c88       0x64 ./drivers/fsl_clock.o
                0x00000c88                CLOCK_GetOutClkFreq
 .text.CLOCK_GetFllFreq
                0x00000cec       0x84 ./drivers/fsl_clock.o
                0x00000cec                CLOCK_GetFllFreq
 .text.CLOCK_GetPll0Freq
                0x00000d70       0x78 ./drivers/fsl_clock.o
                0x00000d70                CLOCK_GetPll0Freq
 .text.CLOCK_SetExternalRefClkConfig
                0x00000de8       0x6c ./drivers/fsl_clock.o
                0x00000de8                CLOCK_SetExternalRefClkConfig
 .text.CLOCK_SetInternalRefClkConfig
                0x00000e54      0x104 ./drivers/fsl_clock.o
                0x00000e54                CLOCK_SetInternalRefClkConfig
 .text.CLOCK_EnablePll0
                0x00000f58       0x88 ./drivers/fsl_clock.o
                0x00000f58                CLOCK_EnablePll0
 .text.CLOCK_InitOsc0
                0x00000fe0       0x8c ./drivers/fsl_clock.o
                0x00000fe0                CLOCK_InitOsc0
 .text.CLOCK_SetPbeMode
                0x0000106c       0xa8 ./drivers/fsl_clock.o
                0x0000106c                CLOCK_SetPbeMode
 .text.CLOCK_BootToPeeMode
                0x00001114       0x64 ./drivers/fsl_clock.o
                0x00001114                CLOCK_BootToPeeMode
 .text.GPIO_PinInit
                0x00001178       0x64 ./drivers/fsl_gpio.o
                0x00001178                GPIO_PinInit
 .text.LPUART0_DriverIRQHandler
                0x000011dc       0x28 ./drivers/fsl_lpuart.o
                0x000011dc                LPUART0_DriverIRQHandler
 .text.UART_GetInstance
                0x00001204       0x54 ./drivers/fsl_uart.o
                0x00001204                UART_GetInstance
 .text.UART_Init
                0x00001258      0x294 ./drivers/fsl_uart.o
                0x00001258                UART_Init
 .text.UART_GetDefaultConfig
                0x000014ec       0x64 ./drivers/fsl_uart.o
                0x000014ec                UART_GetDefaultConfig
 .text.UART_ReadBlocking
                0x00001550       0xfc ./drivers/fsl_uart.o
                0x00001550                UART_ReadBlocking
 .text.UART0_DriverIRQHandler
                0x0000164c       0x28 ./drivers/fsl_uart.o
                0x0000164c                UART0_DriverIRQHandler
 .text.UART1_DriverIRQHandler
                0x00001674       0x28 ./drivers/fsl_uart.o
                0x00001674                UART1_DriverIRQHandler
 .text.UART2_DriverIRQHandler
                0x0000169c       0x28 ./drivers/fsl_uart.o
                0x0000169c                UART2_DriverIRQHandler
 .text.SystemInit
                0x000016c4       0x3c ./device/system_MK22F51212.o
                0x000016c4                SystemInit
 .text.HAL_UartInit
                0x00001700      0x114 ./component/uart/fsl_adapter_uart.o
                0x00001700                HAL_UartInit
 .text.HAL_UartReceiveBlocking
                0x00001814       0x6c ./component/uart/fsl_adapter_uart.o
                0x00001814                HAL_UartReceiveBlocking
 .text.HAL_UartSendBlocking
                0x00001880       0x64 ./component/uart/fsl_adapter_uart.o
                0x00001880                HAL_UartSendBlocking
 .text.CLOCK_SetSimSafeDivs
                0x000018e4       0x24 ./board/clock_config.o
 .text.CLOCK_SetXtal0Freq
                0x00001908       0x20 ./board/clock_config.o
 .text.CLOCK_CONFIG_SetFllExtRefDiv
                0x00001928       0x3c ./board/clock_config.o
 .text.BOARD_BootClockRUN
                0x00001964       0x60 ./board/clock_config.o
                0x00001964                BOARD_BootClockRUN
 .text.PORT_SetPinConfig
                0x000019c4       0x38 ./board/pin_mux.o
 .text.BOARD_InitPins
                0x000019fc       0x6c ./board/pin_mux.o
                0x000019fc                BOARD_InitPins
 .text.LSCAN_CAM
                0x00001a68       0xd4 ./board/pin_mux.o
                0x00001a68                LSCAN_CAM
 .text._initio  0x00001b3c       0x78 d:/programs/mcuxpressoide_11.6.1_8255/ide/plugins/com.nxp.mcuxpresso.tools.win32_11.6.1.202207200623/tools/bin/../lib/gcc/arm-none-eabi/10.3.1/../../../../arm-none-eabi/lib/thumb/v7e-m+fp/hard\libcr_c.a(initio.o)
                0x00001b3c                _initio
 .text.fflush   0x00001bb4       0x3c d:/programs/mcuxpressoide_11.6.1_8255/ide/plugins/com.nxp.mcuxpresso.tools.win32_11.6.1.202207200623/tools/bin/../lib/gcc/arm-none-eabi/10.3.1/../../../../arm-none-eabi/lib/thumb/v7e-m+fp/hard\libcr_c.a(fflush.o)
                0x00001bb4                fflush
 .text.fseek    0x00001bf0       0xfc d:/programs/mcuxpressoide_11.6.1_8255/ide/plugins/com.nxp.mcuxpresso.tools.win32_11.6.1.202207200623/tools/bin/../lib/gcc/arm-none-eabi/10.3.1/../../../../arm-none-eabi/lib/thumb/v7e-m+fp/hard\libcr_c.a(fseek.o)
                0x00001bf0                fseek
 .text.ftell    0x00001cec       0x44 d:/programs/mcuxpressoide_11.6.1_8255/ide/plugins/com.nxp.mcuxpresso.tools.win32_11.6.1.202207200623/tools/bin/../lib/gcc/arm-none-eabi/10.3.1/../../../../arm-none-eabi/lib/thumb/v7e-m+fp/hard\libcr_c.a(ftell.o)
                0x00001cec                ftell
 .text._Cwritebuf
                0x00001d30       0x6c d:/programs/mcuxpressoide_11.6.1_8255/ide/plugins/com.nxp.mcuxpresso.tools.win32_11.6.1.202207200623/tools/bin/../lib/gcc/arm-none-eabi/10.3.1/../../../../arm-none-eabi/lib/thumb/v7e-m+fp/hard\libcr_c.a(_writebuf.o)
                0x00001d30                _Cwritebuf
 .text.DbgConsole_Printf
                0x00001d9c       0x2c ./utilities/fsl_debug_console.o
                0x00001d9c                DbgConsole_Printf
 .text.DbgConsole_PrintfPaddingCharacter
                0x00001dc8       0x40 ./utilities/fsl_debug_console.o
 .text.DbgConsole_ConvertRadixNumToString
                0x00001e08       0xc2 ./utilities/fsl_debug_console.o
 .text.DMA0_IRQHandler
                0x00001eca        0x8 ./startup/startup_mk22f51212.o
                0x00001eca                DMA0_IRQHandler
 .text.DMA1_IRQHandler
                0x00001ed2        0x8 ./startup/startup_mk22f51212.o
                0x00001ed2                DMA1_IRQHandler
 .text.DMA2_IRQHandler
                0x00001eda        0x8 ./startup/startup_mk22f51212.o
                0x00001eda                DMA2_IRQHandler
 .text.DMA3_IRQHandler
                0x00001ee2        0x8 ./startup/startup_mk22f51212.o
                0x00001ee2                DMA3_IRQHandler
 .text.DMA4_IRQHandler
                0x00001eea        0x8 ./startup/startup_mk22f51212.o
                0x00001eea                DMA4_IRQHandler
 .text.DMA5_IRQHandler
                0x00001ef2        0x8 ./startup/startup_mk22f51212.o
                0x00001ef2                DMA5_IRQHandler
 .text.DMA6_IRQHandler
                0x00001efa        0x8 ./startup/startup_mk22f51212.o
                0x00001efa                DMA6_IRQHandler
 .text.DMA7_IRQHandler
                0x00001f02        0x8 ./startup/startup_mk22f51212.o
                0x00001f02                DMA7_IRQHandler
 .text.DMA8_IRQHandler
                0x00001f0a        0x8 ./startup/startup_mk22f51212.o
                0x00001f0a                DMA8_IRQHandler
 .text.DMA9_IRQHandler
                0x00001f12        0x8 ./startup/startup_mk22f51212.o
                0x00001f12                DMA9_IRQHandler
 .text.DMA10_IRQHandler
                0x00001f1a        0x8 ./startup/startup_mk22f51212.o
                0x00001f1a                DMA10_IRQHandler
 .text.DMA11_IRQHandler
                0x00001f22        0x8 ./startup/startup_mk22f51212.o
                0x00001f22                DMA11_IRQHandler
 .text.DMA12_IRQHandler
                0x00001f2a        0x8 ./startup/startup_mk22f51212.o
                0x00001f2a                DMA12_IRQHandler
 .text.DMA13_IRQHandler
                0x00001f32        0x8 ./startup/startup_mk22f51212.o
                0x00001f32                DMA13_IRQHandler
 .text.DMA14_IRQHandler
                0x00001f3a        0x8 ./startup/startup_mk22f51212.o
                0x00001f3a                DMA14_IRQHandler
 .text.DMA15_IRQHandler
                0x00001f42        0x8 ./startup/startup_mk22f51212.o
                0x00001f42                DMA15_IRQHandler
 .text.DMA_Error_IRQHandler
                0x00001f4a        0x8 ./startup/startup_mk22f51212.o
                0x00001f4a                DMA_Error_IRQHandler
 .text.MCM_IRQHandler
                0x00001f52        0x8 ./startup/startup_mk22f51212.o
                0x00001f52                MCM_IRQHandler
 .text.FTF_IRQHandler
                0x00001f5a        0x8 ./startup/startup_mk22f51212.o
                0x00001f5a                FTF_IRQHandler
 .text.Read_Collision_IRQHandler
                0x00001f62        0x8 ./startup/startup_mk22f51212.o
                0x00001f62                Read_Collision_IRQHandler
 .text.LVD_LVW_IRQHandler
                0x00001f6a        0x8 ./startup/startup_mk22f51212.o
                0x00001f6a                LVD_LVW_IRQHandler
 .text.LLWU_IRQHandler
                0x00001f72        0x8 ./startup/startup_mk22f51212.o
                0x00001f72                LLWU_IRQHandler
 .text.WDOG_EWM_IRQHandler
                0x00001f7a        0x8 ./startup/startup_mk22f51212.o
                0x00001f7a                WDOG_EWM_IRQHandler
 .text.RNG_IRQHandler
                0x00001f82        0x8 ./startup/startup_mk22f51212.o
                0x00001f82                RNG_IRQHandler
 .text.I2C0_IRQHandler
                0x00001f8a        0x8 ./startup/startup_mk22f51212.o
                0x00001f8a                I2C0_IRQHandler
 .text.I2C1_IRQHandler
                0x00001f92        0x8 ./startup/startup_mk22f51212.o
                0x00001f92                I2C1_IRQHandler
 .text.SPI0_IRQHandler
                0x00001f9a        0x8 ./startup/startup_mk22f51212.o
                0x00001f9a                SPI0_IRQHandler
 .text.SPI1_IRQHandler
                0x00001fa2        0x8 ./startup/startup_mk22f51212.o
                0x00001fa2                SPI1_IRQHandler
 .text.I2S0_Tx_IRQHandler
                0x00001faa        0x8 ./startup/startup_mk22f51212.o
                0x00001faa                I2S0_Tx_IRQHandler
 .text.I2S0_Rx_IRQHandler
                0x00001fb2        0x8 ./startup/startup_mk22f51212.o
                0x00001fb2                I2S0_Rx_IRQHandler
 .text.LPUART0_IRQHandler
                0x00001fba        0x8 ./startup/startup_mk22f51212.o
                0x00001fba                LPUART0_IRQHandler
 .text.UART0_RX_TX_IRQHandler
                0x00001fc2        0x8 ./startup/startup_mk22f51212.o
                0x00001fc2                UART0_RX_TX_IRQHandler
 .text.UART0_ERR_IRQHandler
                0x00001fca        0x8 ./startup/startup_mk22f51212.o
                0x00001fca                UART0_ERR_IRQHandler
 .text.UART1_RX_TX_IRQHandler
                0x00001fd2        0x8 ./startup/startup_mk22f51212.o
                0x00001fd2                UART1_RX_TX_IRQHandler
 .text.UART1_ERR_IRQHandler
                0x00001fda        0x8 ./startup/startup_mk22f51212.o
                0x00001fda                UART1_ERR_IRQHandler
 .text.UART2_RX_TX_IRQHandler
                0x00001fe2        0x8 ./startup/startup_mk22f51212.o
                0x00001fe2                UART2_RX_TX_IRQHandler
 .text.UART2_ERR_IRQHandler
                0x00001fea        0x8 ./startup/startup_mk22f51212.o
                0x00001fea                UART2_ERR_IRQHandler
 .text.Reserved53_IRQHandler
                0x00001ff2        0x8 ./startup/startup_mk22f51212.o
                0x00001ff2                Reserved53_IRQHandler
 .text.Reserved54_IRQHandler
                0x00001ffa        0x8 ./startup/startup_mk22f51212.o
                0x00001ffa                Reserved54_IRQHandler
 .text.ADC0_IRQHandler
                0x00002002        0x8 ./startup/startup_mk22f51212.o
                0x00002002                ADC0_IRQHandler
 .text.CMP0_IRQHandler
                0x0000200a        0x8 ./startup/startup_mk22f51212.o
                0x0000200a                CMP0_IRQHandler
 .text.CMP1_IRQHandler
                0x00002012        0x8 ./startup/startup_mk22f51212.o
                0x00002012                CMP1_IRQHandler
 .text.FTM0_IRQHandler
                0x0000201a        0x8 ./startup/startup_mk22f51212.o
                0x0000201a                FTM0_IRQHandler
 .text.FTM1_IRQHandler
                0x00002022        0x8 ./startup/startup_mk22f51212.o
                0x00002022                FTM1_IRQHandler
 .text.FTM2_IRQHandler
                0x0000202a        0x8 ./startup/startup_mk22f51212.o
                0x0000202a                FTM2_IRQHandler
 .text.Reserved61_IRQHandler
                0x00002032        0x8 ./startup/startup_mk22f51212.o
                0x00002032                Reserved61_IRQHandler
 .text.RTC_IRQHandler
                0x0000203a        0x8 ./startup/startup_mk22f51212.o
                0x0000203a                RTC_IRQHandler
 .text.RTC_Seconds_IRQHandler
                0x00002042        0x8 ./startup/startup_mk22f51212.o
                0x00002042                RTC_Seconds_IRQHandler
 .text.PIT0_IRQHandler
                0x0000204a        0x8 ./startup/startup_mk22f51212.o
                0x0000204a                PIT0_IRQHandler
 .text.PIT1_IRQHandler
                0x00002052        0x8 ./startup/startup_mk22f51212.o
                0x00002052                PIT1_IRQHandler
 .text.PIT2_IRQHandler
                0x0000205a        0x8 ./startup/startup_mk22f51212.o
                0x0000205a                PIT2_IRQHandler
 .text.PIT3_IRQHandler
                0x00002062        0x8 ./startup/startup_mk22f51212.o
                0x00002062                PIT3_IRQHandler
 .text.PDB0_IRQHandler
                0x0000206a        0x8 ./startup/startup_mk22f51212.o
                0x0000206a                PDB0_IRQHandler
 .text.USB0_IRQHandler
                0x00002072        0x8 ./startup/startup_mk22f51212.o
                0x00002072                USB0_IRQHandler
 .text.Reserved70_IRQHandler
                0x0000207a        0x8 ./startup/startup_mk22f51212.o
                0x0000207a                Reserved70_IRQHandler
 .text.Reserved71_IRQHandler
                0x00002082        0x8 ./startup/startup_mk22f51212.o
                0x00002082                Reserved71_IRQHandler
 .text.DAC0_IRQHandler
                0x0000208a        0x8 ./startup/startup_mk22f51212.o
                0x0000208a                DAC0_IRQHandler
 .text.MCG_IRQHandler
                0x00002092        0x8 ./startup/startup_mk22f51212.o
                0x00002092                MCG_IRQHandler
 .text.LPTMR0_IRQHandler
                0x0000209a        0x8 ./startup/startup_mk22f51212.o
                0x0000209a                LPTMR0_IRQHandler
 .text.PORTA_IRQHandler
                0x000020a2        0x8 ./startup/startup_mk22f51212.o
                0x000020a2                PORTA_IRQHandler
 .text.PORTB_IRQHandler
                0x000020aa        0x8 ./startup/startup_mk22f51212.o
                0x000020aa                PORTB_IRQHandler
 .text.PORTC_IRQHandler
                0x000020b2        0x8 ./startup/startup_mk22f51212.o
                0x000020b2                PORTC_IRQHandler
 .text.PORTD_IRQHandler
                0x000020ba        0x8 ./startup/startup_mk22f51212.o
                0x000020ba                PORTD_IRQHandler
 .text.PORTE_IRQHandler
                0x000020c2        0x8 ./startup/startup_mk22f51212.o
                0x000020c2                PORTE_IRQHandler
 .text.SWI_IRQHandler
                0x000020ca        0x8 ./startup/startup_mk22f51212.o
                0x000020ca                SWI_IRQHandler
 .text.Reserved81_IRQHandler
                0x000020d2        0x8 ./startup/startup_mk22f51212.o
                0x000020d2                Reserved81_IRQHandler
 .text.Reserved82_IRQHandler
                0x000020da        0x8 ./startup/startup_mk22f51212.o
                0x000020da                Reserved82_IRQHandler
 .text.Reserved83_IRQHandler
                0x000020e2        0x8 ./startup/startup_mk22f51212.o
                0x000020e2                Reserved83_IRQHandler
 .text.Reserved84_IRQHandler
                0x000020ea        0x8 ./startup/startup_mk22f51212.o
                0x000020ea                Reserved84_IRQHandler
 .text.Reserved85_IRQHandler
                0x000020f2        0x8 ./startup/startup_mk22f51212.o
                0x000020f2                Reserved85_IRQHandler
 .text.Reserved86_IRQHandler
                0x000020fa        0x8 ./startup/startup_mk22f51212.o
                0x000020fa                Reserved86_IRQHandler
 .text.FTM3_IRQHandler
                0x00002102        0x8 ./startup/startup_mk22f51212.o
                0x00002102                FTM3_IRQHandler
 .text.DAC1_IRQHandler
                0x0000210a        0x8 ./startup/startup_mk22f51212.o
                0x0000210a                DAC1_IRQHandler
 .text.ADC1_IRQHandler
                0x00002112        0x8 ./startup/startup_mk22f51212.o
                0x00002112                ADC1_IRQHandler
 .text.GPIO_PinWrite
                0x0000211a       0x36 ./source/hello_world.o
 .text.GPIO_PinRead
                0x00002150       0x24 ./source/hello_world.o
 .text.HardFault_Handler
                0x00002174       0x2c ./source/semihost_hardfault.o
                0x00002174                HardFault_Handler
 .text.OSC_SetExtRefClkConfig
                0x000021a0       0x40 ./drivers/fsl_clock.o
 .text.OSC_SetCapLoad
                0x000021e0       0x34 ./drivers/fsl_clock.o
 .text.CLOCK_GetPll0RefFreq
                0x00002214        0xe ./drivers/fsl_clock.o
 .text.GPIO_PinWrite
                0x00002222       0x36 ./drivers/fsl_gpio.o
 .text.CLOCK_EnableClock
                0x00002258       0x34 ./drivers/fsl_uart.o
 .text.UART_GetStatusFlags
                0x0000228c       0x48 ./drivers/fsl_uart.o
                0x0000228c                UART_GetStatusFlags
 .text.UART_ClearStatusFlags
                0x000022d4       0x80 ./drivers/fsl_uart.o
                0x000022d4                UART_ClearStatusFlags
 .text.UART_WriteBlocking
                0x00002354       0x50 ./drivers/fsl_uart.o
                0x00002354                UART_WriteBlocking
 .text.UART0_RX_TX_DriverIRQHandler
                0x000023a4       0x12 ./drivers/fsl_uart.o
                0x000023a4                UART0_RX_TX_DriverIRQHandler
 .text.UART1_RX_TX_DriverIRQHandler
                0x000023b6       0x12 ./drivers/fsl_uart.o
                0x000023b6                UART1_RX_TX_DriverIRQHandler
 .text.UART2_RX_TX_DriverIRQHandler
                0x000023c8       0x12 ./drivers/fsl_uart.o
                0x000023c8                UART2_RX_TX_DriverIRQHandler
 .text.SystemInitHook
                0x000023da        0xe ./device/system_MK22F51212.o
                0x000023da                SystemInitHook
 .text.HAL_UartGetStatus
                0x000023e8       0x22 ./component/uart/fsl_adapter_uart.o
 .text.BOARD_InitDebugConsole
                0x0000240a       0x22 ./board/board.o
                0x0000240a                BOARD_InitDebugConsole
 .text.BOARD_InitBootClocks
                0x0000242c        0xc ./board/clock_config.o
                0x0000242c                BOARD_InitBootClocks
 .text.CLOCK_EnableClock
                0x00002438       0x34 ./board/pin_mux.o
 .text.PORT_SetPinMux
                0x0000246c       0x3a ./board/pin_mux.o
 .text.BOARD_InitBootPins
                0x000024a6       0x10 ./board/pin_mux.o
                0x000024a6                BOARD_InitBootPins
 .text.__main   0x000024b6        0xe d:/programs/mcuxpressoide_11.6.1_8255/ide/plugins/com.nxp.mcuxpresso.tools.win32_11.6.1.202207200623/tools/bin/../lib/gcc/arm-none-eabi/10.3.1/../../../../arm-none-eabi/lib/thumb/v7e-m+fp/hard\libcr_nohost_nf.a(_cr__main.o)
                0x000024b6                __main
 .text.memcpy   0x000024c4        0x4 d:/programs/mcuxpressoide_11.6.1_8255/ide/plugins/com.nxp.mcuxpresso.tools.win32_11.6.1.202207200623/tools/bin/../lib/gcc/arm-none-eabi/10.3.1/../../../../arm-none-eabi/lib/thumb/v7e-m+fp/hard\libcr_c.a(memcpy.o)
                0x000024c4                memcpy
 .text.memset   0x000024c8        0x4 d:/programs/mcuxpressoide_11.6.1_8255/ide/plugins/com.nxp.mcuxpresso.tools.win32_11.6.1.202207200623/tools/bin/../lib/gcc/arm-none-eabi/10.3.1/../../../../arm-none-eabi/lib/thumb/v7e-m+fp/hard\libcr_c.a(memset.o)
                0x000024c8                memset
 .text.free     0x000024cc       0x30 d:/programs/mcuxpressoide_11.6.1_8255/ide/plugins/com.nxp.mcuxpresso.tools.win32_11.6.1.202207200623/tools/bin/../lib/gcc/arm-none-eabi/10.3.1/../../../../arm-none-eabi/lib/thumb/v7e-m+fp/hard\libcr_c.a(alloc.o)
                0x000024cc                free
 .text.setvbuf  0x000024fc       0x3e d:/programs/mcuxpressoide_11.6.1_8255/ide/plugins/com.nxp.mcuxpresso.tools.win32_11.6.1.202207200623/tools/bin/../lib/gcc/arm-none-eabi/10.3.1/../../../../arm-none-eabi/lib/thumb/v7e-m+fp/hard\libcr_c.a(setvbuf.o)
                0x000024fc                setvbuf
 .text.strlen   0x0000253a       0x48 d:/programs/mcuxpressoide_11.6.1_8255/ide/plugins/com.nxp.mcuxpresso.tools.win32_11.6.1.202207200623/tools/bin/../lib/gcc/arm-none-eabi/10.3.1/../../../../arm-none-eabi/lib/thumb/v7e-m+fp/hard\libcr_c.a(strlen.o)
                0x0000253a                strlen
 .text._fdopen  0x00002582       0x68 d:/programs/mcuxpressoide_11.6.1_8255/ide/plugins/com.nxp.mcuxpresso.tools.win32_11.6.1.202207200623/tools/bin/../lib/gcc/arm-none-eabi/10.3.1/../../../../arm-none-eabi/lib/thumb/v7e-m+fp/hard\libcr_c.a(_fdopen.o)
                0x00002582                _fdopen
 .text.fclose   0x000025ea       0x58 d:/programs/mcuxpressoide_11.6.1_8255/ide/plugins/com.nxp.mcuxpresso.tools.win32_11.6.1.202207200623/tools/bin/../lib/gcc/arm-none-eabi/10.3.1/../../../../arm-none-eabi/lib/thumb/v7e-m+fp/hard\libcr_c.a(fclose.o)
                0x000025ea                fclose
 .text.remove   0x00002642       0x14 d:/programs/mcuxpressoide_11.6.1_8255/ide/plugins/com.nxp.mcuxpresso.tools.win32_11.6.1.202207200623/tools/bin/../lib/gcc/arm-none-eabi/10.3.1/../../../../arm-none-eabi/lib/thumb/v7e-m+fp/hard\libcr_c.a(remove.o)
                0x00002642                remove
 .text._do_fflush
                0x00002656       0x40 d:/programs/mcuxpressoide_11.6.1_8255/ide/plugins/com.nxp.mcuxpresso.tools.win32_11.6.1.202207200623/tools/bin/../lib/gcc/arm-none-eabi/10.3.1/../../../../arm-none-eabi/lib/thumb/v7e-m+fp/hard\libcr_c.a(_do_fflush.o)
                0x00002656                _do_fflush
 .text._fflush  0x00002696       0x52 d:/programs/mcuxpressoide_11.6.1_8255/ide/plugins/com.nxp.mcuxpresso.tools.win32_11.6.1.202207200623/tools/bin/../lib/gcc/arm-none-eabi/10.3.1/../../../../arm-none-eabi/lib/thumb/v7e-m+fp/hard\libcr_c.a(_fflush.o)
                0x00002696                _fflush
 .text._deferredlazyseek
                0x000026e8       0x40 d:/programs/mcuxpressoide_11.6.1_8255/ide/plugins/com.nxp.mcuxpresso.tools.win32_11.6.1.202207200623/tools/bin/../lib/gcc/arm-none-eabi/10.3.1/../../../../arm-none-eabi/lib/thumb/v7e-m+fp/hard\libcr_c.a(_deferredlazyseek.o)
                0x000026e8                _deferredlazyseek
 .text.__aeabi_memcpy
                0x00002728       0x34 d:/programs/mcuxpressoide_11.6.1_8255/ide/plugins/com.nxp.mcuxpresso.tools.win32_11.6.1.202207200623/tools/bin/../lib/gcc/arm-none-eabi/10.3.1/thumb/v7e-m+fp/hard\libcr_eabihelpers.a(memcpy.o)
                0x00002728                __aeabi_memcpy
                0x00002732                __aeabi_memcpy8
                0x00002732                __aeabi_memcpy4
 .text.__aeabi_memset_lowlevel
                0x0000275c       0x32 d:/programs/mcuxpressoide_11.6.1_8255/ide/plugins/com.nxp.mcuxpresso.tools.win32_11.6.1.202207200623/tools/bin/../lib/gcc/arm-none-eabi/10.3.1/thumb/v7e-m+fp/hard\libcr_eabihelpers.a(memcpy.o)
                0x0000275c                __aeabi_lowlevel_memset
 .text.__sys_close
                0x0000278e        0x6 d:/programs/mcuxpressoide_11.6.1_8255/ide/plugins/com.nxp.mcuxpresso.tools.win32_11.6.1.202207200623/tools/bin/../lib/gcc/arm-none-eabi/10.3.1/../../../../arm-none-eabi/lib/thumb/v7e-m+fp/hard\libcr_nohost_nf.a(__sys_close.o)
                0x0000278e                __sys_close
 .text.__sys_flen
                0x00002794        0x6 d:/programs/mcuxpressoide_11.6.1_8255/ide/plugins/com.nxp.mcuxpresso.tools.win32_11.6.1.202207200623/tools/bin/../lib/gcc/arm-none-eabi/10.3.1/../../../../arm-none-eabi/lib/thumb/v7e-m+fp/hard\libcr_nohost_nf.a(__sys_flen.o)
                0x00002794                __sys_flen
 .text.__sys_istty
                0x0000279a        0x6 d:/programs/mcuxpressoide_11.6.1_8255/ide/plugins/com.nxp.mcuxpresso.tools.win32_11.6.1.202207200623/tools/bin/../lib/gcc/arm-none-eabi/10.3.1/../../../../arm-none-eabi/lib/thumb/v7e-m+fp/hard\libcr_nohost_nf.a(__sys_istty.o)
                0x0000279a                __sys_istty
 .text.__sys_remove
                0x000027a0        0x6 d:/programs/mcuxpressoide_11.6.1_8255/ide/plugins/com.nxp.mcuxpresso.tools.win32_11.6.1.202207200623/tools/bin/../lib/gcc/arm-none-eabi/10.3.1/../../../../arm-none-eabi/lib/thumb/v7e-m+fp/hard\libcr_nohost_nf.a(__sys_remove.o)
                0x000027a0                __sys_remove
 .text.__sys_seek
                0x000027a6        0x6 d:/programs/mcuxpressoide_11.6.1_8255/ide/plugins/com.nxp.mcuxpresso.tools.win32_11.6.1.202207200623/tools/bin/../lib/gcc/arm-none-eabi/10.3.1/../../../../arm-none-eabi/lib/thumb/v7e-m+fp/hard\libcr_nohost_nf.a(__sys_seek.o)
                0x000027a6                __sys_seek
 .text.__sys_tmpnam
                0x000027ac        0x6 d:/programs/mcuxpressoide_11.6.1_8255/ide/plugins/com.nxp.mcuxpresso.tools.win32_11.6.1.202207200623/tools/bin/../lib/gcc/arm-none-eabi/10.3.1/../../../../arm-none-eabi/lib/thumb/v7e-m+fp/hard\libcr_nohost_nf.a(__sys_tmpnam.o)
                0x000027ac                __sys_tmpnam
 .text.__sys_write
                0x000027b2        0x4 d:/programs/mcuxpressoide_11.6.1_8255/ide/plugins/com.nxp.mcuxpresso.tools.win32_11.6.1.202207200623/tools/bin/../lib/gcc/arm-none-eabi/10.3.1/../../../../arm-none-eabi/lib/thumb/v7e-m+fp/hard\libcr_nohost_nf.a(__sys_write.o)
                0x000027b2                __sys_write
 *(SORT_BY_ALIGNMENT(.rodata) SORT_BY_ALIGNMENT(.rodata.*) SORT_BY_ALIGNMENT(.constdata) SORT_BY_ALIGNMENT(.constdata.*))
 *fill*         0x000027b6        0x2 ff
 .rodata.__assertion_failed.str1.4
                0x000027b8       0x14 ./utilities/fsl_assert.o
 .rodata.main.str1.4
                0x000027cc       0x1f ./source/hello_world.o
 *fill*         0x000027eb        0x1 ff
 .rodata.CLOCK_GetMcgExtClkFreq.str1.4
                0x000027ec       0x49 ./drivers/fsl_clock.o
 *fill*         0x00002835        0x3 ff
 .rodata.CLOCK_GetPll0Freq.str1.4
                0x00002838       0x1d ./drivers/fsl_clock.o
 *fill*         0x00002855        0x3 ff
 .rodata.CLOCK_EnablePll0.str1.4
                0x00002858       0x1a ./drivers/fsl_clock.o
 *fill*         0x00002872        0x2 ff
 .rodata.CLOCK_SetPbeMode.str1.4
                0x00002874       0x1a ./drivers/fsl_clock.o
 *fill*         0x0000288e        0x2 ff
 .rodata.CLOCK_BootToPeeMode.str1.4
                0x00002890       0x1a ./drivers/fsl_clock.o
 *fill*         0x000028aa        0x2 ff
 .rodata.fllFactorTable.1
                0x000028ac       0x10 ./drivers/fsl_clock.o
 .rodata.GPIO_PinInit.str1.4
                0x000028bc       0x20 ./drivers/fsl_gpio.o
 .rodata.s_uartBases
                0x000028dc        0xc ./drivers/fsl_uart.o
 .rodata.s_uartClock
                0x000028e8        0xc ./drivers/fsl_uart.o
 .rodata.UART_GetInstance.str1.4
                0x000028f4       0x2b ./drivers/fsl_uart.o
 *fill*         0x0000291f        0x1 ff
 .rodata.UART_Init.str1.4
                0x00002920       0xfb ./drivers/fsl_uart.o
 *fill*         0x00002a1b        0x1 ff
 .rodata.UART_GetDefaultConfig.str1.4
                0x00002a1c       0x20 ./drivers/fsl_uart.o
 .rodata.UART_ReadBlocking.str1.4
                0x00002a3c       0x1e ./drivers/fsl_uart.o
 *fill*         0x00002a5a        0x2 ff
 .rodata.s_UartAdapterBase
                0x00002a5c        0xc ./component/uart/fsl_adapter_uart.o
 .rodata.HAL_UartInit.str1.4
                0x00002a68       0xdd ./component/uart/fsl_adapter_uart.o
 *fill*         0x00002b45        0x3 ff
 .rodata.HAL_UartReceiveBlocking.str1.4
                0x00002b48       0x60 ./component/uart/fsl_adapter_uart.o
 .rodata.HAL_UartSendBlocking.str1.4
                0x00002ba8       0x60 ./component/uart/fsl_adapter_uart.o
 .rodata.mcgConfig_BOARD_BootClockRUN
                0x00002c08        0xb ./board/clock_config.o
                0x00002c08                mcgConfig_BOARD_BootClockRUN
 *fill*         0x00002c13        0x1 ff
 .rodata.simConfig_BOARD_BootClockRUN
                0x00002c14        0x8 ./board/clock_config.o
                0x00002c14                simConfig_BOARD_BootClockRUN
 .rodata.oscConfig_BOARD_BootClockRUN
                0x00002c1c        0x8 ./board/clock_config.o
                0x00002c1c                oscConfig_BOARD_BootClockRUN
 .rodata.PORT_SetPinConfig.str1.4
                0x00002c24       0x51 ./board/pin_mux.o
 *fill*         0x00002c75        0x3 ff
 .rodata.__num_Ciob_streams
                0x00002c78        0x4 d:/programs/mcuxpressoide_11.6.1_8255/ide/plugins/com.nxp.mcuxpresso.tools.win32_11.6.1.202207200623/tools/bin/../lib/gcc/arm-none-eabi/10.3.1/../../../../arm-none-eabi/lib/thumb/v7e-m+fp/hard\libcr_nohost_nf.a(__ciob.o)
                0x00002c78                __num_Ciob_streams
 .rodata._initio.str1.1
                0x00002c7c        0x4 d:/programs/mcuxpressoide_11.6.1_8255/ide/plugins/com.nxp.mcuxpresso.tools.win32_11.6.1.202207200623/tools/bin/../lib/gcc/arm-none-eabi/10.3.1/../../../../arm-none-eabi/lib/thumb/v7e-m+fp/hard\libcr_c.a(initio.o)
                0x00002c80                . = ALIGN (0x4)
                0x00002c80                _etext = .

.glue_7         0x00002c80        0x0
 .glue_7        0x00002c80        0x0 linker stubs

.glue_7t        0x00002c80        0x0
 .glue_7t       0x00002c80        0x0 linker stubs

.vfp11_veneer   0x00002c80        0x0
 .vfp11_veneer  0x00002c80        0x0 linker stubs

.v4_bx          0x00002c80        0x0
 .v4_bx         0x00002c80        0x0 linker stubs

.iplt           0x00002c80        0x0
 .iplt          0x00002c80        0x0 ./utilities/fsl_assert.o

.rel.dyn        0x00002c80        0x0
 .rel.iplt      0x00002c80        0x0 ./utilities/fsl_assert.o

.m_usb_data
 *(SORT_BY_ALIGNMENT(m_usb_bdt))

.data_RAM2      0x1fff0000        0x0 load address 0x00002c80
 FILL mask 0xff
                [!provide]                PROVIDE (__start_data_RAM2 = .)
                [!provide]                PROVIDE (__start_data_SRAM_LOWER = .)
 *(SORT_BY_ALIGNMENT(.ramfunc.$RAM2))
 *(SORT_BY_ALIGNMENT(.ramfunc.$SRAM_LOWER))
 *(SORT_BY_ALIGNMENT(.data.$RAM2))
 *(SORT_BY_ALIGNMENT(.data.$SRAM_LOWER))
 *(SORT_BY_ALIGNMENT(.data.$RAM2.*))
 *(SORT_BY_ALIGNMENT(.data.$SRAM_LOWER.*))
                0x1fff0000                . = ALIGN (0x4)
                [!provide]                PROVIDE (__end_data_RAM2 = .)
                [!provide]                PROVIDE (__end_data_SRAM_LOWER = .)

.uninit_RESERVED
                0x20000000        0x0
                0x20000000                _start_uninit_RESERVED = .
 *(SORT_BY_ALIGNMENT(.bss.$RESERVED*))
                0x20000000                . = ALIGN (0x4)
                0x20000000                _end_uninit_RESERVED = .

.data           0x20000000        0xc load address 0x00002c80
 FILL mask 0xff
                0x20000000                _data = .
                [!provide]                PROVIDE (__start_data_RAM = .)
                [!provide]                PROVIDE (__start_data_SRAM_UPPER = .)
 *(SORT_BY_ALIGNMENT(vtable))
 *(SORT_BY_ALIGNMENT(.ramfunc*))
 *(SORT_BY_ALIGNMENT(CodeQuickAccess))
 *(SORT_BY_ALIGNMENT(DataQuickAccess))
 *(SORT_BY_ALIGNMENT(RamFunction))
 *(SORT_BY_ALIGNMENT(.data*))
 .data.s_slowIrcFreq
                0x20000000        0x4 ./drivers/fsl_clock.o
 .data.s_fastIrcFreq
                0x20000004        0x4 ./drivers/fsl_clock.o
 .data.SystemCoreClock
                0x20000008        0x4 ./device/system_MK22F51212.o
                0x20000008                SystemCoreClock
                0x2000000c                . = ALIGN (0x4)
                0x2000000c                _edata = .
                [!provide]                PROVIDE (__end_data_RAM = .)
                [!provide]                PROVIDE (__end_data_SRAM_UPPER = .)

.igot.plt       0x2000000c        0x0 load address 0x00002c8c
 .igot.plt      0x2000000c        0x0 ./utilities/fsl_assert.o

.bss_RAM2       0x1fff0000        0x0
                [!provide]                PROVIDE (__start_bss_RAM2 = .)
                [!provide]                PROVIDE (__start_bss_SRAM_LOWER = .)
 *(SORT_BY_ALIGNMENT(.bss.$RAM2))
 *(SORT_BY_ALIGNMENT(.bss.$SRAM_LOWER))
 *(SORT_BY_ALIGNMENT(.bss.$RAM2.*))
 *(SORT_BY_ALIGNMENT(.bss.$SRAM_LOWER.*))
                0x1fff0000                . = ALIGN ((. != 0x0)?0x4:0x1)
                [!provide]                PROVIDE (__end_bss_RAM2 = .)
                [!provide]                PROVIDE (__end_bss_SRAM_LOWER = .)

.bss            0x2000000c      0x2ec
                0x2000000c                _bss = .
                [!provide]                PROVIDE (__start_bss_RAM = .)
                [!provide]                PROVIDE (__start_bss_SRAM_UPPER = .)
 *(SORT_BY_ALIGNMENT(.bss*))
 .bss.s_debugConsole
                0x2000000c       0x14 ./utilities/fsl_debug_console.o
 .bss.Pixel     0x20000020      0x200 ./source/hello_world.o
                0x20000020                Pixel
 .bss.g_xtal0Freq
                0x20000220        0x4 ./drivers/fsl_clock.o
                0x20000220                g_xtal0Freq
 .bss.g_xtal32Freq
                0x20000224        0x4 ./drivers/fsl_clock.o
                0x20000224                g_xtal32Freq
 .bss.s_lpuartHandle
                0x20000228        0x4 ./drivers/fsl_lpuart.o
                0x20000228                s_lpuartHandle
 .bss.s_lpuartIsr
                0x2000022c        0x4 ./drivers/fsl_lpuart.o
                0x2000022c                s_lpuartIsr
 .bss.s_uartHandle
                0x20000230        0xc ./drivers/fsl_uart.o
                0x20000230                s_uartHandle
 .bss.s_uartIsr
                0x2000023c        0x4 ./drivers/fsl_uart.o
                0x2000023c                s_uartIsr
 .bss.errno     0x20000240        0x4 d:/programs/mcuxpressoide_11.6.1_8255/ide/plugins/com.nxp.mcuxpresso.tools.win32_11.6.1.202207200623/tools/bin/../lib/gcc/arm-none-eabi/10.3.1/../../../../arm-none-eabi/lib/thumb/v7e-m+fp/hard\libcr_c.a(errno.o)
                0x20000240                errno
 .bss.__Ciob    0x20000244       0xb4 d:/programs/mcuxpressoide_11.6.1_8255/ide/plugins/com.nxp.mcuxpresso.tools.win32_11.6.1.202207200623/tools/bin/../lib/gcc/arm-none-eabi/10.3.1/../../../../arm-none-eabi/lib/thumb/v7e-m+fp/hard\libcr_nohost_nf.a(__ciob.o)
                0x20000244                __Ciob
 *(SORT_BY_ALIGNMENT(COMMON))
                0x200002f8                . = ALIGN (0x4)
                0x200002f8                _ebss = .
                [!provide]                PROVIDE (__end_bss_RAM = .)
                [!provide]                PROVIDE (__end_bss_SRAM_UPPER = .)
                [!provide]                PROVIDE (end = .)

.noinit_RAM2    0x1fff0000        0x0
                [!provide]                PROVIDE (__start_noinit_RAM2 = .)
                [!provide]                PROVIDE (__start_noinit_SRAM_LOWER = .)
 *(SORT_BY_ALIGNMENT(.noinit.$RAM2))
 *(SORT_BY_ALIGNMENT(.noinit.$SRAM_LOWER))
 *(SORT_BY_ALIGNMENT(.noinit.$RAM2.*))
 *(SORT_BY_ALIGNMENT(.noinit.$SRAM_LOWER.*))
                0x1fff0000                . = ALIGN (0x4)
                [!provide]                PROVIDE (__end_noinit_RAM2 = .)
                [!provide]                PROVIDE (__end_noinit_SRAM_LOWER = .)

.noinit         0x200002f8        0x0
                0x200002f8                _noinit = .
                [!provide]                PROVIDE (__start_noinit_RAM = .)
                [!provide]                PROVIDE (__start_noinit_SRAM_UPPER = .)
 *(SORT_BY_ALIGNMENT(.noinit*))
                0x200002f8                . = ALIGN (0x4)
                0x200002f8                _end_noinit = .
                [!provide]                PROVIDE (__end_noinit_RAM = .)
                [!provide]                PROVIDE (__end_noinit_SRAM_UPPER = .)

.ARM.extab
 *(SORT_BY_ALIGNMENT(.ARM.extab*) SORT_BY_ALIGNMENT(.gnu.linkonce.armextab.*))

.ARM.exidx      0x00002c8c        0x0
                0x00002c8c                __exidx_start = .
 *(SORT_BY_ALIGNMENT(.ARM.exidx*) SORT_BY_ALIGNMENT(.gnu.linkonce.armexidx.*))
                0x00002c8c                __exidx_end = .
                0x00001000                _HeapSize = 0x1000

.heap           0x200002f8     0x1000
                0x200002f8                _pvHeapStart = .
                0x200012f8                . = (. + _HeapSize)
 *fill*         0x200002f8     0x1000 
                0x200012f8                . = ALIGN (0x4)
                0x200012f8                _pvHeapLimit = .
                0x00001000                _StackSize = 0x1000

.heap2stackfill
                0x200012f8     0x1000
                0x200022f8                . = (. + _StackSize)
 *fill*         0x200012f8     0x1000 

.stack          0x2000f000        0x0
                0x2000f000                _vStackBase = .
                0x2000f000                . = ALIGN (0x4)
                0x20010000                _vStackTop = (. + _StackSize)
                0x00000000                _image_start = LOADADDR (.text)
                0x00002c8c                _image_end = (LOADADDR (.data) + SIZEOF (.data))
                0x00002c8c                _image_size = (_image_end - _image_start)
OUTPUT(frdmk22f_hello_world.axf elf32-littlearm)
LOAD linker stubs

.debug_info     0x00000000     0xa792
 .debug_info    0x00000000       0xa3 ./utilities/fsl_assert.o
 .debug_info    0x000000a3      0xceb ./utilities/fsl_debug_console.o
 .debug_info    0x00000d8e      0x856 ./startup/startup_mk22f51212.o
 .debug_info    0x000015e4      0x52f ./source/hello_world.o
 .debug_info    0x00001b13       0x3c ./source/semihost_hardfault.o
 .debug_info    0x00001b4f     0x21d7 ./drivers/fsl_clock.o
 .debug_info    0x00003d26      0x6be ./drivers/fsl_gpio.o
 .debug_info    0x000043e4     0x1d55 ./drivers/fsl_lpuart.o
 .debug_info    0x00006139     0x1ed0 ./drivers/fsl_uart.o
 .debug_info    0x00008009      0x63a ./device/system_MK22F51212.o
 .debug_info    0x00008643      0xb16 ./component/uart/fsl_adapter_uart.o
 .debug_info    0x00009159       0xe7 ./board/board.o
 .debug_info    0x00009240      0xc65 ./board/clock_config.o
 .debug_info    0x00009ea5      0x8ed ./board/pin_mux.o

.debug_abbrev   0x00000000     0x1b06
 .debug_abbrev  0x00000000       0x66 ./utilities/fsl_assert.o
 .debug_abbrev  0x00000066      0x24b ./utilities/fsl_debug_console.o
 .debug_abbrev  0x000002b1      0x185 ./startup/startup_mk22f51212.o
 .debug_abbrev  0x00000436      0x1b8 ./source/hello_world.o
 .debug_abbrev  0x000005ee       0x31 ./source/semihost_hardfault.o
 .debug_abbrev  0x0000061f      0x359 ./drivers/fsl_clock.o
 .debug_abbrev  0x00000978      0x1a8 ./drivers/fsl_gpio.o
 .debug_abbrev  0x00000b20      0x3ff ./drivers/fsl_lpuart.o
 .debug_abbrev  0x00000f1f      0x41d ./drivers/fsl_uart.o
 .debug_abbrev  0x0000133c      0x148 ./device/system_MK22F51212.o
 .debug_abbrev  0x00001484      0x1c9 ./component/uart/fsl_adapter_uart.o
 .debug_abbrev  0x0000164d       0x85 ./board/board.o
 .debug_abbrev  0x000016d2      0x214 ./board/clock_config.o
 .debug_abbrev  0x000018e6      0x220 ./board/pin_mux.o

.debug_aranges  0x00000000      0xa28
 .debug_aranges
                0x00000000       0x20 ./utilities/fsl_assert.o
 .debug_aranges
                0x00000020       0x78 ./utilities/fsl_debug_console.o
 .debug_aranges
                0x00000098      0x2d0 ./startup/startup_mk22f51212.o
 .debug_aranges
                0x00000368       0x48 ./source/hello_world.o
 .debug_aranges
                0x000003b0       0x20 ./source/semihost_hardfault.o
 .debug_aranges
                0x000003d0      0x208 ./drivers/fsl_clock.o
 .debug_aranges
                0x000005d8       0x40 ./drivers/fsl_gpio.o
 .debug_aranges
                0x00000618      0x138 ./drivers/fsl_lpuart.o
 .debug_aranges
                0x00000750      0x188 ./drivers/fsl_uart.o
 .debug_aranges
                0x000008d8       0x30 ./device/system_MK22F51212.o
 .debug_aranges
                0x00000908       0x50 ./component/uart/fsl_adapter_uart.o
 .debug_aranges
                0x00000958       0x20 ./board/board.o
 .debug_aranges
                0x00000978       0x60 ./board/clock_config.o
 .debug_aranges
                0x000009d8       0x50 ./board/pin_mux.o

.debug_ranges   0x00000000      0x948
 .debug_ranges  0x00000000       0x10 ./utilities/fsl_assert.o
 .debug_ranges  0x00000010       0x68 ./utilities/fsl_debug_console.o
 .debug_ranges  0x00000078      0x2c0 ./startup/startup_mk22f51212.o
 .debug_ranges  0x00000338       0x38 ./source/hello_world.o
 .debug_ranges  0x00000370       0x10 ./source/semihost_hardfault.o
 .debug_ranges  0x00000380      0x1f8 ./drivers/fsl_clock.o
 .debug_ranges  0x00000578       0x30 ./drivers/fsl_gpio.o
 .debug_ranges  0x000005a8      0x128 ./drivers/fsl_lpuart.o
 .debug_ranges  0x000006d0      0x178 ./drivers/fsl_uart.o
 .debug_ranges  0x00000848       0x20 ./device/system_MK22F51212.o
 .debug_ranges  0x00000868       0x40 ./component/uart/fsl_adapter_uart.o
 .debug_ranges  0x000008a8       0x10 ./board/board.o
 .debug_ranges  0x000008b8       0x50 ./board/clock_config.o
 .debug_ranges  0x00000908       0x40 ./board/pin_mux.o

.debug_macro    0x00000000     0xdb95
 .debug_macro   0x00000000      0x123 ./utilities/fsl_assert.o
 .debug_macro   0x00000123      0xac6 ./utilities/fsl_assert.o
 .debug_macro   0x00000be9       0x10 ./utilities/fsl_assert.o
 .debug_macro   0x00000bf9       0x1c ./utilities/fsl_assert.o
 .debug_macro   0x00000c15       0x22 ./utilities/fsl_assert.o
 .debug_macro   0x00000c37      0x12e ./utilities/fsl_assert.o
 .debug_macro   0x00000d65      0x5b3 ./utilities/fsl_assert.o
 .debug_macro   0x00001318       0x22 ./utilities/fsl_assert.o
 .debug_macro   0x0000133a       0x10 ./utilities/fsl_assert.o
 .debug_macro   0x0000134a       0x57 ./utilities/fsl_assert.o
 .debug_macro   0x000013a1       0x1c ./utilities/fsl_assert.o
 .debug_macro   0x000013bd       0x22 ./utilities/fsl_assert.o
 .debug_macro   0x000013df       0xfb ./utilities/fsl_assert.o
 .debug_macro   0x000014da      0xeeb ./utilities/fsl_assert.o
 .debug_macro   0x000023c5       0x40 ./utilities/fsl_assert.o
 .debug_macro   0x00002405     0x8fa0 ./utilities/fsl_assert.o
 .debug_macro   0x0000b3a5     0x1287 ./utilities/fsl_assert.o
 .debug_macro   0x0000c62c       0x7a ./utilities/fsl_assert.o
 .debug_macro   0x0000c6a6       0xa8 ./utilities/fsl_assert.o
 .debug_macro   0x0000c74e      0x13c ./utilities/fsl_assert.o
 .debug_macro   0x0000c88a       0x1c ./utilities/fsl_assert.o
 .debug_macro   0x0000c8a6       0x1c ./utilities/fsl_assert.o
 .debug_macro   0x0000c8c2       0x22 ./utilities/fsl_assert.o
 .debug_macro   0x0000c8e4      0x149 ./utilities/fsl_debug_console.o
 .debug_macro   0x0000ca2d       0x16 ./utilities/fsl_debug_console.o
 .debug_macro   0x0000ca43       0x10 ./utilities/fsl_debug_console.o
 .debug_macro   0x0000ca53       0x28 ./utilities/fsl_debug_console.o
 .debug_macro   0x0000ca7b       0xc4 ./utilities/fsl_debug_console.o
 .debug_macro   0x0000cb3f       0x16 ./utilities/fsl_debug_console.o
 .debug_macro   0x0000cb55       0x16 ./utilities/fsl_debug_console.o
 .debug_macro   0x0000cb6b       0x46 ./utilities/fsl_debug_console.o
 .debug_macro   0x0000cbb1       0x29 ./startup/startup_mk22f51212.o
 .debug_macro   0x0000cbda      0x1ab ./source/hello_world.o
 .debug_macro   0x0000cd85       0xa0 ./source/hello_world.o
 .debug_macro   0x0000ce25       0x22 ./source/hello_world.o
 .debug_macro   0x0000ce47       0x16 ./source/hello_world.o
 .debug_macro   0x0000ce5d      0x1f4 ./source/hello_world.o
 .debug_macro   0x0000d051       0x11 ./source/semihost_hardfault.o
 .debug_macro   0x0000d062      0x1d8 ./drivers/fsl_clock.o
 .debug_macro   0x0000d23a      0x121 ./drivers/fsl_gpio.o
 .debug_macro   0x0000d35b       0x10 ./drivers/fsl_gpio.o
 .debug_macro   0x0000d36b      0x121 ./drivers/fsl_lpuart.o
 .debug_macro   0x0000d48c       0x10 ./drivers/fsl_lpuart.o
 .debug_macro   0x0000d49c      0x127 ./drivers/fsl_uart.o
 .debug_macro   0x0000d5c3       0x10 ./drivers/fsl_uart.o
 .debug_macro   0x0000d5d3       0x98 ./device/system_MK22F51212.o
 .debug_macro   0x0000d66b      0x11e ./component/uart/fsl_adapter_uart.o
 .debug_macro   0x0000d789       0x16 ./component/uart/fsl_adapter_uart.o
 .debug_macro   0x0000d79f      0x14a ./board/board.o
 .debug_macro   0x0000d8e9      0x153 ./board/clock_config.o
 .debug_macro   0x0000da3c       0x1c ./board/clock_config.o
 .debug_macro   0x0000da58      0x127 ./board/pin_mux.o
 .debug_macro   0x0000db7f       0x16 ./board/pin_mux.o

.debug_line     0x00000000     0x6ec0
 .debug_line    0x00000000      0x368 ./utilities/fsl_assert.o
 .debug_line    0x00000368      0xbfc ./utilities/fsl_debug_console.o
 .debug_line    0x00000f64      0x7f4 ./startup/startup_mk22f51212.o
 .debug_line    0x00001758      0x502 ./source/hello_world.o
 .debug_line    0x00001c5a       0x59 ./source/semihost_hardfault.o
 .debug_line    0x00001cb3     0x1537 ./drivers/fsl_clock.o
 .debug_line    0x000031ea      0x3f1 ./drivers/fsl_gpio.o
 .debug_line    0x000035db      0xfc4 ./drivers/fsl_lpuart.o
 .debug_line    0x0000459f     0x1361 ./drivers/fsl_uart.o
 .debug_line    0x00005900      0x3eb ./device/system_MK22F51212.o
 .debug_line    0x00005ceb      0x4f9 ./component/uart/fsl_adapter_uart.o
 .debug_line    0x000061e4      0x3c4 ./board/board.o
 .debug_line    0x000065a8      0x47d ./board/clock_config.o
 .debug_line    0x00006a25      0x49b ./board/pin_mux.o

.debug_str      0x00000000    0x5b0bb
 .debug_str     0x00000000    0x536e1 ./utilities/fsl_assert.o
                              0x5376f (size before relaxing)
 .debug_str     0x000536e1     0x1723 ./utilities/fsl_debug_console.o
                              0x54efc (size before relaxing)
 .debug_str     0x00054e04      0x6e6 ./startup/startup_mk22f51212.o
                               0x355d (size before relaxing)
 .debug_str     0x000554ea     0x13ed ./source/hello_world.o
                              0x55478 (size before relaxing)
 .debug_str     0x000568d7       0x1f ./source/semihost_hardfault.o
                               0x2e0d (size before relaxing)
 .debug_str     0x000568f6     0x1dc2 ./drivers/fsl_clock.o
                              0x55e2b (size before relaxing)
 .debug_str     0x000586b8      0x16c ./drivers/fsl_gpio.o
                              0x54160 (size before relaxing)
 .debug_str     0x00058824     0x1493 ./drivers/fsl_lpuart.o
                              0x557e8 (size before relaxing)
 .debug_str     0x00059cb7      0x919 ./drivers/fsl_uart.o
                              0x55697 (size before relaxing)
 .debug_str     0x0005a5d0      0x12a ./device/system_MK22F51212.o
                              0x51e28 (size before relaxing)
 .debug_str     0x0005a6fa       0xe9 ./component/uart/fsl_adapter_uart.o
                              0x54755 (size before relaxing)
 .debug_str     0x0005a7e3       0x37 ./board/board.o
                              0x545d1 (size before relaxing)
 .debug_str     0x0005a81a      0x442 ./board/clock_config.o
                              0x548ac (size before relaxing)
 .debug_str     0x0005ac5c      0x45f ./board/pin_mux.o
                              0x5422b (size before relaxing)

.comment        0x00000000       0x49
 .comment       0x00000000       0x49 ./utilities/fsl_assert.o
                                 0x4a (size before relaxing)
 .comment       0x00000049       0x4a ./utilities/fsl_debug_console.o
 .comment       0x00000049       0x4a ./startup/startup_mk22f51212.o
 .comment       0x00000049       0x4a ./source/hello_world.o
 .comment       0x00000049       0x4a ./source/semihost_hardfault.o
 .comment       0x00000049       0x4a ./drivers/fsl_clock.o
 .comment       0x00000049       0x4a ./drivers/fsl_gpio.o
 .comment       0x00000049       0x4a ./drivers/fsl_lpuart.o
 .comment       0x00000049       0x4a ./drivers/fsl_uart.o
 .comment       0x00000049       0x4a ./device/system_MK22F51212.o
 .comment       0x00000049       0x4a ./component/uart/fsl_adapter_uart.o
 .comment       0x00000049       0x4a ./board/board.o
 .comment       0x00000049       0x4a ./board/clock_config.o
 .comment       0x00000049       0x4a ./board/pin_mux.o
 .comment       0x00000049       0x4a d:/programs/mcuxpressoide_11.6.1_8255/ide/plugins/com.nxp.mcuxpresso.tools.win32_11.6.1.202207200623/tools/bin/../lib/gcc/arm-none-eabi/10.3.1/../../../../arm-none-eabi/lib/thumb/v7e-m+fp/hard\libcr_nohost_nf.a(_cr__main.o)
 .comment       0x00000049       0x4a d:/programs/mcuxpressoide_11.6.1_8255/ide/plugins/com.nxp.mcuxpresso.tools.win32_11.6.1.202207200623/tools/bin/../lib/gcc/arm-none-eabi/10.3.1/../../../../arm-none-eabi/lib/thumb/v7e-m+fp/hard\libcr_c.a(memcpy.o)
 .comment       0x00000049       0x4a d:/programs/mcuxpressoide_11.6.1_8255/ide/plugins/com.nxp.mcuxpresso.tools.win32_11.6.1.202207200623/tools/bin/../lib/gcc/arm-none-eabi/10.3.1/../../../../arm-none-eabi/lib/thumb/v7e-m+fp/hard\libcr_c.a(memset.o)
 .comment       0x00000049       0x4a d:/programs/mcuxpressoide_11.6.1_8255/ide/plugins/com.nxp.mcuxpresso.tools.win32_11.6.1.202207200623/tools/bin/../lib/gcc/arm-none-eabi/10.3.1/../../../../arm-none-eabi/lib/thumb/v7e-m+fp/hard\libcr_c.a(alloc.o)
 .comment       0x00000049       0x4a d:/programs/mcuxpressoide_11.6.1_8255/ide/plugins/com.nxp.mcuxpresso.tools.win32_11.6.1.202207200623/tools/bin/../lib/gcc/arm-none-eabi/10.3.1/../../../../arm-none-eabi/lib/thumb/v7e-m+fp/hard\libcr_c.a(initio.o)
 .comment       0x00000049       0x4a d:/programs/mcuxpressoide_11.6.1_8255/ide/plugins/com.nxp.mcuxpresso.tools.win32_11.6.1.202207200623/tools/bin/../lib/gcc/arm-none-eabi/10.3.1/../../../../arm-none-eabi/lib/thumb/v7e-m+fp/hard\libcr_c.a(setvbuf.o)
 .comment       0x00000049       0x4a d:/programs/mcuxpressoide_11.6.1_8255/ide/plugins/com.nxp.mcuxpresso.tools.win32_11.6.1.202207200623/tools/bin/../lib/gcc/arm-none-eabi/10.3.1/../../../../arm-none-eabi/lib/thumb/v7e-m+fp/hard\libcr_c.a(strlen.o)
 .comment       0x00000049       0x4a d:/programs/mcuxpressoide_11.6.1_8255/ide/plugins/com.nxp.mcuxpresso.tools.win32_11.6.1.202207200623/tools/bin/../lib/gcc/arm-none-eabi/10.3.1/../../../../arm-none-eabi/lib/thumb/v7e-m+fp/hard\libcr_c.a(_fdopen.o)
 .comment       0x00000049       0x4a d:/programs/mcuxpressoide_11.6.1_8255/ide/plugins/com.nxp.mcuxpresso.tools.win32_11.6.1.202207200623/tools/bin/../lib/gcc/arm-none-eabi/10.3.1/../../../../arm-none-eabi/lib/thumb/v7e-m+fp/hard\libcr_c.a(errno.o)
 .comment       0x00000049       0x4a d:/programs/mcuxpressoide_11.6.1_8255/ide/plugins/com.nxp.mcuxpresso.tools.win32_11.6.1.202207200623/tools/bin/../lib/gcc/arm-none-eabi/10.3.1/../../../../arm-none-eabi/lib/thumb/v7e-m+fp/hard\libcr_c.a(fclose.o)
 .comment       0x00000049       0x4a d:/programs/mcuxpressoide_11.6.1_8255/ide/plugins/com.nxp.mcuxpresso.tools.win32_11.6.1.202207200623/tools/bin/../lib/gcc/arm-none-eabi/10.3.1/../../../../arm-none-eabi/lib/thumb/v7e-m+fp/hard\libcr_c.a(fflush.o)
 .comment       0x00000049       0x4a d:/programs/mcuxpressoide_11.6.1_8255/ide/plugins/com.nxp.mcuxpresso.tools.win32_11.6.1.202207200623/tools/bin/../lib/gcc/arm-none-eabi/10.3.1/../../../../arm-none-eabi/lib/thumb/v7e-m+fp/hard\libcr_c.a(fseek.o)
 .comment       0x00000049       0x4a d:/programs/mcuxpressoide_11.6.1_8255/ide/plugins/com.nxp.mcuxpresso.tools.win32_11.6.1.202207200623/tools/bin/../lib/gcc/arm-none-eabi/10.3.1/../../../../arm-none-eabi/lib/thumb/v7e-m+fp/hard\libcr_c.a(ftell.o)
 .comment       0x00000049       0x4a d:/programs/mcuxpressoide_11.6.1_8255/ide/plugins/com.nxp.mcuxpresso.tools.win32_11.6.1.202207200623/tools/bin/../lib/gcc/arm-none-eabi/10.3.1/../../../../arm-none-eabi/lib/thumb/v7e-m+fp/hard\libcr_c.a(remove.o)
 .comment       0x00000049       0x4a d:/programs/mcuxpressoide_11.6.1_8255/ide/plugins/com.nxp.mcuxpresso.tools.win32_11.6.1.202207200623/tools/bin/../lib/gcc/arm-none-eabi/10.3.1/../../../../arm-none-eabi/lib/thumb/v7e-m+fp/hard\libcr_c.a(_do_fflush.o)
 .comment       0x00000049       0x4a d:/programs/mcuxpressoide_11.6.1_8255/ide/plugins/com.nxp.mcuxpresso.tools.win32_11.6.1.202207200623/tools/bin/../lib/gcc/arm-none-eabi/10.3.1/../../../../arm-none-eabi/lib/thumb/v7e-m+fp/hard\libcr_c.a(_fflush.o)
 .comment       0x00000049       0x4a d:/programs/mcuxpressoide_11.6.1_8255/ide/plugins/com.nxp.mcuxpresso.tools.win32_11.6.1.202207200623/tools/bin/../lib/gcc/arm-none-eabi/10.3.1/../../../../arm-none-eabi/lib/thumb/v7e-m+fp/hard\libcr_c.a(_writebuf.o)
 .comment       0x00000049       0x4a d:/programs/mcuxpressoide_11.6.1_8255/ide/plugins/com.nxp.mcuxpresso.tools.win32_11.6.1.202207200623/tools/bin/../lib/gcc/arm-none-eabi/10.3.1/../../../../arm-none-eabi/lib/thumb/v7e-m+fp/hard\libcr_c.a(_deferredlazyseek.o)
 .comment       0x00000049       0x4a d:/programs/mcuxpressoide_11.6.1_8255/ide/plugins/com.nxp.mcuxpresso.tools.win32_11.6.1.202207200623/tools/bin/../lib/gcc/arm-none-eabi/10.3.1/../../../../arm-none-eabi/lib/thumb/v7e-m+fp/hard\libcr_nohost_nf.a(__ciob.o)
 .comment       0x00000049       0x4a d:/programs/mcuxpressoide_11.6.1_8255/ide/plugins/com.nxp.mcuxpresso.tools.win32_11.6.1.202207200623/tools/bin/../lib/gcc/arm-none-eabi/10.3.1/../../../../arm-none-eabi/lib/thumb/v7e-m+fp/hard\libcr_nohost_nf.a(__sys_close.o)
 .comment       0x00000049       0x4a d:/programs/mcuxpressoide_11.6.1_8255/ide/plugins/com.nxp.mcuxpresso.tools.win32_11.6.1.202207200623/tools/bin/../lib/gcc/arm-none-eabi/10.3.1/../../../../arm-none-eabi/lib/thumb/v7e-m+fp/hard\libcr_nohost_nf.a(__sys_flen.o)
 .comment       0x00000049       0x4a d:/programs/mcuxpressoide_11.6.1_8255/ide/plugins/com.nxp.mcuxpresso.tools.win32_11.6.1.202207200623/tools/bin/../lib/gcc/arm-none-eabi/10.3.1/../../../../arm-none-eabi/lib/thumb/v7e-m+fp/hard\libcr_nohost_nf.a(__sys_istty.o)
 .comment       0x00000049       0x4a d:/programs/mcuxpressoide_11.6.1_8255/ide/plugins/com.nxp.mcuxpresso.tools.win32_11.6.1.202207200623/tools/bin/../lib/gcc/arm-none-eabi/10.3.1/../../../../arm-none-eabi/lib/thumb/v7e-m+fp/hard\libcr_nohost_nf.a(__sys_remove.o)
 .comment       0x00000049       0x4a d:/programs/mcuxpressoide_11.6.1_8255/ide/plugins/com.nxp.mcuxpresso.tools.win32_11.6.1.202207200623/tools/bin/../lib/gcc/arm-none-eabi/10.3.1/../../../../arm-none-eabi/lib/thumb/v7e-m+fp/hard\libcr_nohost_nf.a(__sys_seek.o)
 .comment       0x00000049       0x4a d:/programs/mcuxpressoide_11.6.1_8255/ide/plugins/com.nxp.mcuxpresso.tools.win32_11.6.1.202207200623/tools/bin/../lib/gcc/arm-none-eabi/10.3.1/../../../../arm-none-eabi/lib/thumb/v7e-m+fp/hard\libcr_nohost_nf.a(__sys_tmpnam.o)
 .comment       0x00000049       0x4a d:/programs/mcuxpressoide_11.6.1_8255/ide/plugins/com.nxp.mcuxpresso.tools.win32_11.6.1.202207200623/tools/bin/../lib/gcc/arm-none-eabi/10.3.1/../../../../arm-none-eabi/lib/thumb/v7e-m+fp/hard\libcr_nohost_nf.a(__sys_write.o)

.ARM.attributes
                0x00000000       0x32
 .ARM.attributes
                0x00000000       0x34 ./utilities/fsl_assert.o
 .ARM.attributes
                0x00000034       0x34 ./utilities/fsl_debug_console.o
 .ARM.attributes
                0x00000068       0x34 ./startup/startup_mk22f51212.o
 .ARM.attributes
                0x0000009c       0x34 ./source/hello_world.o
 .ARM.attributes
                0x000000d0       0x34 ./source/semihost_hardfault.o
 .ARM.attributes
                0x00000104       0x34 ./drivers/fsl_clock.o
 .ARM.attributes
                0x00000138       0x34 ./drivers/fsl_gpio.o
 .ARM.attributes
                0x0000016c       0x34 ./drivers/fsl_lpuart.o
 .ARM.attributes
                0x000001a0       0x34 ./drivers/fsl_uart.o
 .ARM.attributes
                0x000001d4       0x34 ./device/system_MK22F51212.o
 .ARM.attributes
                0x00000208       0x34 ./component/uart/fsl_adapter_uart.o
 .ARM.attributes
                0x0000023c       0x34 ./board/board.o
 .ARM.attributes
                0x00000270       0x34 ./board/clock_config.o
 .ARM.attributes
                0x000002a4       0x34 ./board/pin_mux.o
 .ARM.attributes
                0x000002d8       0x34 d:/programs/mcuxpressoide_11.6.1_8255/ide/plugins/com.nxp.mcuxpresso.tools.win32_11.6.1.202207200623/tools/bin/../lib/gcc/arm-none-eabi/10.3.1/../../../../arm-none-eabi/lib/thumb/v7e-m+fp/hard\libcr_nohost_nf.a(_cr__main.o)
 .ARM.attributes
                0x0000030c       0x34 d:/programs/mcuxpressoide_11.6.1_8255/ide/plugins/com.nxp.mcuxpresso.tools.win32_11.6.1.202207200623/tools/bin/../lib/gcc/arm-none-eabi/10.3.1/../../../../arm-none-eabi/lib/thumb/v7e-m+fp/hard\libcr_c.a(memcpy.o)
 .ARM.attributes
                0x00000340       0x34 d:/programs/mcuxpressoide_11.6.1_8255/ide/plugins/com.nxp.mcuxpresso.tools.win32_11.6.1.202207200623/tools/bin/../lib/gcc/arm-none-eabi/10.3.1/../../../../arm-none-eabi/lib/thumb/v7e-m+fp/hard\libcr_c.a(memset.o)
 .ARM.attributes
                0x00000374       0x34 d:/programs/mcuxpressoide_11.6.1_8255/ide/plugins/com.nxp.mcuxpresso.tools.win32_11.6.1.202207200623/tools/bin/../lib/gcc/arm-none-eabi/10.3.1/../../../../arm-none-eabi/lib/thumb/v7e-m+fp/hard\libcr_c.a(alloc.o)
 .ARM.attributes
                0x000003a8       0x34 d:/programs/mcuxpressoide_11.6.1_8255/ide/plugins/com.nxp.mcuxpresso.tools.win32_11.6.1.202207200623/tools/bin/../lib/gcc/arm-none-eabi/10.3.1/../../../../arm-none-eabi/lib/thumb/v7e-m+fp/hard\libcr_c.a(initio.o)
 .ARM.attributes
                0x000003dc       0x34 d:/programs/mcuxpressoide_11.6.1_8255/ide/plugins/com.nxp.mcuxpresso.tools.win32_11.6.1.202207200623/tools/bin/../lib/gcc/arm-none-eabi/10.3.1/../../../../arm-none-eabi/lib/thumb/v7e-m+fp/hard\libcr_c.a(setvbuf.o)
 .ARM.attributes
                0x00000410       0x34 d:/programs/mcuxpressoide_11.6.1_8255/ide/plugins/com.nxp.mcuxpresso.tools.win32_11.6.1.202207200623/tools/bin/../lib/gcc/arm-none-eabi/10.3.1/../../../../arm-none-eabi/lib/thumb/v7e-m+fp/hard\libcr_c.a(strlen.o)
 .ARM.attributes
                0x00000444       0x34 d:/programs/mcuxpressoide_11.6.1_8255/ide/plugins/com.nxp.mcuxpresso.tools.win32_11.6.1.202207200623/tools/bin/../lib/gcc/arm-none-eabi/10.3.1/../../../../arm-none-eabi/lib/thumb/v7e-m+fp/hard\libcr_c.a(_fdopen.o)
 .ARM.attributes
                0x00000478       0x34 d:/programs/mcuxpressoide_11.6.1_8255/ide/plugins/com.nxp.mcuxpresso.tools.win32_11.6.1.202207200623/tools/bin/../lib/gcc/arm-none-eabi/10.3.1/../../../../arm-none-eabi/lib/thumb/v7e-m+fp/hard\libcr_c.a(errno.o)
 .ARM.attributes
                0x000004ac       0x34 d:/programs/mcuxpressoide_11.6.1_8255/ide/plugins/com.nxp.mcuxpresso.tools.win32_11.6.1.202207200623/tools/bin/../lib/gcc/arm-none-eabi/10.3.1/../../../../arm-none-eabi/lib/thumb/v7e-m+fp/hard\libcr_c.a(fclose.o)
 .ARM.attributes
                0x000004e0       0x34 d:/programs/mcuxpressoide_11.6.1_8255/ide/plugins/com.nxp.mcuxpresso.tools.win32_11.6.1.202207200623/tools/bin/../lib/gcc/arm-none-eabi/10.3.1/../../../../arm-none-eabi/lib/thumb/v7e-m+fp/hard\libcr_c.a(fflush.o)
 .ARM.attributes
                0x00000514       0x34 d:/programs/mcuxpressoide_11.6.1_8255/ide/plugins/com.nxp.mcuxpresso.tools.win32_11.6.1.202207200623/tools/bin/../lib/gcc/arm-none-eabi/10.3.1/../../../../arm-none-eabi/lib/thumb/v7e-m+fp/hard\libcr_c.a(fseek.o)
 .ARM.attributes
                0x00000548       0x34 d:/programs/mcuxpressoide_11.6.1_8255/ide/plugins/com.nxp.mcuxpresso.tools.win32_11.6.1.202207200623/tools/bin/../lib/gcc/arm-none-eabi/10.3.1/../../../../arm-none-eabi/lib/thumb/v7e-m+fp/hard\libcr_c.a(ftell.o)
 .ARM.attributes
                0x0000057c       0x34 d:/programs/mcuxpressoide_11.6.1_8255/ide/plugins/com.nxp.mcuxpresso.tools.win32_11.6.1.202207200623/tools/bin/../lib/gcc/arm-none-eabi/10.3.1/../../../../arm-none-eabi/lib/thumb/v7e-m+fp/hard\libcr_c.a(remove.o)
 .ARM.attributes
                0x000005b0       0x34 d:/programs/mcuxpressoide_11.6.1_8255/ide/plugins/com.nxp.mcuxpresso.tools.win32_11.6.1.202207200623/tools/bin/../lib/gcc/arm-none-eabi/10.3.1/../../../../arm-none-eabi/lib/thumb/v7e-m+fp/hard\libcr_c.a(_do_fflush.o)
 .ARM.attributes
                0x000005e4       0x34 d:/programs/mcuxpressoide_11.6.1_8255/ide/plugins/com.nxp.mcuxpresso.tools.win32_11.6.1.202207200623/tools/bin/../lib/gcc/arm-none-eabi/10.3.1/../../../../arm-none-eabi/lib/thumb/v7e-m+fp/hard\libcr_c.a(_fflush.o)
 .ARM.attributes
                0x00000618       0x34 d:/programs/mcuxpressoide_11.6.1_8255/ide/plugins/com.nxp.mcuxpresso.tools.win32_11.6.1.202207200623/tools/bin/../lib/gcc/arm-none-eabi/10.3.1/../../../../arm-none-eabi/lib/thumb/v7e-m+fp/hard\libcr_c.a(_writebuf.o)
 .ARM.attributes
                0x0000064c       0x34 d:/programs/mcuxpressoide_11.6.1_8255/ide/plugins/com.nxp.mcuxpresso.tools.win32_11.6.1.202207200623/tools/bin/../lib/gcc/arm-none-eabi/10.3.1/../../../../arm-none-eabi/lib/thumb/v7e-m+fp/hard\libcr_c.a(_deferredlazyseek.o)
 .ARM.attributes
                0x00000680       0x20 d:/programs/mcuxpressoide_11.6.1_8255/ide/plugins/com.nxp.mcuxpresso.tools.win32_11.6.1.202207200623/tools/bin/../lib/gcc/arm-none-eabi/10.3.1/thumb/v7e-m+fp/hard\libcr_eabihelpers.a(memcpy.o)
 .ARM.attributes
                0x000006a0       0x34 d:/programs/mcuxpressoide_11.6.1_8255/ide/plugins/com.nxp.mcuxpresso.tools.win32_11.6.1.202207200623/tools/bin/../lib/gcc/arm-none-eabi/10.3.1/../../../../arm-none-eabi/lib/thumb/v7e-m+fp/hard\libcr_nohost_nf.a(__ciob.o)
 .ARM.attributes
                0x000006d4       0x34 d:/programs/mcuxpressoide_11.6.1_8255/ide/plugins/com.nxp.mcuxpresso.tools.win32_11.6.1.202207200623/tools/bin/../lib/gcc/arm-none-eabi/10.3.1/../../../../arm-none-eabi/lib/thumb/v7e-m+fp/hard\libcr_nohost_nf.a(__sys_close.o)
 .ARM.attributes
                0x00000708       0x34 d:/programs/mcuxpressoide_11.6.1_8255/ide/plugins/com.nxp.mcuxpresso.tools.win32_11.6.1.202207200623/tools/bin/../lib/gcc/arm-none-eabi/10.3.1/../../../../arm-none-eabi/lib/thumb/v7e-m+fp/hard\libcr_nohost_nf.a(__sys_flen.o)
 .ARM.attributes
                0x0000073c       0x34 d:/programs/mcuxpressoide_11.6.1_8255/ide/plugins/com.nxp.mcuxpresso.tools.win32_11.6.1.202207200623/tools/bin/../lib/gcc/arm-none-eabi/10.3.1/../../../../arm-none-eabi/lib/thumb/v7e-m+fp/hard\libcr_nohost_nf.a(__sys_istty.o)
 .ARM.attributes
                0x00000770       0x34 d:/programs/mcuxpressoide_11.6.1_8255/ide/plugins/com.nxp.mcuxpresso.tools.win32_11.6.1.202207200623/tools/bin/../lib/gcc/arm-none-eabi/10.3.1/../../../../arm-none-eabi/lib/thumb/v7e-m+fp/hard\libcr_nohost_nf.a(__sys_remove.o)
 .ARM.attributes
                0x000007a4       0x34 d:/programs/mcuxpressoide_11.6.1_8255/ide/plugins/com.nxp.mcuxpresso.tools.win32_11.6.1.202207200623/tools/bin/../lib/gcc/arm-none-eabi/10.3.1/../../../../arm-none-eabi/lib/thumb/v7e-m+fp/hard\libcr_nohost_nf.a(__sys_seek.o)
 .ARM.attributes
                0x000007d8       0x34 d:/programs/mcuxpressoide_11.6.1_8255/ide/plugins/com.nxp.mcuxpresso.tools.win32_11.6.1.202207200623/tools/bin/../lib/gcc/arm-none-eabi/10.3.1/../../../../arm-none-eabi/lib/thumb/v7e-m+fp/hard\libcr_nohost_nf.a(__sys_tmpnam.o)
 .ARM.attributes
                0x0000080c       0x34 d:/programs/mcuxpressoide_11.6.1_8255/ide/plugins/com.nxp.mcuxpresso.tools.win32_11.6.1.202207200623/tools/bin/../lib/gcc/arm-none-eabi/10.3.1/../../../../arm-none-eabi/lib/thumb/v7e-m+fp/hard\libcr_nohost_nf.a(__sys_write.o)

.debug_frame    0x00000000     0x2484
 .debug_frame   0x00000000       0x30 ./utilities/fsl_assert.o
 .debug_frame   0x00000030      0x1f8 ./utilities/fsl_debug_console.o
 .debug_frame   0x00000228      0x7dc ./startup/startup_mk22f51212.o
 .debug_frame   0x00000a04       0xe4 ./source/hello_world.o
 .debug_frame   0x00000ae8       0x20 ./source/semihost_hardfault.o
 .debug_frame   0x00000b08      0x8c8 ./drivers/fsl_clock.o
 .debug_frame   0x000013d0       0xc8 ./drivers/fsl_gpio.o
 .debug_frame   0x00001498      0x54c ./drivers/fsl_lpuart.o
 .debug_frame   0x000019e4      0x6a4 ./drivers/fsl_uart.o
 .debug_frame   0x00002088       0x74 ./device/system_MK22F51212.o
 .debug_frame   0x000020fc      0x110 ./component/uart/fsl_adapter_uart.o
 .debug_frame   0x0000220c       0x34 ./board/board.o
 .debug_frame   0x00002240      0x140 ./board/clock_config.o
 .debug_frame   0x00002380      0x104 ./board/pin_mux.o

Cross Reference Table

Symbol                                            File
ADC0_DriverIRQHandler                             ./startup/startup_mk22f51212.o
ADC0_IRQHandler                                   ./startup/startup_mk22f51212.o
ADC1_DriverIRQHandler                             ./startup/startup_mk22f51212.o
ADC1_IRQHandler                                   ./startup/startup_mk22f51212.o
BOARD_BootClockHSRUN                              ./board/clock_config.o
BOARD_BootClockRUN                                ./board/clock_config.o
BOARD_BootClockVLPR                               ./board/clock_config.o
BOARD_InitBootClocks                              ./board/clock_config.o
                                                  ./source/hello_world.o
BOARD_InitBootPins                                ./board/pin_mux.o
                                                  ./source/hello_world.o
BOARD_InitDebugConsole                            ./board/board.o
                                                  ./source/hello_world.o
BOARD_InitPins                                    ./board/pin_mux.o
BusFault_Handler                                  ./startup/startup_mk22f51212.o
CLOCK_BootToBlpeMode                              ./drivers/fsl_clock.o
CLOCK_BootToBlpiMode                              ./drivers/fsl_clock.o
                                                  ./board/clock_config.o
CLOCK_BootToFeeMode                               ./drivers/fsl_clock.o
CLOCK_BootToFeiMode                               ./drivers/fsl_clock.o
CLOCK_BootToPeeMode                               ./drivers/fsl_clock.o
                                                  ./board/clock_config.o
CLOCK_CalcPllDiv                                  ./drivers/fsl_clock.o
CLOCK_ClearStatusFlags                            ./drivers/fsl_clock.o
CLOCK_DeinitOsc0                                  ./drivers/fsl_clock.o
CLOCK_EnablePll0                                  ./drivers/fsl_clock.o
CLOCK_EnableUsbfs0Clock                           ./drivers/fsl_clock.o
CLOCK_ExternalModeToFbeModeQuick                  ./drivers/fsl_clock.o
CLOCK_GetBusClkFreq                               ./drivers/fsl_clock.o
CLOCK_GetCoreSysClkFreq                           ./drivers/fsl_clock.o
                                                  ./board/board.o
CLOCK_GetEr32kClkFreq                             ./drivers/fsl_clock.o
CLOCK_GetFixedFreqClkFreq                         ./drivers/fsl_clock.o
CLOCK_GetFlashClkFreq                             ./drivers/fsl_clock.o
CLOCK_GetFlexBusClkFreq                           ./drivers/fsl_clock.o
CLOCK_GetFllFreq                                  ./drivers/fsl_clock.o
CLOCK_GetFreq                                     ./drivers/fsl_clock.o
CLOCK_GetInternalRefClkFreq                       ./drivers/fsl_clock.o
CLOCK_GetMode                                     ./drivers/fsl_clock.o
CLOCK_GetOsc0ErClkDivFreq                         ./drivers/fsl_clock.o
CLOCK_GetOsc0ErClkFreq                            ./drivers/fsl_clock.o
CLOCK_GetOsc0ErClkUndivFreq                       ./drivers/fsl_clock.o
CLOCK_GetOutClkFreq                               ./drivers/fsl_clock.o
CLOCK_GetPlatClkFreq                              ./drivers/fsl_clock.o
CLOCK_GetPll0Freq                                 ./drivers/fsl_clock.o
CLOCK_GetPllFllSelClkFreq                         ./drivers/fsl_clock.o
CLOCK_GetStatusFlags                              ./drivers/fsl_clock.o
CLOCK_InitOsc0                                    ./drivers/fsl_clock.o
                                                  ./board/clock_config.o
CLOCK_InternalModeToFbiModeQuick                  ./drivers/fsl_clock.o
CLOCK_SetBlpeMode                                 ./drivers/fsl_clock.o
CLOCK_SetBlpiMode                                 ./drivers/fsl_clock.o
CLOCK_SetExternalRefClkConfig                     ./drivers/fsl_clock.o
CLOCK_SetFastIrcFreq                              ./drivers/fsl_clock.o
CLOCK_SetFbeMode                                  ./drivers/fsl_clock.o
CLOCK_SetFbiMode                                  ./drivers/fsl_clock.o
CLOCK_SetFeeMode                                  ./drivers/fsl_clock.o
CLOCK_SetFeiMode                                  ./drivers/fsl_clock.o
CLOCK_SetInternalRefClkConfig                     ./drivers/fsl_clock.o
                                                  ./board/clock_config.o
CLOCK_SetMcgConfig                                ./drivers/fsl_clock.o
CLOCK_SetOsc0MonitorMode                          ./drivers/fsl_clock.o
CLOCK_SetPbeMode                                  ./drivers/fsl_clock.o
CLOCK_SetPeeMode                                  ./drivers/fsl_clock.o
CLOCK_SetPll0MonitorMode                          ./drivers/fsl_clock.o
CLOCK_SetRtcOscMonitorMode                        ./drivers/fsl_clock.o
CLOCK_SetSimConfig                                ./drivers/fsl_clock.o
                                                  ./board/clock_config.o
CLOCK_SetSlowIrcFreq                              ./drivers/fsl_clock.o
CLOCK_TrimInternalRefClk                          ./drivers/fsl_clock.o
CMP0_DriverIRQHandler                             ./startup/startup_mk22f51212.o
CMP0_IRQHandler                                   ./startup/startup_mk22f51212.o
CMP1_DriverIRQHandler                             ./startup/startup_mk22f51212.o
CMP1_IRQHandler                                   ./startup/startup_mk22f51212.o
DAC0_DriverIRQHandler                             ./startup/startup_mk22f51212.o
DAC0_IRQHandler                                   ./startup/startup_mk22f51212.o
DAC1_DriverIRQHandler                             ./startup/startup_mk22f51212.o
DAC1_IRQHandler                                   ./startup/startup_mk22f51212.o
DMA0_DriverIRQHandler                             ./startup/startup_mk22f51212.o
DMA0_IRQHandler                                   ./startup/startup_mk22f51212.o
DMA10_DriverIRQHandler                            ./startup/startup_mk22f51212.o
DMA10_IRQHandler                                  ./startup/startup_mk22f51212.o
DMA11_DriverIRQHandler                            ./startup/startup_mk22f51212.o
DMA11_IRQHandler                                  ./startup/startup_mk22f51212.o
DMA12_DriverIRQHandler                            ./startup/startup_mk22f51212.o
DMA12_IRQHandler                                  ./startup/startup_mk22f51212.o
DMA13_DriverIRQHandler                            ./startup/startup_mk22f51212.o
DMA13_IRQHandler                                  ./startup/startup_mk22f51212.o
DMA14_DriverIRQHandler                            ./startup/startup_mk22f51212.o
DMA14_IRQHandler                                  ./startup/startup_mk22f51212.o
DMA15_DriverIRQHandler                            ./startup/startup_mk22f51212.o
DMA15_IRQHandler                                  ./startup/startup_mk22f51212.o
DMA1_DriverIRQHandler                             ./startup/startup_mk22f51212.o
DMA1_IRQHandler                                   ./startup/startup_mk22f51212.o
DMA2_DriverIRQHandler                             ./startup/startup_mk22f51212.o
DMA2_IRQHandler                                   ./startup/startup_mk22f51212.o
DMA3_DriverIRQHandler                             ./startup/startup_mk22f51212.o
DMA3_IRQHandler                                   ./startup/startup_mk22f51212.o
DMA4_DriverIRQHandler                             ./startup/startup_mk22f51212.o
DMA4_IRQHandler                                   ./startup/startup_mk22f51212.o
DMA5_DriverIRQHandler                             ./startup/startup_mk22f51212.o
DMA5_IRQHandler                                   ./startup/startup_mk22f51212.o
DMA6_DriverIRQHandler                             ./startup/startup_mk22f51212.o
DMA6_IRQHandler                                   ./startup/startup_mk22f51212.o
DMA7_DriverIRQHandler                             ./startup/startup_mk22f51212.o
DMA7_IRQHandler                                   ./startup/startup_mk22f51212.o
DMA8_DriverIRQHandler                             ./startup/startup_mk22f51212.o
DMA8_IRQHandler                                   ./startup/startup_mk22f51212.o
DMA9_DriverIRQHandler                             ./startup/startup_mk22f51212.o
DMA9_IRQHandler                                   ./startup/startup_mk22f51212.o
DMA_Error_DriverIRQHandler                        ./startup/startup_mk22f51212.o
DMA_Error_IRQHandler                              ./startup/startup_mk22f51212.o
DbgConsole_Deinit                                 ./utilities/fsl_debug_console.o
DbgConsole_Getchar                                ./utilities/fsl_debug_console.o
DbgConsole_Init                                   ./utilities/fsl_debug_console.o
                                                  ./board/board.o
DbgConsole_Printf                                 ./utilities/fsl_debug_console.o
                                                  ./source/hello_world.o
                                                  ./utilities/fsl_assert.o
DbgConsole_Putchar                                ./utilities/fsl_debug_console.o
DbgConsole_Scanf                                  ./utilities/fsl_debug_console.o
DbgConsole_Vprintf                                ./utilities/fsl_debug_console.o
DebugMon_Handler                                  ./startup/startup_mk22f51212.o
FTF_DriverIRQHandler                              ./startup/startup_mk22f51212.o
FTF_IRQHandler                                    ./startup/startup_mk22f51212.o
FTM0_DriverIRQHandler                             ./startup/startup_mk22f51212.o
FTM0_IRQHandler                                   ./startup/startup_mk22f51212.o
FTM1_DriverIRQHandler                             ./startup/startup_mk22f51212.o
FTM1_IRQHandler                                   ./startup/startup_mk22f51212.o
FTM2_DriverIRQHandler                             ./startup/startup_mk22f51212.o
FTM2_IRQHandler                                   ./startup/startup_mk22f51212.o
FTM3_DriverIRQHandler                             ./startup/startup_mk22f51212.o
FTM3_IRQHandler                                   ./startup/startup_mk22f51212.o
Flash_Config                                      ./startup/startup_mk22f51212.o
GPIO_PinInit                                      ./drivers/fsl_gpio.o
                                                  ./board/pin_mux.o
GPIO_PortClearInterruptFlags                      ./drivers/fsl_gpio.o
GPIO_PortGetInterruptFlags                        ./drivers/fsl_gpio.o
HAL_UartDeinit                                    ./component/uart/fsl_adapter_uart.o
                                                  ./utilities/fsl_debug_console.o
HAL_UartEnterLowpower                             ./component/uart/fsl_adapter_uart.o
HAL_UartExitLowpower                              ./component/uart/fsl_adapter_uart.o
HAL_UartInit                                      ./component/uart/fsl_adapter_uart.o
                                                  ./utilities/fsl_debug_console.o
HAL_UartReceiveBlocking                           ./component/uart/fsl_adapter_uart.o
                                                  ./utilities/fsl_debug_console.o
HAL_UartSendBlocking                              ./component/uart/fsl_adapter_uart.o
                                                  ./utilities/fsl_debug_console.o
HardFault_Handler                                 ./source/semihost_hardfault.o
                                                  ./startup/startup_mk22f51212.o
I2C0_DriverIRQHandler                             ./startup/startup_mk22f51212.o
I2C0_IRQHandler                                   ./startup/startup_mk22f51212.o
I2C1_DriverIRQHandler                             ./startup/startup_mk22f51212.o
I2C1_IRQHandler                                   ./startup/startup_mk22f51212.o
I2S0_Rx_DriverIRQHandler                          ./startup/startup_mk22f51212.o
I2S0_Rx_IRQHandler                                ./startup/startup_mk22f51212.o
I2S0_Tx_DriverIRQHandler                          ./startup/startup_mk22f51212.o
I2S0_Tx_IRQHandler                                ./startup/startup_mk22f51212.o
IntDefaultHandler                                 ./startup/startup_mk22f51212.o
LIST_AddHead                                      ./component/lists/fsl_component_generic_list.o
LIST_AddPrevElement                               ./component/lists/fsl_component_generic_list.o
LIST_AddTail                                      ./component/lists/fsl_component_generic_list.o
LIST_GetAvailableSize                             ./component/lists/fsl_component_generic_list.o
LIST_GetHead                                      ./component/lists/fsl_component_generic_list.o
LIST_GetList                                      ./component/lists/fsl_component_generic_list.o
LIST_GetNext                                      ./component/lists/fsl_component_generic_list.o
LIST_GetPrev                                      ./component/lists/fsl_component_generic_list.o
LIST_GetSize                                      ./component/lists/fsl_component_generic_list.o
LIST_Init                                         ./component/lists/fsl_component_generic_list.o
LIST_RemoveElement                                ./component/lists/fsl_component_generic_list.o
LIST_RemoveHead                                   ./component/lists/fsl_component_generic_list.o
LLWU_DriverIRQHandler                             ./startup/startup_mk22f51212.o
LLWU_IRQHandler                                   ./startup/startup_mk22f51212.o
LPTMR0_DriverIRQHandler                           ./startup/startup_mk22f51212.o
LPTMR0_IRQHandler                                 ./startup/startup_mk22f51212.o
LPUART0_DriverIRQHandler                          ./drivers/fsl_lpuart.o
                                                  ./startup/startup_mk22f51212.o
LPUART0_IRQHandler                                ./startup/startup_mk22f51212.o
LPUART_ClearStatusFlags                           ./drivers/fsl_lpuart.o
LPUART_Deinit                                     ./drivers/fsl_lpuart.o
LPUART_DisableInterrupts                          ./drivers/fsl_lpuart.o
LPUART_Enable9bitMode                             ./drivers/fsl_lpuart.o
LPUART_EnableInterrupts                           ./drivers/fsl_lpuart.o
LPUART_GetDefaultConfig                           ./drivers/fsl_lpuart.o
LPUART_GetEnabledInterrupts                       ./drivers/fsl_lpuart.o
LPUART_GetInstance                                ./drivers/fsl_lpuart.o
LPUART_GetStatusFlags                             ./drivers/fsl_lpuart.o
LPUART_Init                                       ./drivers/fsl_lpuart.o
LPUART_ReadBlocking                               ./drivers/fsl_lpuart.o
LPUART_SendAddress                                ./drivers/fsl_lpuart.o
LPUART_SetBaudRate                                ./drivers/fsl_lpuart.o
LPUART_TransferAbortReceive                       ./drivers/fsl_lpuart.o
LPUART_TransferAbortSend                          ./drivers/fsl_lpuart.o
LPUART_TransferCreateHandle                       ./drivers/fsl_lpuart.o
LPUART_TransferGetReceiveCount                    ./drivers/fsl_lpuart.o
LPUART_TransferGetRxRingBufferLength              ./drivers/fsl_lpuart.o
LPUART_TransferGetSendCount                       ./drivers/fsl_lpuart.o
LPUART_TransferHandleErrorIRQ                     ./drivers/fsl_lpuart.o
LPUART_TransferHandleIRQ                          ./drivers/fsl_lpuart.o
LPUART_TransferReceiveNonBlocking                 ./drivers/fsl_lpuart.o
LPUART_TransferSendNonBlocking                    ./drivers/fsl_lpuart.o
LPUART_TransferStartRingBuffer                    ./drivers/fsl_lpuart.o
LPUART_TransferStopRingBuffer                     ./drivers/fsl_lpuart.o
LPUART_WriteBlocking                              ./drivers/fsl_lpuart.o
LSCAN_CAM                                         ./board/pin_mux.o
LSCAN_CAM_deinit                                  ./board/pin_mux.o
LVD_LVW_DriverIRQHandler                          ./startup/startup_mk22f51212.o
LVD_LVW_IRQHandler                                ./startup/startup_mk22f51212.o
MCG_DriverIRQHandler                              ./startup/startup_mk22f51212.o
MCG_IRQHandler                                    ./startup/startup_mk22f51212.o
MCM_DriverIRQHandler                              ./startup/startup_mk22f51212.o
MCM_IRQHandler                                    ./startup/startup_mk22f51212.o
MemManage_Handler                                 ./startup/startup_mk22f51212.o
NMI_Handler                                       ./startup/startup_mk22f51212.o
PDB0_DriverIRQHandler                             ./startup/startup_mk22f51212.o